Component: ARM Compiler 5.06 update 7 (build 960) Tool: armlink [4d3601]

==============================================================================

Section Cross References

    startup_stm32f407xx.o(STACK) refers (Special) to heapauxi.o(.text) for __use_two_region_memory
    startup_stm32f407xx.o(HEAP) refers (Special) to heapauxi.o(.text) for __use_two_region_memory
    startup_stm32f407xx.o(RESET) refers (Special) to heapauxi.o(.text) for __use_two_region_memory
    startup_stm32f407xx.o(RESET) refers to startup_stm32f407xx.o(STACK) for __initial_sp
    startup_stm32f407xx.o(RESET) refers to startup_stm32f407xx.o(.text) for Reset_Handler
    startup_stm32f407xx.o(RESET) refers to stm32f4xx_it.o(i.NMI_Handler) for NMI_Handler
    startup_stm32f407xx.o(RESET) refers to stm32f4xx_it.o(i.HardFault_Handler) for HardFault_Handler
    startup_stm32f407xx.o(RESET) refers to stm32f4xx_it.o(i.MemManage_Handler) for MemManage_Handler
    startup_stm32f407xx.o(RESET) refers to stm32f4xx_it.o(i.BusFault_Handler) for BusFault_Handler
    startup_stm32f407xx.o(RESET) refers to stm32f4xx_it.o(i.UsageFault_Handler) for UsageFault_Handler
    startup_stm32f407xx.o(RESET) refers to stm32f4xx_it.o(i.SVC_Handler) for SVC_Handler
    startup_stm32f407xx.o(RESET) refers to stm32f4xx_it.o(i.DebugMon_Handler) for DebugMon_Handler
    startup_stm32f407xx.o(RESET) refers to stm32f4xx_it.o(i.PendSV_Handler) for PendSV_Handler
    startup_stm32f407xx.o(RESET) refers to stm32f4xx_it.o(i.SysTick_Handler) for SysTick_Handler
    startup_stm32f407xx.o(RESET) refers to stm32f4xx_it.o(i.DMA1_Stream5_IRQHandler) for DMA1_Stream5_IRQHandler
    startup_stm32f407xx.o(RESET) refers to stm32f4xx_it.o(i.USART1_IRQHandler) for USART1_IRQHandler
    startup_stm32f407xx.o(RESET) refers to stm32f4xx_it.o(i.USART2_IRQHandler) for USART2_IRQHandler
    startup_stm32f407xx.o(RESET) refers to stm32f4xx_it.o(i.USART3_IRQHandler) for USART3_IRQHandler
    startup_stm32f407xx.o(RESET) refers to stm32f4xx_it.o(i.DMA2_Stream0_IRQHandler) for DMA2_Stream0_IRQHandler
    startup_stm32f407xx.o(.text) refers (Special) to heapauxi.o(.text) for __use_two_region_memory
    startup_stm32f407xx.o(.text) refers to system_stm32f4xx.o(i.SystemInit) for SystemInit
    startup_stm32f407xx.o(.text) refers to __main.o(!!!main) for __main
    startup_stm32f407xx.o(.text) refers to startup_stm32f407xx.o(HEAP) for Heap_Mem
    startup_stm32f407xx.o(.text) refers to startup_stm32f407xx.o(STACK) for Stack_Mem
    main.o(i.Start_ADC_DAC_DMA) refers to stm32f4xx_hal_adc.o(i.HAL_ADC_Start_DMA) for HAL_ADC_Start_DMA
    main.o(i.Start_ADC_DAC_DMA) refers to my_usart_1.o(i.my_printf) for my_printf
    main.o(i.Start_ADC_DAC_DMA) refers to stm32f4xx_hal_dac.o(i.HAL_DAC_Start_DMA) for HAL_DAC_Start_DMA
    main.o(i.Start_ADC_DAC_DMA) refers to stm32f4xx_hal_adc.o(i.HAL_ADC_Stop_DMA) for HAL_ADC_Stop_DMA
    main.o(i.Start_ADC_DAC_DMA) refers to main.o(.bss) for .bss
    main.o(i.Start_ADC_DAC_DMA) refers to adc.o(.bss) for hadc1
    main.o(i.Start_ADC_DAC_DMA) refers to usart.o(.bss) for huart2
    main.o(i.Start_ADC_DAC_DMA) refers to dac.o(.bss) for hdac
    main.o(i.Start_ADC_DAC_DMA) refers to main.o(.data) for .data
    main.o(i.Stop_ADC_DAC_DMA) refers to stm32f4xx_hal_adc.o(i.HAL_ADC_Stop_DMA) for HAL_ADC_Stop_DMA
    main.o(i.Stop_ADC_DAC_DMA) refers to stm32f4xx_hal_dac.o(i.HAL_DAC_Stop_DMA) for HAL_DAC_Stop_DMA
    main.o(i.Stop_ADC_DAC_DMA) refers to my_usart_1.o(i.my_printf) for my_printf
    main.o(i.Stop_ADC_DAC_DMA) refers to adc.o(.bss) for hadc1
    main.o(i.Stop_ADC_DAC_DMA) refers to dac.o(.bss) for hdac
    main.o(i.Stop_ADC_DAC_DMA) refers to usart.o(.bss) for huart2
    main.o(i.Stop_ADC_DAC_DMA) refers to main.o(.data) for .data
    main.o(i.SystemClock_Config) refers to rt_memclr_w.o(.text) for __aeabi_memclr4
    main.o(i.SystemClock_Config) refers to stm32f4xx_hal_rcc.o(i.HAL_RCC_OscConfig) for HAL_RCC_OscConfig
    main.o(i.SystemClock_Config) refers to stm32f4xx_hal_rcc.o(i.HAL_RCC_ClockConfig) for HAL_RCC_ClockConfig
    main.o(i.main) refers to stm32f4xx_hal.o(i.HAL_Init) for HAL_Init
    main.o(i.main) refers to main.o(i.SystemClock_Config) for SystemClock_Config
    main.o(i.main) refers to gpio.o(i.MX_GPIO_Init) for MX_GPIO_Init
    main.o(i.main) refers to dma.o(i.MX_DMA_Init) for MX_DMA_Init
    main.o(i.main) refers to adc.o(i.MX_ADC1_Init) for MX_ADC1_Init
    main.o(i.main) refers to usart.o(i.MX_USART2_UART_Init) for MX_USART2_UART_Init
    main.o(i.main) refers to dac.o(i.MX_DAC_Init) for MX_DAC_Init
    main.o(i.main) refers to tim.o(i.MX_TIM2_Init) for MX_TIM2_Init
    main.o(i.main) refers to usart.o(i.MX_USART1_UART_Init) for MX_USART1_UART_Init
    main.o(i.main) refers to usart.o(i.MX_USART3_UART_Init) for MX_USART3_UART_Init
    main.o(i.main) refers to stm32f4xx_hal_tim.o(i.HAL_TIM_Base_Start) for HAL_TIM_Base_Start
    main.o(i.main) refers to stm32f4xx_hal_dac.o(i.HAL_DAC_Start) for HAL_DAC_Start
[...]
    i.HAL_UART_Transmit                      0x080039fc   Section        0  stm32f4xx_hal_uart.o(i.HAL_UART_Transmit)
    i.HAL_UART_TxCpltCallback                0x08003a9c   Section        0  stm32f4xx_hal_uart.o(i.HAL_UART_TxCpltCallback)
    i.HardFault_Handler                      0x08003a9e   Section        0  stm32f4xx_it.o(i.HardFault_Handler)
    i.MX_ADC1_Init                           0x08003aa0   Section        0  adc.o(i.MX_ADC1_Init)
    i.MX_DAC_Init                            0x08003b00   Section        0  dac.o(i.MX_DAC_Init)
    i.MX_DMA_Init                            0x08003b3c   Section        0  dma.o(i.MX_DMA_Init)
    i.MX_GPIO_Init                           0x08003b88   Section        0  gpio.o(i.MX_GPIO_Init)
    i.MX_TIM2_Init                           0x08003bc4   Section        0  tim.o(i.MX_TIM2_Init)
    i.MX_USART1_UART_Init                    0x08003c2c   Section        0  usart.o(i.MX_USART1_UART_Init)
    i.MX_USART2_UART_Init                    0x08003c64   Section        0  usart.o(i.MX_USART2_UART_Init)
    i.MX_USART3_UART_Init                    0x08003c9c   Section        0  usart.o(i.MX_USART3_UART_Init)
    i.MemManage_Handler                      0x08003cd4   Section        0  stm32f4xx_it.o(i.MemManage_Handler)
    i.NMI_Handler                            0x08003cd6   Section        0  stm32f4xx_it.o(i.NMI_Handler)
    i.PendSV_Handler                         0x08003cd8   Section        0  stm32f4xx_it.o(i.PendSV_Handler)
    i.SVC_Handler                            0x08003cda   Section        0  stm32f4xx_it.o(i.SVC_Handler)
    i.Start_ADC_DAC_DMA                      0x08003cdc   Section        0  main.o(i.Start_ADC_DAC_DMA)
    i.Stop_ADC_DAC_DMA                       0x08003ddc   Section        0  main.o(i.Stop_ADC_DAC_DMA)
    i.SysTick_Handler                        0x08003e24   Section        0  stm32f4xx_it.o(i.SysTick_Handler)
    i.SystemClock_Config                     0x08003e28   Section        0  main.o(i.SystemClock_Config)
    i.SystemInit                             0x08003eb8   Section        0  system_stm32f4xx.o(i.SystemInit)
    i.TIM_Base_SetConfig                     0x08003ec8   Section        0  stm32f4xx_hal_tim.o(i.TIM_Base_SetConfig)
    i.TIM_ETR_SetConfig                      0x08003fa0   Section        0  stm32f4xx_hal_tim.o(i.TIM_ETR_SetConfig)
    i.TIM_ITRx_SetConfig                     0x08003fb4   Section        0  stm32f4xx_hal_tim.o(i.TIM_ITRx_SetConfig)
    TIM_ITRx_SetConfig                       0x08003fb5   Thumb Code    16  stm32f4xx_hal_tim.o(i.TIM_ITRx_SetConfig)
    i.TIM_TI1_ConfigInputStage               0x08003fc4   Section        0  stm32f4xx_hal_tim.o(i.TIM_TI1_ConfigInputStage)
    TIM_TI1_ConfigInputStage                 0x08003fc5   Thumb Code    34  stm32f4xx_hal_tim.o(i.TIM_TI1_ConfigInputStage)
    i.TIM_TI2_ConfigInputStage               0x08003fe6   Section        0  stm32f4xx_hal_tim.o(i.TIM_TI2_ConfigInputStage)
    TIM_TI2_ConfigInputStage                 0x08003fe7   Thumb Code    36  stm32f4xx_hal_tim.o(i.TIM_TI2_ConfigInputStage)
    i.UART_DMAAbortOnError                   0x0800400a   Section        0  stm32f4xx_hal_uart.o(i.UART_DMAAbortOnError)
    UART_DMAAbortOnError                     0x0800400b   Thumb Code    16  stm32f4xx_hal_uart.o(i.UART_DMAAbortOnError)
    i.UART_EndRxTransfer                     0x0800401a   Section        0  stm32f4xx_hal_uart.o(i.UART_EndRxTransfer)
    UART_EndRxTransfer                       0x0800401b   Thumb Code    78  stm32f4xx_hal_uart.o(i.UART_EndRxTransfer)
    i.UART_Receive_IT                        0x08004068   Section        0  stm32f4xx_hal_uart.o(i.UART_Receive_IT)
    UART_Receive_IT                          0x08004069   Thumb Code   194  stm32f4xx_hal_uart.o(i.UART_Receive_IT)
    i.UART_SetConfig                         0x0800412c   Section        0  stm32f4xx_hal_uart.o(i.UART_SetConfig)
    UART_SetConfig                           0x0800412d   Thumb Code   258  stm32f4xx_hal_uart.o(i.UART_SetConfig)
    i.UART_Start_Receive_IT                  0x08004238   Section        0  stm32f4xx_hal_uart.o(i.UART_Start_Receive_IT)
    i.UART_WaitOnFlagUntilTimeout            0x0800426e   Section        0  stm32f4xx_hal_uart.o(i.UART_WaitOnFlagUntilTimeout)
    UART_WaitOnFlagUntilTimeout              0x0800426f   Thumb Code   114  stm32f4xx_hal_uart.o(i.UART_WaitOnFlagUntilTimeout)
    i.USART1_IRQHandler                      0x080042e0   Section        0  stm32f4xx_it.o(i.USART1_IRQHandler)
    i.USART2_IRQHandler                      0x080042ec   Section        0  stm32f4xx_it.o(i.USART2_IRQHandler)
    i.USART3_IRQHandler                      0x080042f8   Section        0  stm32f4xx_it.o(i.USART3_IRQHandler)
    i.UsageFault_Handler                     0x08004304   Section        0  stm32f4xx_it.o(i.UsageFault_Handler)
    i.__ARM_fpclassify                       0x08004306   Section        0  fpclassify.o(i.__ARM_fpclassify)
    i.__NVIC_SetPriority                     0x08004336   Section        0  stm32f4xx_hal_cortex.o(i.__NVIC_SetPriority)
    __NVIC_SetPriority                       0x08004337   Thumb Code    32  stm32f4xx_hal_cortex.o(i.__NVIC_SetPriority)
    i._is_digit                              0x08004356   Section        0  __printf_wp.o(i._is_digit)
    i.main                                   0x08004364   Section        0  main.o(i.main)
    i.my_printf                              0x08004458   Section        0  my_usart_1.o(i.my_printf)
    locale$$code                             0x0800448c   Section       44  lc_numeric_c.o(locale$$code)
    locale$$code                             0x080044b8   Section       44  lc_ctype_c.o(locale$$code)
    x$fpl$fpinit                             0x080044e4   Section       10  fpinit.o(x$fpl$fpinit)
    $v0                                      0x080044e4   Number         0  fpinit.o(x$fpl$fpinit)
    x$fpl$printf1                            0x080044ee   Section        4  printf1.o(x$fpl$printf1)
    $v0                                      0x080044ee   Number         0  printf1.o(x$fpl$printf1)
    x$fpl$printf2                            0x080044f2   Section        4  printf2.o(x$fpl$printf2)
    $v0                                      0x080044f2   Number         0  printf2.o(x$fpl$printf2)
    .constdata                               0x080044f6   Section        8  stm32f4xx_hal_dma.o(.constdata)
    x$fpl$usenofp                            0x080044f6   Section        0  usenofp.o(x$fpl$usenofp)
    flagBitshiftOffset                       0x080044f6   Data           8  stm32f4xx_hal_dma.o(.constdata)
    .constdata                               0x080044fe   Section       16  system_stm32f4xx.o(.constdata)
    .constdata                               0x0800450e   Section        8  system_stm32f4xx.o(.constdata)
    .constdata                               0x08004518   Section        8  _printf_wctomb.o(.constdata)
    initial_mbstate                          0x08004518   Data           8  _printf_wctomb.o(.constdata)
    .constdata                               0x08004520   Section       40  _printf_hex_int_ll_ptr.o(.constdata)
    uc_hextab                                0x08004520   Data          20  _printf_hex_int_ll_ptr.o(.constdata)
    lc_hextab                                0x08004534   Data          20  _printf_hex_int_ll_ptr.o(.constdata)
    .constdata                               0x08004548   Section       17  __printf_flags_ss_wp.o(.constdata)
    maptable                                 0x08004548   Data          17  __printf_flags_ss_wp.o(.constdata)
    .constdata                               0x08004559   Section       38  _printf_fp_hex.o(.constdata)
    lc_hextab                                0x08004559   Data          19  _printf_fp_hex.o(.constdata)
    uc_hextab                                0x0800456c   Data          19  _printf_fp_hex.o(.constdata)
    .constdata                               0x08004580   Section      148  bigflt0.o(.constdata)
    tenpwrs_x                                0x08004580   Data          60  bigflt0.o(.constdata)
    tenpwrs_i                                0x080045bc   Data          64  bigflt0.o(.constdata)
    .conststring                             0x08004614   Section       71  main.o(.conststring)
    locale$$data                             0x0800467c   Section       28  lc_numeric_c.o(locale$$data)
    __lcnum_c_name                           0x08004680   Data           2  lc_numeric_c.o(locale$$data)
    __lcnum_c_start                          0x08004688   Data           0  lc_numeric_c.o(locale$$data)
    __lcnum_c_point                          0x08004694   Data           0  lc_numeric_c.o(locale$$data)
    __lcnum_c_thousands                      0x08004696   Data           0  lc_numeric_c.o(locale$$data)
    __lcnum_c_grouping                       0x08004697   Data           0  lc_numeric_c.o(locale$$data)
    locale$$data                             0x08004698   Section      272  lc_ctype_c.o(locale$$data)
    __lcnum_c_end                            0x08004698   Data           0  lc_numeric_c.o(locale$$data)
    __lcctype_c_name                         0x0800469c   Data           2  lc_ctype_c.o(locale$$data)
    __lcctype_c_start                        0x080046a4   Data           0  lc_ctype_c.o(locale$$data)
    __lcctype_c_end                          0x080047a8   Data           0  lc_ctype_c.o(locale$$data)
    .data                                    0x20000000   Section        1  main.o(.data)
    .data                                    0x20000004   Section       12  stm32f4xx_hal.o(.data)
    .data                                    0x20000010   Section        4  system_stm32f4xx.o(.data)
    .data                                    0x20000014   Section        4  my_usart_1.o(.data)
    .bss                                     0x20000018   Section     2048  main.o(.bss)
    .bss                                     0x20000818   Section      168  adc.o(.bss)
    .bss                                     0x200008c0   Section      116  dac.o(.bss)
    .bss                                     0x20000934   Section       72  tim.o(.bss)
    .bss                                     0x2000097c   Section      216  usart.o(.bss)
    .bss                                     0x20000a54   Section      128  my_usart_1.o(.bss)
    .bss                                     0x20000ad4   Section       96  libspace.o(.bss)
    HEAP                                     0x20000b38   Section      512  startup_stm32f407xx.o(HEAP)
    Heap_Mem                                 0x20000b38   Data         512  startup_stm32f407xx.o(HEAP)
    STACK                                    0x20000d38   Section     1024  startup_stm32f407xx.o(STACK)
    Stack_Mem                                0x20000d38   Data        1024  startup_stm32f407xx.o(STACK)
    __initial_sp                             0x20001138   Data           0  startup_stm32f407xx.o(STACK)

    Global Symbols

    Symbol Name                              Value     Ov Type        Size  Object(Section)

    BuildAttributes$$THM_ISAv4$E$P$D$K$B$S$7EM$VFPi3$EXTD16$VFPS$VFMA$PE$A:L22UL41UL21$X:L11$S22US41US21$IEEE1$IW$USESV6$~STKCKD$USESV7$~SHL$OTIME$ROPI$IEEEJ$EBA8$UX$STANDARDLIB$REQ8$PRES8$EABIv2 0x00000000   Number         0  anon$$obj.o ABSOLUTE
    __ARM_use_no_argv                        0x00000000   Number         0  main.o ABSOLUTE
    _printf_flags                            0x00000000   Number         0  printf_stubs.o ABSOLUTE
    _printf_return_value                     0x00000000   Number         0  printf_stubs.o ABSOLUTE
    _printf_sizespec                         0x00000000   Number         0  printf_stubs.o ABSOLUTE
    _printf_widthprec                        0x00000000   Number         0  printf_stubs.o ABSOLUTE
    __ARM_exceptions_init                     - Undefined Weak Reference
    __alloca_initialize                       - Undefined Weak Reference
    __arm_fini_                               - Undefined Weak Reference
    __arm_preinit_                            - Undefined Weak Reference
    __cpp_initialize__aeabi_                  - Undefined Weak Reference
    __cxa_finalize                            - Undefined Weak Reference
    __sigvec_lookup                           - Undefined Weak Reference
    _atexit_init                              - Undefined Weak Reference
    _call_atexit_fns                          - Undefined Weak Reference
    _clock_init                               - Undefined Weak Reference
    _fp_trap_init                             - Undefined Weak Reference
    _fp_trap_shutdown                         - Undefined Weak Reference
    _get_lc_collate                           - Undefined Weak Reference
    _get_lc_monetary                          - Undefined Weak Reference
    _get_lc_time                              - Undefined Weak Reference
    _getenv_init                              - Undefined Weak Reference
    _handle_redirection                       - Undefined Weak Reference
    _init_alloc                               - Undefined Weak Reference
    _init_user_alloc                          - Undefined Weak Reference
    _initio                                   - Undefined Weak Reference
    _printf_mbtowc                            - Undefined Weak Reference
    _printf_wc                                - Undefined Weak Reference
    _rand_init                                - Undefined Weak Reference
    _signal_finish                            - Undefined Weak Reference
    _signal_init                              - Undefined Weak Reference
    _terminate_alloc                          - Undefined Weak Reference
    _terminate_user_alloc                     - Undefined Weak Reference
    _terminateio                              - Undefined Weak Reference
    __Vectors_Size                           0x00000188   Number         0  startup_stm32f407xx.o ABSOLUTE
    __Vectors                                0x08000000   Data           4  startup_stm32f407xx.o(RESET)
    __Vectors_End                            0x08000188   Data           0  startup_stm32f407xx.o(RESET)
    __main                                   0x08000189   Thumb Code     8  __main.o(!!!main)
    __scatterload                            0x08000191   Thumb Code     0  __scatter.o(!!!scatter)
    __scatterload_rt2                        0x08000191   Thumb Code    44  __scatter.o(!!!scatter)
    __scatterload_rt2_thumb_only             0x08000191   Thumb Code     0  __scatter.o(!!!scatter)
    __scatterload_null                       0x0800019f   Thumb Code     0  __scatter.o(!!!scatter)
    __scatterload_copy                       0x080001c5   Thumb Code    26  __scatter_copy.o(!!handler_copy)
    __scatterload_zeroinit                   0x080001e1   Thumb Code    28  __scatter_zi.o(!!handler_zi)
    _printf_n                                0x080001fd   Thumb Code     0  _printf_n.o(.ARM.Collect$$_printf_percent$$00000001)
    _printf_percent                          0x080001fd   Thumb Code     0  _printf_percent.o(.ARM.Collect$$_printf_percent$$00000000)
    _printf_p                                0x08000203   Thumb Code     0  _printf_p.o(.ARM.Collect$$_printf_percent$$00000002)
    _printf_f                                0x08000209   Thumb Code     0  _printf_f.o(.ARM.Collect$$_printf_percent$$00000003)
    _printf_e                                0x0800020f   Thumb Code     0  _printf_e.o(.ARM.Collect$$_printf_percent$$00000004)
    _printf_g                                0x08000215   Thumb Code     0  _printf_g.o(.ARM.Collect$$_printf_percent$$00000005)
    _printf_a                                0x0800021b   Thumb Code     0  _printf_a.o(.ARM.Collect$$_printf_percent$$00000006)
    _printf_ll                               0x08000221   Thumb Code     0  _printf_ll.o(.ARM.Collect$$_printf_percent$$00000007)
    _printf_i                                0x0800022b   Thumb Code     0  _printf_i.o(.ARM.Collect$$_printf_percent$$00000008)
    _printf_d                                0x08000231   Thumb Code     0  _printf_d.o(.ARM.Collect$$_printf_percent$$00000009)
    _printf_u                                0x08000237   Thumb Code     0  _printf_u.o(.ARM.Collect$$_printf_percent$$0000000A)
    _printf_o                                0x0800023d   Thumb Code     0  _printf_o.o(.ARM.Collect$$_printf_percent$$0000000B)
    _printf_x                                0x08000243   Thumb Code     0  _printf_x.o(.ARM.Collect$$_printf_percent$$0000000C)
    _printf_lli                              0x08000249   Thumb Code     0  _printf_lli.o(.ARM.Collect$$_printf_percent$$0000000D)
    _printf_lld                              0x0800024f   Thumb Code     0  _printf_lld.o(.ARM.Collect$$_printf_percent$$0000000E)
    _printf_llu                              0x08000255   Thumb Code     0  _printf_llu.o(.ARM.Collect$$_printf_percent$$0000000F)
    _printf_llo                              0x0800025b   Thumb Code     0  _printf_llo.o(.ARM.Collect$$_printf_percent$$00000010)
    _printf_llx                              0x08000261   Thumb Code     0  _printf_llx.o(.ARM.Collect$$_printf_percent$$00000011)
    _printf_l                                0x08000267   Thumb Code     0  _printf_l.o(.ARM.Collect$$_printf_percent$$00000012)
    _printf_c                                0x08000271   Thumb Code     0  _printf_c.o(.ARM.Collect$$_printf_percent$$00000013)
    _printf_s                                0x08000277   Thumb Code     0  _printf_s.o(.ARM.Collect$$_printf_percent$$00000014)
    _printf_lc                               0x0800027d   Thumb Code     0  _printf_lc.o(.ARM.Collect$$_printf_percent$$00000015)
    _printf_ls                               0x08000283   Thumb Code     0  _printf_ls.o(.ARM.Collect$$_printf_percent$$00000016)
    _printf_percent_end                      0x08000289   Thumb Code     0  _printf_percent_end.o(.ARM.Collect$$_printf_percent$$00000017)
    __rt_lib_init                            0x0800028d   Thumb Code     0  libinit.o(.ARM.Collect$$libinit$$00000000)
    __rt_lib_init_fp_1                       0x0800028f   Thumb Code     0  libinit2.o(.ARM.Collect$$libinit$$00000001)
    __rt_lib_init_heap_1                     0x08000293   Thumb Code     0  libinit2.o(.ARM.Collect$$libinit$$0000000A)
    __rt_lib_init_lc_common                  0x08000293   Thumb Code     0  libinit2.o(.ARM.Collect$$libinit$$0000000F)
    __rt_lib_init_preinit_1                  0x08000293   Thumb Code     0  libinit2.o(.ARM.Collect$$libinit$$00000004)
    __rt_lib_init_rand_1                     0x08000293   Thumb Code     0  libinit2.o(.ARM.Collect$$libinit$$0000000E)
    __rt_lib_init_user_alloc_1               0x08000293   Thumb Code     0  libinit2.o(.ARM.Collect$$libinit$$0000000C)
    __rt_lib_init_lc_collate_1               0x08000299   Thumb Code     0  libinit2.o(.ARM.Collect$$libinit$$00000011)
    __rt_lib_init_lc_ctype_2                 0x08000299   Thumb Code     0  libinit2.o(.ARM.Collect$$libinit$$00000012)
    __rt_lib_init_lc_ctype_1                 0x080002a5   Thumb Code     0  libinit2.o(.ARM.Collect$$libinit$$00000013)
    __rt_lib_init_lc_monetary_1              0x080002a5   Thumb Code     0  libinit2.o(.ARM.Collect$$libinit$$00000015)
    __rt_lib_init_lc_numeric_2               0x080002a5   Thumb Code     0  libinit2.o(.ARM.Collect$$libinit$$00000016)
    __rt_lib_init_alloca_1                   0x080002af   Thumb Code     0  libinit2.o(.ARM.Collect$$libinit$$0000002E)
    __rt_lib_init_argv_1                     0x080002af   Thumb Code     0  libinit2.o(.ARM.Collect$$libinit$$0000002C)
    __rt_lib_init_atexit_1                   0x080002af   Thumb Code     0  libinit2.o(.ARM.Collect$$libinit$$0000001B)
    __rt_lib_init_clock_1                    0x080002af   Thumb Code     0  libinit2.o(.ARM.Collect$$libinit$$00000021)
    __rt_lib_init_cpp_1                      0x080002af   Thumb Code     0  libinit2.o(.ARM.Collect$$libinit$$00000032)
    __rt_lib_init_exceptions_1               0x080002af   Thumb Code     0  libinit2.o(.ARM.Collect$$libinit$$00000030)
    __rt_lib_init_fp_trap_1                  0x080002af   Thumb Code     0  libinit2.o(.ARM.Collect$$libinit$$0000001F)
    __rt_lib_init_getenv_1                   0x080002af   Thumb Code     0  libinit2.o(.ARM.Collect$$libinit$$00000023)
    __rt_lib_init_lc_numeric_1               0x080002af   Thumb Code     0  libinit2.o(.ARM.Collect$$libinit$$00000017)
    __rt_lib_init_lc_time_1                  0x080002af   Thumb Code     0  libinit2.o(.ARM.Collect$$libinit$$00000019)
    __rt_lib_init_return                     0x080002af   Thumb Code     0  libinit2.o(.ARM.Collect$$libinit$$00000033)
    __rt_lib_init_signal_1                   0x080002af   Thumb Code     0  libinit2.o(.ARM.Collect$$libinit$$0000001D)
    __rt_lib_init_stdio_1                    0x080002af   Thumb Code     0  libinit2.o(.ARM.Collect$$libinit$$00000025)
    __rt_lib_shutdown                        0x080002b1   Thumb Code     0  libshutdown.o(.ARM.Collect$$libshutdown$$00000000)
    __rt_lib_shutdown_cpp_1                  0x080002b3   Thumb Code     0  libshutdown2.o(.ARM.Collect$$libshutdown$$00000004)
    __rt_lib_shutdown_fini_1                 0x080002b3   Thumb Code     0  libshutdown2.o(.ARM.Collect$$libshutdown$$00000002)
    __rt_lib_shutdown_fp_trap_1              0x080002b3   Thumb Code     0  libshutdown2.o(.ARM.Collect$$libshutdown$$00000009)
    __rt_lib_shutdown_heap_1                 0x080002b3   Thumb Code     0  libshutdown2.o(.ARM.Collect$$libshutdown$$00000011)
    __rt_lib_shutdown_return                 0x080002b3   Thumb Code     0  libshutdown2.o(.ARM.Collect$$libshutdown$$00000012)
    __rt_lib_shutdown_signal_1               0x080002b3   Thumb Code     0  libshutdown2.o(.ARM.Collect$$libshutdown$$0000000C)
    __rt_lib_shutdown_stdio_1                0x080002b3   Thumb Code     0  libshutdown2.o(.ARM.Collect$$libshutdown$$00000006)
    __rt_lib_shutdown_user_alloc_1           0x080002b3   Thumb Code     0  libshutdown2.o(.ARM.Collect$$libshutdown$$0000000E)
    __rt_entry                               0x080002b5   Thumb Code     0  __rtentry.o(.ARM.Collect$$rtentry$$00000000)
    __rt_entry_presh_1                       0x080002b5   Thumb Code     0  __rtentry2.o(.ARM.Collect$$rtentry$$00000002)
    __rt_entry_sh                            0x080002b5   Thumb Code     0  __rtentry4.o(.ARM.Collect$$rtentry$$00000004)
    __rt_entry_li                            0x080002bb   Thumb Code     0  __rtentry2.o(.ARM.Collect$$rtentry$$0000000A)
    __rt_entry_postsh_1                      0x080002bb   Thumb Code     0  __rtentry2.o(.ARM.Collect$$rtentry$$00000009)
    __rt_entry_main                          0x080002bf   Thumb Code     0  __rtentry2.o(.ARM.Collect$$rtentry$$0000000D)
    __rt_entry_postli_1                      0x080002bf   Thumb Code     0  __rtentry2.o(.ARM.Collect$$rtentry$$0000000C)
    __rt_exit                                0x080002c7   Thumb Code     0  rtexit.o(.ARM.Collect$$rtexit$$00000000)
    __rt_exit_ls                             0x080002c9   Thumb Code     0  rtexit2.o(.ARM.Collect$$rtexit$$00000003)
    __rt_exit_prels_1                        0x080002c9   Thumb Code     0  rtexit2.o(.ARM.Collect$$rtexit$$00000002)
    __rt_exit_exit                           0x080002cd   Thumb Code     0  rtexit2.o(.ARM.Collect$$rtexit$$00000004)
    Reset_Handler                            0x080002d5   Thumb Code     8  startup_stm32f407xx.o(.text)
    ADC_IRQHandler                           0x080002ef   Thumb Code     0  startup_stm32f407xx.o(.text)
    CAN1_RX0_IRQHandler                      0x080002ef   Thumb Code     0  startup_stm32f407xx.o(.text)
    CAN1_RX1_IRQHandler                      0x080002ef   Thumb Code     0  startup_stm32f407xx.o(.text)
    CAN1_SCE_IRQHandler                      0x080002ef   Thumb Code     0  startup_stm32f407xx.o(.text)
    CAN1_TX_IRQHandler                       0x080002ef   Thumb Code     0  startup_stm32f407xx.o(.text)
    CAN2_RX0_IRQHandler                      0x080002ef   Thumb Code     0  startup_stm32f407xx.o(.text)
    CAN2_RX1_IRQHandler                      0x080002ef   Thumb Code     0  startup_stm32f407xx.o(.text)
    CAN2_SCE_IRQHandler                      0x080002ef   Thumb Code     0  startup_stm32f407xx.o(.text)
    CAN2_TX_IRQHandler                       0x080002ef   Thumb Code     0  startup_stm32f407xx.o(.text)
    DCMI_IRQHandler                          0x080002ef   Thumb Code     0  startup_stm32f407xx.o(.text)
    DMA1_Stream0_IRQHandler                  0x080002ef   Thumb Code     0  startup_stm32f407xx.o(.text)
    DMA1_Stream1_IRQHandler                  0x080002ef   Thumb Code     0  startup_stm32f407xx.o(.text)
    DMA1_Stream2_IRQHandler                  0x080002ef   Thumb Code     0  startup_stm32f407xx.o(.text)
    DMA1_Stream3_IRQHandler                  0x080002ef   Thumb Code     0  startup_stm32f407xx.o(.text)
    DMA1_Stream4_IRQHandler                  0x080002ef   Thumb Code     0  startup_stm32f407xx.o(.text)
    DMA1_Stream6_IRQHandler                  0x080002ef   Thumb Code     0  startup_stm32f407xx.o(.text)
    DMA1_Stream7_IRQHandler                  0x080002ef   Thumb Code     0  startup_stm32f407xx.o(.text)
    DMA2_Stream1_IRQHandler                  0x080002ef   Thumb Code     0  startup_stm32f407xx.o(.text)
    DMA2_Stream2_IRQHandler                  0x080002ef   Thumb Code     0  startup_stm32f407xx.o(.text)
    DMA2_Stream3_IRQHandler                  0x080002ef   Thumb Code     0  startup_stm32f407xx.o(.text)
    DMA2_Stream4_IRQHandler                  0x080002ef   Thumb Code     0  startup_stm32f407xx.o(.text)
    DMA2_Stream5_IRQHandler                  0x080002ef   Thumb Code     0  startup_stm32f407xx.o(.text)
    DMA2_Stream6_IRQHandler                  0x080002ef   Thumb Code     0  startup_stm32f407xx.o(.text)
    DMA2_Stream7_IRQHandler                  0x080002ef   Thumb Code     0  startup_stm32f407xx.o(.text)
    ETH_IRQHandler                           0x080002ef   Thumb Code     0  startup_stm32f407xx.o(.text)
    ETH_WKUP_IRQHandler                      0x080002ef   Thumb Code     0  startup_stm32f407xx.o(.text)
    EXTI0_IRQHandler                         0x080002ef   Thumb Code     0  startup_stm32f407xx.o(.text)
    EXTI15_10_IRQHandler                     0x080002ef   Thumb Code     0  startup_stm32f407xx.o(.text)
    EXTI1_IRQHandler                         0x080002ef   Thumb Code     0  startup_stm32f407xx.o(.text)
    EXTI2_IRQHandler                         0x080002ef   Thumb Code     0  startup_stm32f407xx.o(.text)
    EXTI3_IRQHandler                         0x080002ef   Thumb Code     0  startup_stm32f407xx.o(.text)
    EXTI4_IRQHandler                         0x080002ef   Thumb Code     0  startup_stm32f407xx.o(.text)
    EXTI9_5_IRQHandler                       0x080002ef   Thumb Code     0  startup_stm32f407xx.o(.text)
    FLASH_IRQHandler                         0x080002ef   Thumb Code     0  startup_stm32f407xx.o(.text)
    FMC_IRQHandler                           0x080002ef   Thumb Code     0  startup_stm32f407xx.o(.text)
    FPU_IRQHandler                           0x080002ef   Thumb Code     0  startup_stm32f407xx.o(.text)
    HASH_RNG_IRQHandler                      0x080002ef   Thumb Code     0  startup_stm32f407xx.o(.text)
    I2C1_ER_IRQHandler                       0x080002ef   Thumb Code     0  startup_stm32f407xx.o(.text)
    I2C1_EV_IRQHandler                       0x080002ef   Thumb Code     0  startup_stm32f407xx.o(.text)
    I2C2_ER_IRQHandler                       0x080002ef   Thumb Code     0  startup_stm32f407xx.o(.text)
    I2C2_EV_IRQHandler                       0x080002ef   Thumb Code     0  startup_stm32f407xx.o(.text)
    I2C3_ER_IRQHandler                       0x080002ef   Thumb Code     0  startup_stm32f407xx.o(.text)
    I2C3_EV_IRQHandler                       0x080002ef   Thumb Code     0  startup_stm32f407xx.o(.text)
    OTG_FS_IRQHandler                        0x080002ef   Thumb Code     0  startup_stm32f407xx.o(.text)
    OTG_FS_WKUP_IRQHandler                   0x080002ef   Thumb Code     0  startup_stm32f407xx.o(.text)
    OTG_HS_EP1_IN_IRQHandler                 0x080002ef   Thumb Code     0  startup_stm32f407xx.o(.text)
    OTG_HS_EP1_OUT_IRQHandler                0x080002ef   Thumb Code     0  startup_stm32f407xx.o(.text)
    OTG_HS_IRQHandler                        0x080002ef   Thumb Code     0  startup_stm32f407xx.o(.text)
    OTG_HS_WKUP_IRQHandler                   0x080002ef   Thumb Code     0  startup_stm32f407xx.o(.text)
    PVD_IRQHandler                           0x080002ef   Thumb Code     0  startup_stm32f407xx.o(.text)
    RCC_IRQHandler                           0x080002ef   Thumb Code     0  startup_stm32f407xx.o(.text)
    RTC_Alarm_IRQHandler                     0x080002ef   Thumb Code     0  startup_stm32f407xx.o(.text)
    RTC_WKUP_IRQHandler                      0x080002ef   Thumb Code     0  startup_stm32f407xx.o(.text)
    SDIO_IRQHandler                          0x080002ef   Thumb Code     0  startup_stm32f407xx.o(.text)
    SPI1_IRQHandler                          0x080002ef   Thumb Code     0  startup_stm32f407xx.o(.text)
    SPI2_IRQHandler                          0x080002ef   Thumb Code     0  startup_stm32f407xx.o(.text)
    SPI3_IRQHandler                          0x080002ef   Thumb Code     0  startup_stm32f407xx.o(.text)
    TAMP_STAMP_IRQHandler                    0x080002ef   Thumb Code     0  startup_stm32f407xx.o(.text)
    TIM1_BRK_TIM9_IRQHandler                 0x080002ef   Thumb Code     0  startup_stm32f407xx.o(.text)
    TIM1_CC_IRQHandler                       0x080002ef   Thumb Code     0  startup_stm32f407xx.o(.text)
    TIM1_TRG_COM_TIM11_IRQHandler            0x080002ef   Thumb Code     0  startup_stm32f407xx.o(.text)
    TIM1_UP_TIM10_IRQHandler                 0x080002ef   Thumb Code     0  startup_stm32f407xx.o(.text)
    TIM2_IRQHandler                          0x080002ef   Thumb Code     0  startup_stm32f407xx.o(.text)
    TIM3_IRQHandler                          0x080002ef   Thumb Code     0  startup_stm32f407xx.o(.text)
    TIM4_IRQHandler                          0x080002ef   Thumb Code     0  startup_stm32f407xx.o(.text)
    TIM5_IRQHandler                          0x080002ef   Thumb Code     0  startup_stm32f407xx.o(.text)
    TIM6_DAC_IRQHandler                      0x080002ef   Thumb Code     0  startup_stm32f407xx.o(.text)
    TIM7_IRQHandler                          0x080002ef   Thumb Code     0  startup_stm32f407xx.o(.text)
    TIM8_BRK_TIM12_IRQHandler                0x080002ef   Thumb Code     0  startup_stm32f407xx.o(.text)
    TIM8_CC_IRQHandler                       0x080002ef   Thumb Code     0  startup_stm32f407xx.o(.text)
    TIM8_TRG_COM_TIM14_IRQHandler            0x080002ef   Thumb Code     0  startup_stm32f407xx.o(.text)
    TIM8_UP_TIM13_IRQHandler                 0x080002ef   Thumb Code     0  startup_stm32f407xx.o(.text)
    UART4_IRQHandler                         0x080002ef   Thumb Code     0  startup_stm32f407xx.o(.text)
    UART5_IRQHandler                         0x080002ef   Thumb Code     0  startup_stm32f407xx.o(.text)
    USART6_IRQHandler                        0x080002ef   Thumb Code     0  startup_stm32f407xx.o(.text)
    WWDG_IRQHandler                          0x080002ef   Thumb Code     0  startup_stm32f407xx.o(.text)
    __user_initial_stackheap                 0x080002f1   Thumb Code     0  startup_stm32f407xx.o(.text)
    __aeabi_uldivmod                         0x08000315   Thumb Code     0  lludivv7m.o(.text)
    _ll_udiv                                 0x08000315   Thumb Code   238  lludivv7m.o(.text)
    vsnprintf                                0x08000405   Thumb Code    48  vsnprintf.o(.text)
    __aeabi_memclr                           0x08000439   Thumb Code     0  rt_memclr.o(.text)
    __rt_memclr                              0x08000439   Thumb Code    68  rt_memclr.o(.text)
    _memset                                  0x0800043d   Thumb Code     0  rt_memclr.o(.text)
    __aeabi_memclr4                          0x0800047d   Thumb Code     0  rt_memclr_w.o(.text)
    __aeabi_memclr8                          0x0800047d   Thumb Code     0  rt_memclr_w.o(.text)
    __rt_memclr_w                            0x0800047d   Thumb Code    78  rt_memclr_w.o(.text)
    _memset_w                                0x08000481   Thumb Code     0  rt_memclr_w.o(.text)
    strcmp                                   0x080004cd   Thumb Code   128  strcmpv7m.o(.text)
    __use_two_region_memory                  0x0800054d   Thumb Code     2  heapauxi.o(.text)
    __rt_heap_escrow$2region                 0x0800054f   Thumb Code     2  heapauxi.o(.text)
    __rt_heap_expand$2region                 0x08000551   Thumb Code     2  heapauxi.o(.text)
    _printf_pre_padding                      0x08000553   Thumb Code    44  _printf_pad.o(.text)
    _printf_post_padding                     0x0800057f   Thumb Code    34  _printf_pad.o(.text)
    _printf_truncate_signed                  0x080005a1   Thumb Code    18  _printf_truncate.o(.text)
    _printf_truncate_unsigned                0x080005b3   Thumb Code    18  _printf_truncate.o(.text)
    _printf_str                              0x080005c5   Thumb Code    82  _printf_str.o(.text)
    _printf_int_dec                          0x08000619   Thumb Code   104  _printf_dec.o(.text)
    _printf_charcount                        0x08000691   Thumb Code    40  _printf_charcount.o(.text)
    _printf_char_common                      0x080006c3   Thumb Code    32  _printf_char_common.o(.text)
    _sputc                                   0x080006e9   Thumb Code    10  _sputc.o(.text)
    _snputc                                  0x080006f3   Thumb Code    16  _snputc.o(.text)
    _printf_wctomb                           0x08000705   Thumb Code   182  _printf_wctomb.o(.text)
    _printf_longlong_dec                     0x080007c1   Thumb Code   108  _printf_longlong_dec.o(.text)
    _printf_longlong_oct                     0x0800083d   Thumb Code    66  _printf_oct_int_ll.o(.text)
    _printf_int_oct                          0x0800087f   Thumb Code    24  _printf_oct_int_ll.o(.text)
    _printf_ll_oct                           0x08000897   Thumb Code    12  _printf_oct_int_ll.o(.text)
    _printf_longlong_hex                     0x080008ad   Thumb Code    86  _printf_hex_int_ll_ptr.o(.text)
    _printf_int_hex                          0x08000903   Thumb Code    28  _printf_hex_int_ll_ptr.o(.text)
    _printf_ll_hex                           0x0800091f   Thumb Code    12  _printf_hex_int_ll_ptr.o(.text)
    _printf_hex_ptr                          0x0800092b   Thumb Code    18  _printf_hex_int_ll_ptr.o(.text)
    __printf                                 0x08000941   Thumb Code   388  __printf_flags_ss_wp.o(.text)
    _ll_udiv10                               0x08000ac9   Thumb Code   138  lludiv10.o(.text)
    _printf_int_common                       0x08000b53   Thumb Code   178  _printf_intcommon.o(.text)
    __lib_sel_fp_printf                      0x08000c05   Thumb Code     2  _printf_fp_dec.o(.text)
    _printf_fp_dec_real                      0x08000db7   Thumb Code   620  _printf_fp_dec.o(.text)
    _printf_fp_hex_real                      0x08001025   Thumb Code   756  _printf_fp_hex.o(.text)
    _printf_cs_common                        0x08001321   Thumb Code    20  _printf_char.o(.text)
    _printf_char                             0x08001335   Thumb Code    16  _printf_char.o(.text)
    _printf_string                           0x08001345   Thumb Code     8  _printf_char.o(.text)
    _printf_lcs_common                       0x0800134d   Thumb Code    20  _printf_wchar.o(.text)
    _printf_wchar                            0x08001361   Thumb Code    16  _printf_wchar.o(.text)
    _printf_wstring                          0x08001371   Thumb Code     8  _printf_wchar.o(.text)
    _wcrtomb                                 0x08001379   Thumb Code    64  _wcrtomb.o(.text)
    __user_setup_stackheap                   0x080013b9   Thumb Code    74  sys_stackheap_outer.o(.text)
    __rt_ctype_table                         0x08001405   Thumb Code    16  rt_ctype_table.o(.text)
    __rt_locale                              0x08001415   Thumb Code     8  rt_locale_intlibspace.o(.text)
    _printf_fp_infnan                        0x0800141d   Thumb Code   112  _printf_fp_infnan.o(.text)
    _btod_etento                             0x0800149d   Thumb Code   224  bigflt0.o(.text)
    exit                                     0x08001581   Thumb Code    18  exit.o(.text)
    __user_libspace                          0x08001595   Thumb Code     8  libspace.o(.text)
    __user_perproc_libspace                  0x08001595   Thumb Code     0  libspace.o(.text)
    __user_perthread_libspace                0x08001595   Thumb Code     0  libspace.o(.text)
    _sys_exit                                0x0800159d   Thumb Code     8  sys_exit.o(.text)
    __I$use$semihosting                      0x080015a9   Thumb Code     0  use_no_semi.o(.text)
    __use_no_semihosting_swi                 0x080015a9   Thumb Code     2  use_no_semi.o(.text)
    __semihosting_library_function           0x080015ab   Thumb Code     0  indicate_semi.o(.text)
    _btod_d2e                                0x080015ab   Thumb Code    62  btod.o(CL$$btod_d2e)
    _d2e_denorm_low                          0x080015e9   Thumb Code    70  btod.o(CL$$btod_d2e_denorm_low)
    _d2e_norm_op1                            0x0800162f   Thumb Code    96  btod.o(CL$$btod_d2e_norm_op1)
    __btod_div_common                        0x0800168f   Thumb Code   696  btod.o(CL$$btod_div_common)
    _e2e                                     0x080019c7   Thumb Code   220  btod.o(CL$$btod_e2e)
    _btod_ediv                               0x08001aa3   Thumb Code    42  btod.o(CL$$btod_ediv)
    _btod_emul                               0x08001acd   Thumb Code    42  btod.o(CL$$btod_emul)
    __btod_mult_common                       0x08001af7   Thumb Code   580  btod.o(CL$$btod_mult_common)
    BusFault_Handler                         0x08001ef1   Thumb Code     2  stm32f4xx_it.o(i.BusFault_Handler)
    DAC_DMAConvCpltCh1                       0x08001ef3   Thumb Code    16  stm32f4xx_hal_dac.o(i.DAC_DMAConvCpltCh1)
    DAC_DMAConvCpltCh2                       0x08001f03   Thumb Code    16  stm32f4xx_hal_dac_ex.o(i.DAC_DMAConvCpltCh2)
    DAC_DMAErrorCh1                          0x08001f13   Thumb Code    24  stm32f4xx_hal_dac.o(i.DAC_DMAErrorCh1)
    DAC_DMAErrorCh2                          0x08001f2b   Thumb Code    24  stm32f4xx_hal_dac_ex.o(i.DAC_DMAErrorCh2)
    DAC_DMAHalfConvCpltCh1                   0x08001f43   Thumb Code    10  stm32f4xx_hal_dac.o(i.DAC_DMAHalfConvCpltCh1)
    DAC_DMAHalfConvCpltCh2                   0x08001f4d   Thumb Code    10  stm32f4xx_hal_dac_ex.o(i.DAC_DMAHalfConvCpltCh2)
    DMA1_Stream5_IRQHandler                  0x08001f59   Thumb Code     6  stm32f4xx_it.o(i.DMA1_Stream5_IRQHandler)
    DMA2_Stream0_IRQHandler                  0x08001f65   Thumb Code     6  stm32f4xx_it.o(i.DMA2_Stream0_IRQHandler)
    DebugMon_Handler                         0x08002015   Thumb Code     2  stm32f4xx_it.o(i.DebugMon_Handler)
    Error_Handler                            0x08002017   Thumb Code     4  main.o(i.Error_Handler)
    HAL_ADC_ConfigChannel                    0x0800201d   Thumb Code   316  stm32f4xx_hal_adc.o(i.HAL_ADC_ConfigChannel)
    HAL_ADC_ConvCpltCallback                 0x08002169   Thumb Code     2  stm32f4xx_hal_adc.o(i.HAL_ADC_ConvCpltCallback)
    HAL_ADC_ConvHalfCpltCallback             0x0800216b   Thumb Code     2  stm32f4xx_hal_adc.o(i.HAL_ADC_ConvHalfCpltCallback)
    HAL_ADC_ErrorCallback                    0x0800216d   Thumb Code     2  stm32f4xx_hal_adc.o(i.HAL_ADC_ErrorCallback)
    HAL_ADC_Init                             0x0800216f   Thumb Code    84  stm32f4xx_hal_adc.o(i.HAL_ADC_Init)
    HAL_ADC_MspInit                          0x080021c5   Thumb Code   132  adc.o(i.HAL_ADC_MspInit)
    HAL_ADC_Start_DMA                        0x0800225d   Thumb Code   302  stm32f4xx_hal_adc.o(i.HAL_ADC_Start_DMA)
    HAL_ADC_Stop_DMA                         0x080023b1   Thumb Code   108  stm32f4xx_hal_adc.o(i.HAL_ADC_Stop_DMA)
    HAL_DACEx_ConvCpltCallbackCh2            0x0800241d   Thumb Code     2  stm32f4xx_hal_dac_ex.o(i.HAL_DACEx_ConvCpltCallbackCh2)
    HAL_DACEx_ConvHalfCpltCallbackCh2        0x0800241f   Thumb Code     2  stm32f4xx_hal_dac_ex.o(i.HAL_DACEx_ConvHalfCpltCallbackCh2)
    HAL_DACEx_ErrorCallbackCh2               0x08002421   Thumb Code     2  stm32f4xx_hal_dac_ex.o(i.HAL_DACEx_ErrorCallbackCh2)
    HAL_DAC_ConfigChannel                    0x08002423   Thumb Code    78  stm32f4xx_hal_dac.o(i.HAL_DAC_ConfigChannel)
    HAL_DAC_ConvCpltCallbackCh1              0x08002471   Thumb Code     2  stm32f4xx_hal_dac.o(i.HAL_DAC_ConvCpltCallbackCh1)
    HAL_DAC_ConvHalfCpltCallbackCh1          0x08002473   Thumb Code     2  stm32f4xx_hal_dac.o(i.HAL_DAC_ConvHalfCpltCallbackCh1)
    HAL_DAC_ErrorCallbackCh1                 0x08002475   Thumb Code     2  stm32f4xx_hal_dac.o(i.HAL_DAC_ErrorCallbackCh1)
    HAL_DAC_Init                             0x08002477   Thumb Code    40  stm32f4xx_hal_dac.o(i.HAL_DAC_Init)
    HAL_DAC_MspInit                          0x080024a1   Thumb Code   138  dac.o(i.HAL_DAC_MspInit)
    HAL_DAC_Start                            0x08002541   Thumb Code    98  stm32f4xx_hal_dac.o(i.HAL_DAC_Start)
    HAL_DAC_Start_DMA                        0x080025a5   Thumb Code   200  stm32f4xx_hal_dac.o(i.HAL_DAC_Start_DMA)
    HAL_DAC_Stop_DMA                         0x08002685   Thumb Code    82  stm32f4xx_hal_dac.o(i.HAL_DAC_Stop_DMA)
    HAL_DMA_Abort                            0x080026d7   Thumb Code   146  stm32f4xx_hal_dma.o(i.HAL_DMA_Abort)
    HAL_DMA_Abort_IT                         0x08002769   Thumb Code    36  stm32f4xx_hal_dma.o(i.HAL_DMA_Abort_IT)
    HAL_DMA_IRQHandler                       0x0800278d   Thumb Code   412  stm32f4xx_hal_dma.o(i.HAL_DMA_IRQHandler)
    HAL_DMA_Init                             0x0800292d   Thumb Code   206  stm32f4xx_hal_dma.o(i.HAL_DMA_Init)
    HAL_DMA_Start_IT                         0x08002a01   Thumb Code   110  stm32f4xx_hal_dma.o(i.HAL_DMA_Start_IT)
    HAL_Delay                                0x08002a71   Thumb Code    32  stm32f4xx_hal.o(i.HAL_Delay)
    HAL_GPIO_Init                            0x08002a95   Thumb Code   450  stm32f4xx_hal_gpio.o(i.HAL_GPIO_Init)
    HAL_GetTick                              0x08002c85   Thumb Code     6  stm32f4xx_hal.o(i.HAL_GetTick)
    HAL_IncTick                              0x08002c91   Thumb Code    12  stm32f4xx_hal.o(i.HAL_IncTick)
    HAL_Init                                 0x08002ca1   Thumb Code    48  stm32f4xx_hal.o(i.HAL_Init)
    HAL_InitTick                             0x08002cd5   Thumb Code    54  stm32f4xx_hal.o(i.HAL_InitTick)
    HAL_MspInit                              0x08002d15   Thumb Code    42  stm32f4xx_hal_msp.o(i.HAL_MspInit)
    HAL_NVIC_EnableIRQ                       0x08002d45   Thumb Code    26  stm32f4xx_hal_cortex.o(i.HAL_NVIC_EnableIRQ)
    HAL_NVIC_SetPriority                     0x08002d61   Thumb Code    60  stm32f4xx_hal_cortex.o(i.HAL_NVIC_SetPriority)
    HAL_NVIC_SetPriorityGrouping             0x08002da1   Thumb Code    26  stm32f4xx_hal_cortex.o(i.HAL_NVIC_SetPriorityGrouping)
    HAL_RCC_ClockConfig                      0x08002dc5   Thumb Code   288  stm32f4xx_hal_rcc.o(i.HAL_RCC_ClockConfig)
    HAL_RCC_GetPCLK1Freq                     0x08002ef9   Thumb Code    20  stm32f4xx_hal_rcc.o(i.HAL_RCC_GetPCLK1Freq)
    HAL_RCC_GetPCLK2Freq                     0x08002f19   Thumb Code    20  stm32f4xx_hal_rcc.o(i.HAL_RCC_GetPCLK2Freq)
    HAL_RCC_GetSysClockFreq                  0x08002f39   Thumb Code    88  stm32f4xx_hal_rcc.o(i.HAL_RCC_GetSysClockFreq)
    HAL_RCC_OscConfig                        0x08002f99   Thumb Code   856  stm32f4xx_hal_rcc.o(i.HAL_RCC_OscConfig)
    HAL_SYSTICK_Config                       0x08003305   Thumb Code    40  stm32f4xx_hal_cortex.o(i.HAL_SYSTICK_Config)
    HAL_TIMEx_MasterConfigSynchronization    0x0800332d   Thumb Code   116  stm32f4xx_hal_tim_ex.o(i.HAL_TIMEx_MasterConfigSynchronization)
    HAL_TIM_Base_Init                        0x080033bd   Thumb Code    90  stm32f4xx_hal_tim.o(i.HAL_TIM_Base_Init)
    HAL_TIM_Base_MspInit                     0x08003419   Thumb Code    30  tim.o(i.HAL_TIM_Base_MspInit)
    HAL_TIM_Base_Start                       0x0800343d   Thumb Code    90  stm32f4xx_hal_tim.o(i.HAL_TIM_Base_Start)
    HAL_TIM_ConfigClockSource                0x080034b5   Thumb Code   220  stm32f4xx_hal_tim.o(i.HAL_TIM_ConfigClockSource)
    HAL_UARTEx_RxEventCallback               0x08003591   Thumb Code     2  stm32f4xx_hal_uart.o(i.HAL_UARTEx_RxEventCallback)
    HAL_UART_ErrorCallback                   0x08003593   Thumb Code     2  stm32f4xx_hal_uart.o(i.HAL_UART_ErrorCallback)
    HAL_UART_IRQHandler                      0x08003595   Thumb Code   618  stm32f4xx_hal_uart.o(i.HAL_UART_IRQHandler)
    HAL_UART_Init                            0x08003805   Thumb Code   100  stm32f4xx_hal_uart.o(i.HAL_UART_Init)
    HAL_UART_MspInit                         0x08003869   Thumb Code   258  usart.o(i.HAL_UART_MspInit)
    HAL_UART_Receive_IT                      0x08003985   Thumb Code    28  stm32f4xx_hal_uart.o(i.HAL_UART_Receive_IT)
    HAL_UART_RxCpltCallback                  0x080039a1   Thumb Code    76  my_usart_1.o(i.HAL_UART_RxCpltCallback)
    HAL_UART_Transmit                        0x080039fd   Thumb Code   160  stm32f4xx_hal_uart.o(i.HAL_UART_Transmit)
    HAL_UART_TxCpltCallback                  0x08003a9d   Thumb Code     2  stm32f4xx_hal_uart.o(i.HAL_UART_TxCpltCallback)
    HardFault_Handler                        0x08003a9f   Thumb Code     2  stm32f4xx_it.o(i.HardFault_Handler)
    MX_ADC1_Init                             0x08003aa1   Thumb Code    88  adc.o(i.MX_ADC1_Init)
    MX_DAC_Init                              0x08003b01   Thumb Code    52  dac.o(i.MX_DAC_Init)
    MX_DMA_Init                              0x08003b3d   Thumb Code    72  dma.o(i.MX_DMA_Init)
    MX_GPIO_Init                             0x08003b89   Thumb Code    54  gpio.o(i.MX_GPIO_Init)
    MX_TIM2_Init                             0x08003bc5   Thumb Code    98  tim.o(i.MX_TIM2_Init)
    MX_USART1_UART_Init                      0x08003c2d   Thumb Code    48  usart.o(i.MX_USART1_UART_Init)
    MX_USART2_UART_Init                      0x08003c65   Thumb Code    48  usart.o(i.MX_USART2_UART_Init)
    MX_USART3_UART_Init                      0x08003c9d   Thumb Code    48  usart.o(i.MX_USART3_UART_Init)
    MemManage_Handler                        0x08003cd5   Thumb Code     2  stm32f4xx_it.o(i.MemManage_Handler)
    NMI_Handler                              0x08003cd7   Thumb Code     2  stm32f4xx_it.o(i.NMI_Handler)
    PendSV_Handler                           0x08003cd9   Thumb Code     2  stm32f4xx_it.o(i.PendSV_Handler)
    SVC_Handler                              0x08003cdb   Thumb Code     2  stm32f4xx_it.o(i.SVC_Handler)
    Start_ADC_DAC_DMA                        0x08003cdd   Thumb Code    90  main.o(i.Start_ADC_DAC_DMA)
    Stop_ADC_DAC_DMA                         0x08003ddd   Thumb Code    32  main.o(i.Stop_ADC_DAC_DMA)
    SysTick_Handler                          0x08003e25   Thumb Code     4  stm32f4xx_it.o(i.SysTick_Handler)
    SystemClock_Config                       0x08003e29   Thumb Code   134  main.o(i.SystemClock_Config)
    SystemInit                               0x08003eb9   Thumb Code    12  system_stm32f4xx.o(i.SystemInit)
    TIM_Base_SetConfig                       0x08003ec9   Thumb Code   170  stm32f4xx_hal_tim.o(i.TIM_Base_SetConfig)
    TIM_ETR_SetConfig                        0x08003fa1   Thumb Code    20  stm32f4xx_hal_tim.o(i.TIM_ETR_SetConfig)
    UART_Start_Receive_IT                    0x08004239   Thumb Code    54  stm32f4xx_hal_uart.o(i.UART_Start_Receive_IT)
    USART1_IRQHandler                        0x080042e1   Thumb Code     6  stm32f4xx_it.o(i.USART1_IRQHandler)
    USART2_IRQHandler                        0x080042ed   Thumb Code     6  stm32f4xx_it.o(i.USART2_IRQHandler)
    USART3_IRQHandler                        0x080042f9   Thumb Code     6  stm32f4xx_it.o(i.USART3_IRQHandler)
    UsageFault_Handler                       0x08004305   Thumb Code     2  stm32f4xx_it.o(i.UsageFault_Handler)
    __ARM_fpclassify                         0x08004307   Thumb Code    48  fpclassify.o(i.__ARM_fpclassify)
    _is_digit                                0x08004357   Thumb Code    14  __printf_wp.o(i._is_digit)
    main                                     0x08004365   Thumb Code   162  main.o(i.main)
    my_printf                                0x08004459   Thumb Code    50  my_usart_1.o(i.my_printf)
    _get_lc_numeric                          0x0800448d   Thumb Code    44  lc_numeric_c.o(locale$$code)
    _get_lc_ctype                            0x080044b9   Thumb Code    44  lc_ctype_c.o(locale$$code)
    _fp_init                                 0x080044e5   Thumb Code    10  fpinit.o(x$fpl$fpinit)
    __fplib_config_fpu_vfp                   0x080044ed   Thumb Code     0  fpinit.o(x$fpl$fpinit)
    __fplib_config_pureend_doubles           0x080044ed   Thumb Code     0  fpinit.o(x$fpl$fpinit)
    _printf_fp_dec                           0x080044ef   Thumb Code     4  printf1.o(x$fpl$printf1)
    _printf_fp_hex                           0x080044f3   Thumb Code     4  printf2.o(x$fpl$printf2)
    __I$use$fp                               0x080044f6   Number         0  usenofp.o(x$fpl$usenofp)
    AHBPrescTable                            0x080044fe   Data          16  system_stm32f4xx.o(.constdata)
    APBPrescTable                            0x0800450e   Data           8  system_stm32f4xx.o(.constdata)
    Region$$Table$$Base                      0x0800465c   Number         0  anon$$obj.o(Region$$Table)
    Region$$Table$$Limit                     0x0800467c   Number         0  anon$$obj.o(Region$$Table)
    __ctype                                  0x080046a5   Data           0  lc_ctype_c.o(locale$$data)
    dma_running                              0x20000000   Data           1  main.o(.data)
    uwTickFreq                               0x20000004   Data           1  stm32f4xx_hal.o(.data)
    uwTickPrio                               0x20000008   Data           4  stm32f4xx_hal.o(.data)
    uwTick                                   0x2000000c   Data           4  stm32f4xx_hal.o(.data)
    SystemCoreClock                          0x20000010   Data           4  system_stm32f4xx.o(.data)
    commandReceived2                         0x20000014   Data           1  my_usart_1.o(.data)
    rxTemp2                                  0x20000015   Data           1  my_usart_1.o(.data)
    rxIndex2                                 0x20000016   Data           2  my_usart_1.o(.data)
    adc_dac_buffer                           0x20000018   Data        2048  main.o(.bss)
    hadc1                                    0x20000818   Data          72  adc.o(.bss)
    hdma_adc1                                0x20000860   Data          96  adc.o(.bss)
    hdac                                     0x200008c0   Data          20  dac.o(.bss)
    hdma_dac1                                0x200008d4   Data          96  dac.o(.bss)
    htim2                                    0x20000934   Data          72  tim.o(.bss)
    huart1                                   0x2000097c   Data          72  usart.o(.bss)
    huart2                                   0x200009c4   Data          72  usart.o(.bss)
    huart3                                   0x20000a0c   Data          72  usart.o(.bss)
    rxBuffer2                                0x20000a54   Data         128  my_usart_1.o(.bss)
    __libspace_start                         0x20000ad4   Data          96  libspace.o(.bss)
    __temporary_stack_top$libspace           0x20000b34   Data           0  libspace.o(.bss)



==============================================================================

Memory Map of the image

  Image Entry point : 0x08000189

  Load Region LR_IROM1 (Base: 0x08000000, Size: 0x000047c0, Max: 0x00100000, ABSOLUTE)

    Execution Region ER_IROM1 (Exec base: 0x08000000, Load base: 0x08000000, Size: 0x000047a8, Max: 0x00100000, ABSOLUTE)

    Exec Addr    Load Addr    Size         Type   Attr      Idx    E Section Name        Object

    0x08000000   0x08000000   0x00000188   Data   RO            3    RESET               startup_stm32f407xx.o
    0x08000188   0x08000188   0x00000008   Code   RO         3670  * !!!main             c_w.l(__main.o)
    0x08000190   0x08000190   0x00000034   Code   RO         4003    !!!scatter          c_w.l(__scatter.o)
    0x080001c4   0x080001c4   0x0000001a   Code   RO         4005    !!handler_copy      c_w.l(__scatter_copy.o)
    0x080001de   0x080001de   0x00000002   PAD
    0x080001e0   0x080001e0   0x0000001c   Code   RO         4007    !!handler_zi        c_w.l(__scatter_zi.o)
    0x080001fc   0x080001fc   0x00000000   Code   RO         3760    .ARM.Collect$$_printf_percent$$00000000  c_w.l(_printf_percent.o)
    0x080001fc   0x080001fc   0x00000006   Code   RO         3749    .ARM.Collect$$_printf_percent$$00000001  c_w.l(_printf_n.o)
    0x08000202   0x08000202   0x00000006   Code   RO         3751    .ARM.Collect$$_printf_percent$$00000002  c_w.l(_printf_p.o)
    0x08000208   0x08000208   0x00000006   Code   RO         3756    .ARM.Collect$$_printf_percent$$00000003  c_w.l(_printf_f.o)
    0x0800020e   0x0800020e   0x00000006   Code   RO         3757    .ARM.Collect$$_printf_percent$$00000004  c_w.l(_printf_e.o)
    0x08000214   0x08000214   0x00000006   Code   RO         3758    .ARM.Collect$$_printf_percent$$00000005  c_w.l(_printf_g.o)
    0x0800021a   0x0800021a   0x00000006   Code   RO         3759    .ARM.Collect$$_printf_percent$$00000006  c_w.l(_printf_a.o)
    0x08000220   0x08000220   0x0000000a   Code   RO         3764    .ARM.Collect$$_printf_percent$$00000007  c_w.l(_printf_ll.o)
    0x0800022a   0x0800022a   0x00000006   Code   RO         3753    .ARM.Collect$$_printf_percent$$00000008  c_w.l(_printf_i.o)
    0x08000230   0x08000230   0x00000006   Code   RO         3754    .ARM.Collect$$_printf_percent$$00000009  c_w.l(_printf_d.o)
    0x08000236   0x08000236   0x00000006   Code   RO         3755    .ARM.Collect$$_printf_percent$$0000000A  c_w.l(_printf_u.o)
    0x0800023c   0x0800023c   0x00000006   Code   RO         3752    .ARM.Collect$$_printf_percent$$0000000B  c_w.l(_printf_o.o)
    0x08000242   0x08000242   0x00000006   Code   RO         3750    .ARM.Collect$$_printf_percent$$0000000C  c_w.l(_printf_x.o)
    0x08000248   0x08000248   0x00000006   Code   RO         3761    .ARM.Collect$$_printf_percent$$0000000D  c_w.l(_printf_lli.o)
    0x0800024e   0x0800024e   0x00000006   Code   RO         3762    .ARM.Collect$$_printf_percent$$0000000E  c_w.l(_printf_lld.o)
    0x08000254   0x08000254   0x00000006   Code   RO         3763    .ARM.Collect$$_printf_percent$$0000000F  c_w.l(_printf_llu.o)
    0x0800025a   0x0800025a   0x00000006   Code   RO         3768    .ARM.Collect$$_printf_percent$$00000010  c_w.l(_printf_llo.o)
    0x08000260   0x08000260   0x00000006   Code   RO         3769    .ARM.Collect$$_printf_percent$$00000011  c_w.l(_printf_llx.o)
    0x08000266   0x08000266   0x0000000a   Code   RO         3765    .ARM.Collect$$_printf_percent$$00000012  c_w.l(_printf_l.o)
    0x08000270   0x08000270   0x00000006   Code   RO         3747    .ARM.Collect$$_printf_percent$$00000013  c_w.l(_printf_c.o)
    0x08000276   0x08000276   0x00000006   Code   RO         3748    .ARM.Collect$$_printf_percent$$00000014  c_w.l(_printf_s.o)
    0x0800027c   0x0800027c   0x00000006   Code   RO         3766    .ARM.Collect$$_printf_percent$$00000015  c_w.l(_printf_lc.o)
    0x08000282   0x08000282   0x00000006   Code   RO         3767    .ARM.Collect$$_printf_percent$$00000016  c_w.l(_printf_ls.o)
    0x08000288   0x08000288   0x00000004   Code   RO         3810    .ARM.Collect$$_printf_percent$$00000017  c_w.l(_printf_percent_end.o)
    0x0800028c   0x0800028c   0x00000002   Code   RO         3863    .ARM.Collect$$libinit$$00000000  c_w.l(libinit.o)
    0x0800028e   0x0800028e   0x00000004   Code   RO         3883    .ARM.Collect$$libinit$$00000001  c_w.l(libinit2.o)
    0x08000292   0x08000292   0x00000000   Code   RO         3886    .ARM.Collect$$libinit$$00000004  c_w.l(libinit2.o)
    0x08000292   0x08000292   0x00000000   Code   RO         3889    .ARM.Collect$$libinit$$0000000A  c_w.l(libinit2.o)
    0x08000292   0x08000292   0x00000000   Code   RO         3891    .ARM.Collect$$libinit$$0000000C  c_w.l(libinit2.o)
    0x08000292   0x08000292   0x00000000   Code   RO         3893    .ARM.Collect$$libinit$$0000000E  c_w.l(libinit2.o)
    0x08000292   0x08000292   0x00000006   Code   RO         3894    .ARM.Collect$$libinit$$0000000F  c_w.l(libinit2.o)
    0x08000298   0x08000298   0x00000000   Code   RO         3896    .ARM.Collect$$libinit$$00000011  c_w.l(libinit2.o)
    0x08000298   0x08000298   0x0000000c   Code   RO         3897    .ARM.Collect$$libinit$$00000012  c_w.l(libinit2.o)
    0x080002a4   0x080002a4   0x00000000   Code   RO         3898    .ARM.Collect$$libinit$$00000013  c_w.l(libinit2.o)
    0x080002a4   0x080002a4   0x00000000   Code   RO         3900    .ARM.Collect$$libinit$$00000015  c_w.l(libinit2.o)
    0x080002a4   0x080002a4   0x0000000a   Code   RO         3901    .ARM.Collect$$libinit$$00000016  c_w.l(libinit2.o)
    0x080002ae   0x080002ae   0x00000000   Code   RO         3902    .ARM.Collect$$libinit$$00000017  c_w.l(libinit2.o)
    0x080002ae   0x080002ae   0x00000000   Code   RO         3904    .ARM.Collect$$libinit$$00000019  c_w.l(libinit2.o)
    0x080002ae   0x080002ae   0x00000000   Code   RO         3906    .ARM.Collect$$libinit$$0000001B  c_w.l(libinit2.o)
    0x080002ae   0x080002ae   0x00000000   Code   RO         3908    .ARM.Collect$$libinit$$0000001D  c_w.l(libinit2.o)
    0x080002ae   0x080002ae   0x00000000   Code   RO         3910    .ARM.Collect$$libinit$$0000001F  c_w.l(libinit2.o)
    0x080002ae   0x080002ae   0x00000000   Code   RO         3912    .ARM.Collect$$libinit$$00000021  c_w.l(libinit2.o)
    0x080002ae   0x080002ae   0x00000000   Code   RO         3914    .ARM.Collect$$libinit$$00000023  c_w.l(libinit2.o)
    0x080002ae   0x080002ae   0x00000000   Code   RO         3916    .ARM.Collect$$libinit$$00000025  c_w.l(libinit2.o)
    0x080002ae   0x080002ae   0x00000000   Code   RO         3920    .ARM.Collect$$libinit$$0000002C  c_w.l(libinit2.o)
    0x080002ae   0x080002ae   0x00000000   Code   RO         3922    .ARM.Collect$$libinit$$0000002E  c_w.l(libinit2.o)
    0x080002ae   0x080002ae   0x00000000   Code   RO         3924    .ARM.Collect$$libinit$$00000030  c_w.l(libinit2.o)
    0x080002ae   0x080002ae   0x00000000   Code   RO         3926    .ARM.Collect$$libinit$$00000032  c_w.l(libinit2.o)
    0x080002ae   0x080002ae   0x00000002   Code   RO         3927    .ARM.Collect$$libinit$$00000033  c_w.l(libinit2.o)
    0x080002b0   0x080002b0   0x00000002   Code   RO         3958    .ARM.Collect$$libshutdown$$00000000  c_w.l(libshutdown.o)
    0x080002b2   0x080002b2   0x00000000   Code   RO         3984    .ARM.Collect$$libshutdown$$00000002  c_w.l(libshutdown2.o)
    0x080002b2   0x080002b2   0x00000000   Code   RO         3986    .ARM.Collect$$libshutdown$$00000004  c_w.l(libshutdown2.o)
    0x080002b2   0x080002b2   0x00000000   Code   RO         3988    .ARM.Collect$$libshutdown$$00000006  c_w.l(libshutdown2.o)
    0x080002b2   0x080002b2   0x00000000   Code   RO         3991    .ARM.Collect$$libshutdown$$00000009  c_w.l(libshutdown2.o)
    0x080002b2   0x080002b2   0x00000000   Code   RO         3994    .ARM.Collect$$libshutdown$$0000000C  c_w.l(libshutdown2.o)
    0x080002b2   0x080002b2   0x00000000   Code   RO         3996    .ARM.Collect$$libshutdown$$0000000E  c_w.l(libshutdown2.o)
    0x080002b2   0x080002b2   0x00000000   Code   RO         3999    .ARM.Collect$$libshutdown$$00000011  c_w.l(libshutdown2.o)
    0x080002b2   0x080002b2   0x00000002   Code   RO         4000    .ARM.Collect$$libshutdown$$00000012  c_w.l(libshutdown2.o)
    0x080002b4   0x080002b4   0x00000000   Code   RO         3672    .ARM.Collect$$rtentry$$00000000  c_w.l(__rtentry.o)
    0x080002b4   0x080002b4   0x00000000   Code   RO         3779    .ARM.Collect$$rtentry$$00000002  c_w.l(__rtentry2.o)
    0x080002b4   0x080002b4   0x00000006   Code   RO         3791    .ARM.Collect$$rtentry$$00000004  c_w.l(__rtentry4.o)
    0x080002ba   0x080002ba   0x00000000   Code   RO         3781    .ARM.Collect$$rtentry$$00000009  c_w.l(__rtentry2.o)
    0x080002ba   0x080002ba   0x00000004   Code   RO         3782    .ARM.Collect$$rtentry$$0000000A  c_w.l(__rtentry2.o)
    0x080002be   0x080002be   0x00000000   Code   RO         3784    .ARM.Collect$$rtentry$$0000000C  c_w.l(__rtentry2.o)
    0x080002be   0x080002be   0x00000008   Code   RO         3785    .ARM.Collect$$rtentry$$0000000D  c_w.l(__rtentry2.o)
    0x080002c6   0x080002c6   0x00000002   Code   RO         3872    .ARM.Collect$$rtexit$$00000000  c_w.l(rtexit.o)
    0x080002c8   0x080002c8   0x00000000   Code   RO         3931    .ARM.Collect$$rtexit$$00000002  c_w.l(rtexit2.o)
    0x080002c8   0x080002c8   0x00000004   Code   RO         3932    .ARM.Collect$$rtexit$$00000003  c_w.l(rtexit2.o)
    0x080002cc   0x080002cc   0x00000006   Code   RO         3933    .ARM.Collect$$rtexit$$00000004  c_w.l(rtexit2.o)
    0x080002d2   0x080002d2   0x00000002   PAD
    0x080002d4   0x080002d4   0x00000040   Code   RO            4    .text               startup_stm32f407xx.o
    0x08000314   0x08000314   0x000000ee   Code   RO         3658    .text               c_w.l(lludivv7m.o)
    0x08000402   0x08000402   0x00000002   PAD
    0x08000404   0x08000404   0x00000034   Code   RO         3660    .text               c_w.l(vsnprintf.o)
    0x08000438   0x08000438   0x00000044   Code   RO         3662    .text               c_w.l(rt_memclr.o)
    0x0800047c   0x0800047c   0x0000004e   Code   RO         3664    .text               c_w.l(rt_memclr_w.o)
    0x080004ca   0x080004ca   0x00000002   PAD
    0x080004cc   0x080004cc   0x00000080   Code   RO         3666    .text               c_w.l(strcmpv7m.o)
    0x0800054c   0x0800054c   0x00000006   Code   RO         3668    .text               c_w.l(heapauxi.o)
    0x08000552   0x08000552   0x0000004e   Code   RO         3679    .text               c_w.l(_printf_pad.o)
    0x080005a0   0x080005a0   0x00000024   Code   RO         3681    .text               c_w.l(_printf_truncate.o)
    0x080005c4   0x080005c4   0x00000052   Code   RO         3683    .text               c_w.l(_printf_str.o)
    0x08000616   0x08000616   0x00000002   PAD
    0x08000618   0x08000618   0x00000078   Code   RO         3685    .text               c_w.l(_printf_dec.o)
    0x08000690   0x08000690   0x00000028   Code   RO         3687    .text               c_w.l(_printf_charcount.o)
    0x080006b8   0x080006b8   0x00000030   Code   RO         3689    .text               c_w.l(_printf_char_common.o)
    0x080006e8   0x080006e8   0x0000000a   Code   RO         3691    .text               c_w.l(_sputc.o)
    0x080006f2   0x080006f2   0x00000010   Code   RO         3693    .text               c_w.l(_snputc.o)
    0x08000702   0x08000702   0x00000002   PAD
    0x08000704   0x08000704   0x000000bc   Code   RO         3695    .text               c_w.l(_printf_wctomb.o)
    0x080007c0   0x080007c0   0x0000007c   Code   RO         3698    .text               c_w.l(_printf_longlong_dec.o)
    0x0800083c   0x0800083c   0x00000070   Code   RO         3704    .text               c_w.l(_printf_oct_int_ll.o)
    0x080008ac   0x080008ac   0x00000094   Code   RO         3724    .text               c_w.l(_printf_hex_int_ll_ptr.o)
    0x08000940   0x08000940   0x00000188   Code   RO         3744    .text               c_w.l(__printf_flags_ss_wp.o)
    0x08000ac8   0x08000ac8   0x0000008a   Code   RO         3795    .text               c_w.l(lludiv10.o)
    0x08000b52   0x08000b52   0x000000b2   Code   RO         3797    .text               c_w.l(_printf_intcommon.o)
    0x08000c04   0x08000c04   0x0000041e   Code   RO         3799    .text               c_w.l(_printf_fp_dec.o)
    0x08001022   0x08001022   0x00000002   PAD
    0x08001024   0x08001024   0x000002fc   Code   RO         3801    .text               c_w.l(_printf_fp_hex.o)
    0x08001320   0x08001320   0x0000002c   Code   RO         3806    .text               c_w.l(_printf_char.o)
    0x0800134c   0x0800134c   0x0000002c   Code   RO         3808    .text               c_w.l(_printf_wchar.o)
    0x08001378   0x08001378   0x00000040   Code   RO         3811    .text               c_w.l(_wcrtomb.o)
    0x080013b8   0x080013b8   0x0000004a   Code   RO         3813    .text               c_w.l(sys_stackheap_outer.o)
    0x08001402   0x08001402   0x00000002   PAD
    0x08001404   0x08001404   0x00000010   Code   RO         3815    .text               c_w.l(rt_ctype_table.o)
    0x08001414   0x08001414   0x00000008   Code   RO         3820    .text               c_w.l(rt_locale_intlibspace.o)
    0x0800141c   0x0800141c   0x00000080   Code   RO         3822    .text               c_w.l(_printf_fp_infnan.o)
    0x0800149c   0x0800149c   0x000000e4   Code   RO         3824    .text               c_w.l(bigflt0.o)
    0x08001580   0x08001580   0x00000012   Code   RO         3852    .text               c_w.l(exit.o)
    0x08001592   0x08001592   0x00000002   PAD
    0x08001594   0x08001594   0x00000008   Code   RO         3869    .text               c_w.l(libspace.o)
    0x0800159c   0x0800159c   0x0000000c   Code   RO         3928    .text               c_w.l(sys_exit.o)
    0x080015a8   0x080015a8   0x00000002   Code   RO         3947    .text               c_w.l(use_no_semi.o)
    0x080015aa   0x080015aa   0x00000000   Code   RO         3949    .text               c_w.l(indicate_semi.o)
    0x080015aa   0x080015aa   0x0000003e   Code   RO         3827    CL$$btod_d2e        c_w.l(btod.o)
    0x080015e8   0x080015e8   0x00000046   Code   RO         3829    CL$$btod_d2e_denorm_low  c_w.l(btod.o)
    0x0800162e   0x0800162e   0x00000060   Code   RO         3828    CL$$btod_d2e_norm_op1  c_w.l(btod.o)
    0x0800168e   0x0800168e   0x00000338   Code   RO         3837    CL$$btod_div_common  c_w.l(btod.o)
    0x080019c6   0x080019c6   0x000000dc   Code   RO         3834    CL$$btod_e2e        c_w.l(btod.o)
    0x08001aa2   0x08001aa2   0x0000002a   Code   RO         3831    CL$$btod_ediv       c_w.l(btod.o)
    0x08001acc   0x08001acc   0x0000002a   Code   RO         3830    CL$$btod_emul       c_w.l(btod.o)
    0x08001af6   0x08001af6   0x00000244   Code   RO         3836    CL$$btod_mult_common  c_w.l(btod.o)
    0x08001d3a   0x08001d3a   0x0000006e   Code   RO          565    i.ADC_DMAConvCplt   stm32f4xx_hal_adc.o
    0x08001da8   0x08001da8   0x00000016   Code   RO          566    i.ADC_DMAError      stm32f4xx_hal_adc.o
    0x08001dbe   0x08001dbe   0x0000000a   Code   RO          567    i.ADC_DMAHalfConvCplt  stm32f4xx_hal_adc.o
    0x08001dc8   0x08001dc8   0x00000128   Code   RO          568    i.ADC_Init          stm32f4xx_hal_adc.o
    0x08001ef0   0x08001ef0   0x00000002   Code   RO          435    i.BusFault_Handler  stm32f4xx_it.o
    0x08001ef2   0x08001ef2   0x00000010   Code   RO         1993    i.DAC_DMAConvCpltCh1  stm32f4xx_hal_dac.o
    0x08001f02   0x08001f02   0x00000010   Code   RO         2137    i.DAC_DMAConvCpltCh2  stm32f4xx_hal_dac_ex.o
    0x08001f12   0x08001f12   0x00000018   Code   RO         1994    i.DAC_DMAErrorCh1   stm32f4xx_hal_dac.o
    0x08001f2a   0x08001f2a   0x00000018   Code   RO         2138    i.DAC_DMAErrorCh2   stm32f4xx_hal_dac_ex.o
    0x08001f42   0x08001f42   0x0000000a   Code   RO         1995    i.DAC_DMAHalfConvCpltCh1  stm32f4xx_hal_dac.o
    0x08001f4c   0x08001f4c   0x0000000a   Code   RO         2139    i.DAC_DMAHalfConvCpltCh2  stm32f4xx_hal_dac_ex.o
    0x08001f56   0x08001f56   0x00000002   PAD
    0x08001f58   0x08001f58   0x0000000c   Code   RO          436    i.DMA1_Stream5_IRQHandler  stm32f4xx_it.o
    0x08001f64   0x08001f64   0x0000000c   Code   RO          437    i.DMA2_Stream0_IRQHandler  stm32f4xx_it.o
    0x08001f70   0x08001f70   0x00000028   Code   RO         1302    i.DMA_CalcBaseAndBitshift  stm32f4xx_hal_dma.o
    0x08001f98   0x08001f98   0x00000054   Code   RO         1303    i.DMA_CheckFifoParam  stm32f4xx_hal_dma.o
    0x08001fec   0x08001fec   0x00000028   Code   RO         1304    i.DMA_SetConfig     stm32f4xx_hal_dma.o
    0x08002014   0x08002014   0x00000002   Code   RO          438    i.DebugMon_Handler  stm32f4xx_it.o
    0x08002016   0x08002016   0x00000004   Code   RO           13    i.Error_Handler     main.o
    0x0800201a   0x0800201a   0x00000002   PAD
    0x0800201c   0x0800201c   0x0000014c   Code   RO          570    i.HAL_ADC_ConfigChannel  stm32f4xx_hal_adc.o
    0x08002168   0x08002168   0x00000002   Code   RO          571    i.HAL_ADC_ConvCpltCallback  stm32f4xx_hal_adc.o
    0x0800216a   0x0800216a   0x00000002   Code   RO          572    i.HAL_ADC_ConvHalfCpltCallback  stm32f4xx_hal_adc.o
    0x0800216c   0x0800216c   0x00000002   Code   RO          574    i.HAL_ADC_ErrorCallback  stm32f4xx_hal_adc.o
    0x0800216e   0x0800216e   0x00000054   Code   RO          579    i.HAL_ADC_Init      stm32f4xx_hal_adc.o
    0x080021c2   0x080021c2   0x00000002   PAD
    0x080021c4   0x080021c4   0x00000098   Code   RO          232    i.HAL_ADC_MspInit   adc.o
    0x0800225c   0x0800225c   0x00000154   Code   RO          586    i.HAL_ADC_Start_DMA  stm32f4xx_hal_adc.o
    0x080023b0   0x080023b0   0x0000006c   Code   RO          589    i.HAL_ADC_Stop_DMA  stm32f4xx_hal_adc.o
    0x0800241c   0x0800241c   0x00000002   Code   RO         2140    i.HAL_DACEx_ConvCpltCallbackCh2  stm32f4xx_hal_dac_ex.o
    0x0800241e   0x0800241e   0x00000002   Code   RO         2141    i.HAL_DACEx_ConvHalfCpltCallbackCh2  stm32f4xx_hal_dac_ex.o
    0x08002420   0x08002420   0x00000002   Code   RO         2147    i.HAL_DACEx_ErrorCallbackCh2  stm32f4xx_hal_dac_ex.o
    0x08002422   0x08002422   0x0000004e   Code   RO         1996    i.HAL_DAC_ConfigChannel  stm32f4xx_hal_dac.o
    0x08002470   0x08002470   0x00000002   Code   RO         1997    i.HAL_DAC_ConvCpltCallbackCh1  stm32f4xx_hal_dac.o
    0x08002472   0x08002472   0x00000002   Code   RO         1998    i.HAL_DAC_ConvHalfCpltCallbackCh1  stm32f4xx_hal_dac.o
    0x08002474   0x08002474   0x00000002   Code   RO         2001    i.HAL_DAC_ErrorCallbackCh1  stm32f4xx_hal_dac.o
    0x08002476   0x08002476   0x00000028   Code   RO         2006    i.HAL_DAC_Init      stm32f4xx_hal_dac.o
    0x0800249e   0x0800249e   0x00000002   PAD
    0x080024a0   0x080024a0   0x000000a0   Code   RO          274    i.HAL_DAC_MspInit   dac.o
    0x08002540   0x08002540   0x00000062   Code   RO         2010    i.HAL_DAC_Start     stm32f4xx_hal_dac.o
    0x080025a2   0x080025a2   0x00000002   PAD
    0x080025a4   0x080025a4   0x000000e0   Code   RO         2011    i.HAL_DAC_Start_DMA  stm32f4xx_hal_dac.o
    0x08002684   0x08002684   0x00000052   Code   RO         2013    i.HAL_DAC_Stop_DMA  stm32f4xx_hal_dac.o
    0x080026d6   0x080026d6   0x00000092   Code   RO         1305    i.HAL_DMA_Abort     stm32f4xx_hal_dma.o
    0x08002768   0x08002768   0x00000024   Code   RO         1306    i.HAL_DMA_Abort_IT  stm32f4xx_hal_dma.o
    0x0800278c   0x0800278c   0x000001a0   Code   RO         1310    i.HAL_DMA_IRQHandler  stm32f4xx_hal_dma.o
    0x0800292c   0x0800292c   0x000000d4   Code   RO         1311    i.HAL_DMA_Init      stm32f4xx_hal_dma.o
    0x08002a00   0x08002a00   0x0000006e   Code   RO         1315    i.HAL_DMA_Start_IT  stm32f4xx_hal_dma.o
    0x08002a6e   0x08002a6e   0x00000002   PAD
    0x08002a70   0x08002a70   0x00000024   Code   RO         1742    i.HAL_Delay         stm32f4xx_hal.o
    0x08002a94   0x08002a94   0x000001f0   Code   RO         1198    i.HAL_GPIO_Init     stm32f4xx_hal_gpio.o
    0x08002c84   0x08002c84   0x0000000c   Code   RO         1748    i.HAL_GetTick       stm32f4xx_hal.o
    0x08002c90   0x08002c90   0x00000010   Code   RO         1754    i.HAL_IncTick       stm32f4xx_hal.o
    0x08002ca0   0x08002ca0   0x00000034   Code   RO         1755    i.HAL_Init          stm32f4xx_hal.o
    0x08002cd4   0x08002cd4   0x00000040   Code   RO         1756    i.HAL_InitTick      stm32f4xx_hal.o
    0x08002d14   0x08002d14   0x00000030   Code   RO          541    i.HAL_MspInit       stm32f4xx_hal_msp.o
    0x08002d44   0x08002d44   0x0000001a   Code   RO         1590    i.HAL_NVIC_EnableIRQ  stm32f4xx_hal_cortex.o
    0x08002d5e   0x08002d5e   0x00000002   PAD
    0x08002d60   0x08002d60   0x00000040   Code   RO         1596    i.HAL_NVIC_SetPriority  stm32f4xx_hal_cortex.o
    0x08002da0   0x08002da0   0x00000024   Code   RO         1597    i.HAL_NVIC_SetPriorityGrouping  stm32f4xx_hal_cortex.o
    0x08002dc4   0x08002dc4   0x00000134   Code   RO          844    i.HAL_RCC_ClockConfig  stm32f4xx_hal_rcc.o
    0x08002ef8   0x08002ef8   0x00000020   Code   RO          851    i.HAL_RCC_GetPCLK1Freq  stm32f4xx_hal_rcc.o
    0x08002f18   0x08002f18   0x00000020   Code   RO          852    i.HAL_RCC_GetPCLK2Freq  stm32f4xx_hal_rcc.o
    0x08002f38   0x08002f38   0x00000060   Code   RO          853    i.HAL_RCC_GetSysClockFreq  stm32f4xx_hal_rcc.o
    0x08002f98   0x08002f98   0x0000036c   Code   RO          856    i.HAL_RCC_OscConfig  stm32f4xx_hal_rcc.o
    0x08003304   0x08003304   0x00000028   Code   RO         1601    i.HAL_SYSTICK_Config  stm32f4xx_hal_cortex.o
    0x0800332c   0x0800332c   0x00000090   Code   RO         2958    i.HAL_TIMEx_MasterConfigSynchronization  stm32f4xx_hal_tim_ex.o
    0x080033bc   0x080033bc   0x0000005a   Code   RO         2235    i.HAL_TIM_Base_Init  stm32f4xx_hal_tim.o
    0x08003416   0x08003416   0x00000002   PAD
    0x08003418   0x08003418   0x00000024   Code   RO          340    i.HAL_TIM_Base_MspInit  tim.o
    0x0800343c   0x0800343c   0x00000078   Code   RO         2238    i.HAL_TIM_Base_Start  stm32f4xx_hal_tim.o
    0x080034b4   0x080034b4   0x000000dc   Code   RO         2244    i.HAL_TIM_ConfigClockSource  stm32f4xx_hal_tim.o
    0x08003590   0x08003590   0x00000002   Code   RO         3218    i.HAL_UARTEx_RxEventCallback  stm32f4xx_hal_uart.o
    0x08003592   0x08003592   0x00000002   Code   RO         3232    i.HAL_UART_ErrorCallback  stm32f4xx_hal_uart.o
    0x08003594   0x08003594   0x00000270   Code   RO         3235    i.HAL_UART_IRQHandler  stm32f4xx_hal_uart.o
    0x08003804   0x08003804   0x00000064   Code   RO         3236    i.HAL_UART_Init     stm32f4xx_hal_uart.o
    0x08003868   0x08003868   0x0000011c   Code   RO          382    i.HAL_UART_MspInit  usart.o
    0x08003984   0x08003984   0x0000001c   Code   RO         3241    i.HAL_UART_Receive_IT  stm32f4xx_hal_uart.o
    0x080039a0   0x080039a0   0x0000005c   Code   RO         3607    i.HAL_UART_RxCpltCallback  my_usart_1.o
    0x080039fc   0x080039fc   0x000000a0   Code   RO         3244    i.HAL_UART_Transmit  stm32f4xx_hal_uart.o
    0x08003a9c   0x08003a9c   0x00000002   Code   RO         3247    i.HAL_UART_TxCpltCallback  stm32f4xx_hal_uart.o
    0x08003a9e   0x08003a9e   0x00000002   Code   RO          439    i.HardFault_Handler  stm32f4xx_it.o
    0x08003aa0   0x08003aa0   0x00000060   Code   RO          233    i.MX_ADC1_Init      adc.o
    0x08003b00   0x08003b00   0x0000003c   Code   RO          275    i.MX_DAC_Init       dac.o
    0x08003b3c   0x08003b3c   0x0000004c   Code   RO          315    i.MX_DMA_Init       dma.o
    0x08003b88   0x08003b88   0x0000003c   Code   RO          207    i.MX_GPIO_Init      gpio.o
    0x08003bc4   0x08003bc4   0x00000068   Code   RO          341    i.MX_TIM2_Init      tim.o
    0x08003c2c   0x08003c2c   0x00000038   Code   RO          383    i.MX_USART1_UART_Init  usart.o
    0x08003c64   0x08003c64   0x00000038   Code   RO          384    i.MX_USART2_UART_Init  usart.o
    0x08003c9c   0x08003c9c   0x00000038   Code   RO          385    i.MX_USART3_UART_Init  usart.o
    0x08003cd4   0x08003cd4   0x00000002   Code   RO          440    i.MemManage_Handler  stm32f4xx_it.o
    0x08003cd6   0x08003cd6   0x00000002   Code   RO          441    i.NMI_Handler       stm32f4xx_it.o
    0x08003cd8   0x08003cd8   0x00000002   Code   RO          442    i.PendSV_Handler    stm32f4xx_it.o
    0x08003cda   0x08003cda   0x00000002   Code   RO          443    i.SVC_Handler       stm32f4xx_it.o
    0x08003cdc   0x08003cdc   0x00000100   Code   RO           14    i.Start_ADC_DAC_DMA  main.o
    0x08003ddc   0x08003ddc   0x00000048   Code   RO           15    i.Stop_ADC_DAC_DMA  main.o
    0x08003e24   0x08003e24   0x00000004   Code   RO          444    i.SysTick_Handler   stm32f4xx_it.o
    0x08003e28   0x08003e28   0x00000090   Code   RO           16    i.SystemClock_Config  main.o
    0x08003eb8   0x08003eb8   0x00000010   Code   RO         3570    i.SystemInit        system_stm32f4xx.o
    0x08003ec8   0x08003ec8   0x000000d8   Code   RO         2328    i.TIM_Base_SetConfig  stm32f4xx_hal_tim.o
    0x08003fa0   0x08003fa0   0x00000014   Code   RO         2339    i.TIM_ETR_SetConfig  stm32f4xx_hal_tim.o
    0x08003fb4   0x08003fb4   0x00000010   Code   RO         2340    i.TIM_ITRx_SetConfig  stm32f4xx_hal_tim.o
    0x08003fc4   0x08003fc4   0x00000022   Code   RO         2346    i.TIM_TI1_ConfigInputStage  stm32f4xx_hal_tim.o
    0x08003fe6   0x08003fe6   0x00000024   Code   RO         2348    i.TIM_TI2_ConfigInputStage  stm32f4xx_hal_tim.o
    0x0800400a   0x0800400a   0x00000010   Code   RO         3249    i.UART_DMAAbortOnError  stm32f4xx_hal_uart.o
    0x0800401a   0x0800401a   0x0000004e   Code   RO         3259    i.UART_EndRxTransfer  stm32f4xx_hal_uart.o
    0x08004068   0x08004068   0x000000c2   Code   RO         3261    i.UART_Receive_IT   stm32f4xx_hal_uart.o
    0x0800412a   0x0800412a   0x00000002   PAD
    0x0800412c   0x0800412c   0x0000010c   Code   RO         3262    i.UART_SetConfig    stm32f4xx_hal_uart.o
    0x08004238   0x08004238   0x00000036   Code   RO         3264    i.UART_Start_Receive_IT  stm32f4xx_hal_uart.o
    0x0800426e   0x0800426e   0x00000072   Code   RO         3265    i.UART_WaitOnFlagUntilTimeout  stm32f4xx_hal_uart.o
    0x080042e0   0x080042e0   0x0000000c   Code   RO          445    i.USART1_IRQHandler  stm32f4xx_it.o
    0x080042ec   0x080042ec   0x0000000c   Code   RO          446    i.USART2_IRQHandler  stm32f4xx_it.o
    0x080042f8   0x080042f8   0x0000000c   Code   RO          447    i.USART3_IRQHandler  stm32f4xx_it.o
    0x08004304   0x08004304   0x00000002   Code   RO          448    i.UsageFault_Handler  stm32f4xx_it.o
    0x08004306   0x08004306   0x00000030   Code   RO         3867    i.__ARM_fpclassify  m_wm.l(fpclassify.o)
    0x08004336   0x08004336   0x00000020   Code   RO         1603    i.__NVIC_SetPriority  stm32f4xx_hal_cortex.o
    0x08004356   0x08004356   0x0000000e   Code   RO         3737    i._is_digit         c_w.l(__printf_wp.o)
    0x08004364   0x08004364   0x000000f4   Code   RO           17    i.main              main.o
    0x08004458   0x08004458   0x00000032   Code   RO         3608    i.my_printf         my_usart_1.o
    0x0800448a   0x0800448a   0x00000002   PAD
    0x0800448c   0x0800448c   0x0000002c   Code   RO         3850    locale$$code        c_w.l(lc_numeric_c.o)
    0x080044b8   0x080044b8   0x0000002c   Code   RO         3877    locale$$code        c_w.l(lc_ctype_c.o)
    0x080044e4   0x080044e4   0x0000000a   Code   RO         3943    x$fpl$fpinit        fz_wm.l(fpinit.o)
    0x080044ee   0x080044ee   0x00000004   Code   RO         3770    x$fpl$printf1       fz_wm.l(printf1.o)
    0x080044f2   0x080044f2   0x00000004   Code   RO         3772    x$fpl$printf2       fz_wm.l(printf2.o)
    0x080044f6   0x080044f6   0x00000000   Code   RO         3866    x$fpl$usenofp       fz_wm.l(usenofp.o)
    0x080044f6   0x080044f6   0x00000008   Data   RO         1317    .constdata          stm32f4xx_hal_dma.o
    0x080044fe   0x080044fe   0x00000010   Data   RO         3571    .constdata          system_stm32f4xx.o
    0x0800450e   0x0800450e   0x00000008   Data   RO         3572    .constdata          system_stm32f4xx.o
    0x08004516   0x08004516   0x00000002   PAD
    0x08004518   0x08004518   0x00000008   Data   RO         3696    .constdata          c_w.l(_printf_wctomb.o)
    0x08004520   0x08004520   0x00000028   Data   RO         3725    .constdata          c_w.l(_printf_hex_int_ll_ptr.o)
    0x08004548   0x08004548   0x00000011   Data   RO         3745    .constdata          c_w.l(__printf_flags_ss_wp.o)
    0x08004559   0x08004559   0x00000026   Data   RO         3802    .constdata          c_w.l(_printf_fp_hex.o)
    0x0800457f   0x0800457f   0x00000001   PAD
    0x08004580   0x08004580   0x00000094   Data   RO         3825    .constdata          c_w.l(bigflt0.o)
    0x08004614   0x08004614   0x00000047   Data   RO           19    .conststring        main.o
    0x0800465b   0x0800465b   0x00000001   PAD
    0x0800465c   0x0800465c   0x00000020   Data   RO         4001    Region$$Table       anon$$obj.o
    0x0800467c   0x0800467c   0x0000001c   Data   RO         3849    locale$$data        c_w.l(lc_numeric_c.o)
    0x08004698   0x08004698   0x00000110   Data   RO         3876    locale$$data        c_w.l(lc_ctype_c.o)


    Execution Region RW_IRAM1 (Exec base: 0x20000000, Load base: 0x080047a8, Size: 0x00001138, Max: 0x0001c000, ABSOLUTE)

    Exec Addr    Load Addr    Size         Type   Attr      Idx    E Section Name        Object

    0x20000000   0x080047a8   0x00000001   Data   RW           20    .data               main.o
    0x20000001   0x080047a9   0x00000003   PAD
    0x20000004   0x080047ac   0x0000000c   Data   RW         1762    .data               stm32f4xx_hal.o
    0x20000010   0x080047b8   0x00000004   Data   RW         3573    .data               system_stm32f4xx.o
    0x20000014   0x080047bc   0x00000004   Data   RW         3616    .data               my_usart_1.o
    0x20000018        -       0x00000800   Zero   RW           18    .bss                main.o
    0x20000818        -       0x000000a8   Zero   RW          234    .bss                adc.o
    0x200008c0        -       0x00000074   Zero   RW          276    .bss                dac.o
    0x20000934        -       0x00000048   Zero   RW          342    .bss                tim.o
    0x2000097c        -       0x000000d8   Zero   RW          386    .bss                usart.o
    0x20000a54        -       0x00000080   Zero   RW         3611    .bss                my_usart_1.o
    0x20000ad4        -       0x00000060   Zero   RW         3870    .bss                c_w.l(libspace.o)
    0x20000b34   0x080047c0   0x00000004   PAD
    0x20000b38        -       0x00000200   Zero   RW            2    HEAP                startup_stm32f407xx.o
    0x20000d38        -       0x00000400   Zero   RW            1    STACK               startup_stm32f407xx.o


    Execution Region RW_IRAM2 (Exec base: 0x2001c000, Load base: 0x080047c0, Size: 0x00000000, Max: 0x00004000, ABSOLUTE)

    **** No section assigned to this execution region ****


==============================================================================

Image component sizes


      Code (inc. data)   RO Data    RW Data    ZI Data      Debug   Object Name

       248         28          0          0        168       1751   adc.o
       220         30          0          0        116       1717   dac.o
        76          4          0          0          0        806   dma.o
        60          6          0          0          0        823   gpio.o
       720        298         71          1       2048     711808   main.o
       142         16          0          4        128       2984   my_usart_1.o
        64         26        392          0       1536        836   startup_stm32f407xx.o
       180         28          0         12          0       9357   stm32f4xx_hal.o
      1308         66          0          0          0       8136   stm32f4xx_hal_adc.o
       198         14          0          0          0      33775   stm32f4xx_hal_cortex.o
       578         24          0          0          0       8097   stm32f4xx_hal_dac.o
        56          0          0          0          0       3893   stm32f4xx_hal_dac_ex.o
      1084         16          8          0          0       7286   stm32f4xx_hal_dma.o
       496         46          0          0          0       1516   stm32f4xx_hal_gpio.o
        48          6          0          0          0        846   stm32f4xx_hal_msp.o
      1344         72          0          0          0       5192   stm32f4xx_hal_rcc.o
       752         76          0          0          0       6968   stm32f4xx_hal_tim.o
       144         28          0          0          0       1360   stm32f4xx_hal_tim_ex.o
      1642         16          0          0          0      11336   stm32f4xx_hal_uart.o
        80         30          0          0          0       6434   stm32f4xx_it.o
        16          4         24          4          0       1103   system_stm32f4xx.o
       140         12          0          0         72       1634   tim.o
       452         50          0          0        216       3116   usart.o

    ----------------------------------------------------------------------
     10068        896        530         24       4284     830774   Object Totals
         0          0         32          0          0          0   (incl. Generated)
        20          0          3          3          0          0   (incl. Padding)

    ----------------------------------------------------------------------

      Code (inc. data)   RO Data    RW Data    ZI Data      Debug   Library Member Name

         8          0          0          0          0         68   __main.o
       392          4         17          0          0         92   __printf_flags_ss_wp.o
        14          0          0          0          0         68   __printf_wp.o
         0          0          0          0          0          0   __rtentry.o
        12          0          0          0          0          0   __rtentry2.o
         6          0          0          0          0          0   __rtentry4.o
        52          8          0          0          0          0   __scatter.o
        26          0          0          0          0          0   __scatter_copy.o
        28          0          0          0          0          0   __scatter_zi.o
         6          0          0          0          0          0   _printf_a.o
         6          0          0          0          0          0   _printf_c.o
        44          0          0          0          0        108   _printf_char.o
        48          6          0          0          0         96   _printf_char_common.o
        40          0          0          0          0         68   _printf_charcount.o
         6          0          0          0          0          0   _printf_d.o
       120         16          0          0          0         92   _printf_dec.o
         6          0          0          0          0          0   _printf_e.o
         6          0          0          0          0          0   _printf_f.o
      1054          0          0          0          0        216   _printf_fp_dec.o
       764          8         38          0          0        100   _printf_fp_hex.o
       128         16          0          0          0         84   _printf_fp_infnan.o
         6          0          0          0          0          0   _printf_g.o
       148          4         40          0          0        160   _printf_hex_int_ll_ptr.o
         6          0          0          0          0          0   _printf_i.o
       178          0          0          0          0         88   _printf_intcommon.o
        10          0          0          0          0          0   _printf_l.o
         6          0          0          0          0          0   _printf_lc.o
        10          0          0          0          0          0   _printf_ll.o
         6          0          0          0          0          0   _printf_lld.o
         6          0          0          0          0          0   _printf_lli.o
         6          0          0          0          0          0   _printf_llo.o
         6          0          0          0          0          0   _printf_llu.o
         6          0          0          0          0          0   _printf_llx.o
       124         16          0          0          0         92   _printf_longlong_dec.o
         6          0          0          0          0          0   _printf_ls.o
         6          0          0          0          0          0   _printf_n.o
         6          0          0          0          0          0   _printf_o.o
       112         10          0          0          0        124   _printf_oct_int_ll.o
         6          0          0          0          0          0   _printf_p.o
        78          0          0          0          0        108   _printf_pad.o
         0          0          0          0          0          0   _printf_percent.o
         4          0          0          0          0          0   _printf_percent_end.o
         6          0          0          0          0          0   _printf_s.o
        82          0          0          0          0         80   _printf_str.o
        36          0          0          0          0         84   _printf_truncate.o
         6          0          0          0          0          0   _printf_u.o
        44          0          0          0          0        108   _printf_wchar.o
       188          6          8          0          0         92   _printf_wctomb.o
         6          0          0          0          0          0   _printf_x.o
        16          0          0          0          0         68   _snputc.o
        10          0          0          0          0         68   _sputc.o
        64          0          0          0          0         92   _wcrtomb.o
       228          4        148          0          0         96   bigflt0.o
      1936        128          0          0          0        672   btod.o
        18          0          0          0          0         80   exit.o
         6          0          0          0          0        152   heapauxi.o
         0          0          0          0          0          0   indicate_semi.o
        44         10        272          0          0         76   lc_ctype_c.o
        44         10         28          0          0         76   lc_numeric_c.o
         2          0          0          0          0          0   libinit.o
        34          0          0          0          0          0   libinit2.o
         2          0          0          0          0          0   libshutdown.o
         2          0          0          0          0          0   libshutdown2.o
         8          4          0          0         96         68   libspace.o
       138          0          0          0          0         80   lludiv10.o
       238          0          0          0          0        100   lludivv7m.o
        16          4          0          0          0         76   rt_ctype_table.o
         8          4          0          0          0         68   rt_locale_intlibspace.o
        68          0          0          0          0         68   rt_memclr.o
        78          0          0          0          0         80   rt_memclr_w.o
         2          0          0          0          0          0   rtexit.o
        10          0          0          0          0          0   rtexit2.o
       128          0          0          0          0         68   strcmpv7m.o
        12          4          0          0          0         68   sys_exit.o
        74          0          0          0          0         80   sys_stackheap_outer.o
         2          0          0          0          0         68   use_no_semi.o
        52          4          0          0          0         80   vsnprintf.o
        10          0          0          0          0        116   fpinit.o
         4          0          0          0          0        116   printf1.o
         4          0          0          0          0        116   printf2.o
         0          0          0          0          0          0   usenofp.o
        48          0          0          0          0        124   fpclassify.o

    ----------------------------------------------------------------------
      7194        266        552          0        100       4684   Library Totals
        18          0          1          0          4          0   (incl. Padding)

    ----------------------------------------------------------------------

      Code (inc. data)   RO Data    RW Data    ZI Data      Debug   Library Name

      7110        266        551          0         96       4212   c_w.l
        18          0          0          0          0        348   fz_wm.l
        48          0          0          0          0        124   m_wm.l

    ----------------------------------------------------------------------
      7194        266        552          0        100       4684   Library Totals

    ----------------------------------------------------------------------

==============================================================================


      Code (inc. data)   RO Data    RW Data    ZI Data      Debug   

     17262       1162       1082         24       4384     822670   Grand Totals
     17262       1162       1082         24       4384     822670   ELF Image Totals
     17262       1162       1082         24          0          0   ROM Totals

==============================================================================

    Total RO  Size (Code + RO Data)                18344 (  17.91kB)
    Total RW  Size (RW Data + ZI Data)              4408 (   4.30kB)
    Total ROM Size (Code + RO Data + RW Data)      18368 (  17.94kB)

==============================================================================

