Component: ARM Compiler 5.06 update 7 (build 960) Tool: armlink [4d3601]

==============================================================================

Section Cross References

    startup_stm32f407xx.o(STACK) refers (Special) to heapauxi.o(.text) for __use_two_region_memory
    startup_stm32f407xx.o(HEAP) refers (Special) to heapauxi.o(.text) for __use_two_region_memory
    startup_stm32f407xx.o(RESET) refers (Special) to heapauxi.o(.text) for __use_two_region_memory
    startup_stm32f407xx.o(RESET) refers to startup_stm32f407xx.o(STACK) for __initial_sp
    startup_stm32f407xx.o(RESET) refers to startup_stm32f407xx.o(.text) for Reset_Handler
    startup_stm32f407xx.o(RESET) refers to stm32f4xx_it.o(i.NMI_Handler) for NMI_Handler
    startup_stm32f407xx.o(RESET) refers to stm32f4xx_it.o(i.HardFault_Handler) for HardFault_Handler
    startup_stm32f407xx.o(RESET) refers to stm32f4xx_it.o(i.MemManage_Handler) for MemManage_Handler
    startup_stm32f407xx.o(RESET) refers to stm32f4xx_it.o(i.BusFault_Handler) for BusFault_Handler
    startup_stm32f407xx.o(RESET) refers to stm32f4xx_it.o(i.UsageFault_Handler) for UsageFault_Handler
    startup_stm32f407xx.o(RESET) refers to stm32f4xx_it.o(i.SVC_Handler) for SVC_Handler
    startup_stm32f407xx.o(RESET) refers to stm32f4xx_it.o(i.DebugMon_Handler) for DebugMon_Handler
    startup_stm32f407xx.o(RESET) refers to stm32f4xx_it.o(i.PendSV_Handler) for PendSV_Handler
    startup_stm32f407xx.o(RESET) refers to stm32f4xx_it.o(i.SysTick_Handler) for SysTick_Handler
    startup_stm32f407xx.o(RESET) refers to stm32f4xx_it.o(i.DMA1_Stream5_IRQHandler) for DMA1_Stream5_IRQHandler
    startup_stm32f407xx.o(RESET) refers to stm32f4xx_it.o(i.USART1_IRQHandler) for USART1_IRQHandler
    startup_stm32f407xx.o(RESET) refers to stm32f4xx_it.o(i.USART2_IRQHandler) for USART2_IRQHandler
    startup_stm32f407xx.o(RESET) refers to stm32f4xx_it.o(i.USART3_IRQHandler) for USART3_IRQHandler
    startup_stm32f407xx.o(RESET) refers to stm32f4xx_it.o(i.DMA2_Stream0_IRQHandler) for DMA2_Stream0_IRQHandler
    startup_stm32f407xx.o(.text) refers (Special) to heapauxi.o(.text) for __use_two_region_memory
    startup_stm32f407xx.o(.text) refers to system_stm32f4xx.o(i.SystemInit) for SystemInit
    startup_stm32f407xx.o(.text) refers to __main.o(!!!main) for __main
    startup_stm32f407xx.o(.text) refers to startup_stm32f407xx.o(HEAP) for Heap_Mem
    startup_stm32f407xx.o(.text) refers to startup_stm32f407xx.o(STACK) for Stack_Mem
    my_hmi.o(i.HMI_Debug_Print) refers to vsnprintf.o(.text) for vsnprintf
    my_hmi.o(i.HMI_Debug_Print) refers to my_hmi.o(i.HMI_Send_String) for HMI_Send_String
    my_hmi.o(i.HMI_Send_Float) refers to dflt_clz.o(x$fpl$dflt) for __aeabi_i2d
    my_hmi.o(i.HMI_Send_Float) refers to pow.o(i.__hardfp_pow) for __hardfp_pow
    my_hmi.o(i.HMI_Send_Float) refers to f2d.o(x$fpl$f2d) for __aeabi_f2d
    my_hmi.o(i.HMI_Send_Float) refers to dmul.o(x$fpl$dmul) for __aeabi_dmul
    my_hmi.o(i.HMI_Send_Float) refers to dfix.o(x$fpl$dfix) for __aeabi_d2iz
    my_hmi.o(i.HMI_Send_Float) refers to my_usart_1.o(i.my_printf) for my_printf
    my_hmi.o(i.HMI_Send_Float) refers to usart.o(.bss) for huart2
    my_hmi.o(i.HMI_Send_Int) refers to my_usart_1.o(i.my_printf) for my_printf
    my_hmi.o(i.HMI_Send_Int) refers to usart.o(.bss) for huart2
    my_hmi.o(i.HMI_Send_String) refers to my_usart_1.o(i.my_printf) for my_printf
    my_hmi.o(i.HMI_Send_String) refers to usart.o(.bss) for huart2
    my_hmi.o(i.HMI_Wave_Clear) refers to my_usart_1.o(i.my_printf) for my_printf
    my_hmi.o(i.HMI_Wave_Clear) refers to usart.o(.bss) for huart2
    my_hmi.o(i.HMI_Write_Wave_Fast) refers to my_usart_1.o(i.my_printf) for my_printf
    my_hmi.o(i.HMI_Write_Wave_Fast) refers to stm32f4xx_hal.o(i.HAL_Delay) for HAL_Delay
    my_hmi.o(i.HMI_Write_Wave_Fast) refers to usart.o(.bss) for huart2
    my_hmi.o(i.HMI_Write_Wave_Low) refers to my_usart_1.o(i.my_printf) for my_printf
    my_hmi.o(i.HMI_Write_Wave_Low) refers to usart.o(.bss) for huart2
    main.o(i.HAL_ADC_ConvCpltCallback) refers to audio_recorder.o(i.AUDIO_ADC_ConvCpltCallback) for AUDIO_ADC_ConvCpltCallback
    main.o(i.HAL_ADC_ConvHalfCpltCallback) refers to audio_recorder.o(i.AUDIO_ADC_ConvHalfCpltCallback) for AUDIO_ADC_ConvHalfCpltCallback
    main.o(i.HAL_DAC_ConvCpltCallbackCh1) refers to audio_recorder.o(i.AUDIO_DAC_ConvCpltCallbackCh1) for AUDIO_DAC_ConvCpltCallbackCh1
    main.o(i.HAL_DAC_ConvHalfCpltCallbackCh1) refers to audio_recorder.o(i.AUDIO_DAC_ConvHalfCpltCallbackCh1) for AUDIO_DAC_ConvHalfCpltCallbackCh1
    main.o(i.SystemClock_Config) refers to rt_memclr_w.o(.text) for __aeabi_memclr4
    main.o(i.SystemClock_Config) refers to stm32f4xx_hal_rcc.o(i.HAL_RCC_OscConfig) for HAL_RCC_OscConfig
    main.o(i.SystemClock_Config) refers to stm32f4xx_hal_rcc.o(i.HAL_RCC_ClockConfig) for HAL_RCC_ClockConfig
    main.o(i.main) refers to stm32f4xx_hal.o(i.HAL_Init) for HAL_Init
[...]
    _printf_sizespec                         0x00000000   Number         0  printf_stubs.o ABSOLUTE
    _printf_widthprec                        0x00000000   Number         0  printf_stubs.o ABSOLUTE
    __ARM_exceptions_init                     - Undefined Weak Reference
    __alloca_initialize                       - Undefined Weak Reference
    __arm_fini_                               - Undefined Weak Reference
    __arm_preinit_                            - Undefined Weak Reference
    __cpp_initialize__aeabi_                  - Undefined Weak Reference
    __cxa_finalize                            - Undefined Weak Reference
    __sigvec_lookup                           - Undefined Weak Reference
    _atexit_init                              - Undefined Weak Reference
    _call_atexit_fns                          - Undefined Weak Reference
    _clock_init                               - Undefined Weak Reference
    _fp_trap_init                             - Undefined Weak Reference
    _fp_trap_shutdown                         - Undefined Weak Reference
    _get_lc_collate                           - Undefined Weak Reference
    _get_lc_monetary                          - Undefined Weak Reference
    _get_lc_time                              - Undefined Weak Reference
    _getenv_init                              - Undefined Weak Reference
    _handle_redirection                       - Undefined Weak Reference
    _init_alloc                               - Undefined Weak Reference
    _init_user_alloc                          - Undefined Weak Reference
    _initio                                   - Undefined Weak Reference
    _printf_mbtowc                            - Undefined Weak Reference
    _printf_wc                                - Undefined Weak Reference
    _rand_init                                - Undefined Weak Reference
    _signal_finish                            - Undefined Weak Reference
    _signal_init                              - Undefined Weak Reference
    _terminate_alloc                          - Undefined Weak Reference
    _terminate_user_alloc                     - Undefined Weak Reference
    _terminateio                              - Undefined Weak Reference
    __Vectors_Size                           0x00000188   Number         0  startup_stm32f407xx.o ABSOLUTE
    __Vectors                                0x08000000   Data           4  startup_stm32f407xx.o(RESET)
    __Vectors_End                            0x08000188   Data           0  startup_stm32f407xx.o(RESET)
    __main                                   0x08000189   Thumb Code     8  __main.o(!!!main)
    __scatterload                            0x08000191   Thumb Code     0  __scatter.o(!!!scatter)
    __scatterload_rt2                        0x08000191   Thumb Code    44  __scatter.o(!!!scatter)
    __scatterload_rt2_thumb_only             0x08000191   Thumb Code     0  __scatter.o(!!!scatter)
    __scatterload_null                       0x0800019f   Thumb Code     0  __scatter.o(!!!scatter)
    __scatterload_copy                       0x080001c5   Thumb Code    26  __scatter_copy.o(!!handler_copy)
    __scatterload_zeroinit                   0x080001e1   Thumb Code    28  __scatter_zi.o(!!handler_zi)
    _printf_n                                0x080001fd   Thumb Code     0  _printf_n.o(.ARM.Collect$$_printf_percent$$00000001)
    _printf_percent                          0x080001fd   Thumb Code     0  _printf_percent.o(.ARM.Collect$$_printf_percent$$00000000)
    _printf_p                                0x08000203   Thumb Code     0  _printf_p.o(.ARM.Collect$$_printf_percent$$00000002)
    _printf_f                                0x08000209   Thumb Code     0  _printf_f.o(.ARM.Collect$$_printf_percent$$00000003)
    _printf_e                                0x0800020f   Thumb Code     0  _printf_e.o(.ARM.Collect$$_printf_percent$$00000004)
    _printf_g                                0x08000215   Thumb Code     0  _printf_g.o(.ARM.Collect$$_printf_percent$$00000005)
    _printf_a                                0x0800021b   Thumb Code     0  _printf_a.o(.ARM.Collect$$_printf_percent$$00000006)
    _printf_ll                               0x08000221   Thumb Code     0  _printf_ll.o(.ARM.Collect$$_printf_percent$$00000007)
    _printf_i                                0x0800022b   Thumb Code     0  _printf_i.o(.ARM.Collect$$_printf_percent$$00000008)
    _printf_d                                0x08000231   Thumb Code     0  _printf_d.o(.ARM.Collect$$_printf_percent$$00000009)
    _printf_u                                0x08000237   Thumb Code     0  _printf_u.o(.ARM.Collect$$_printf_percent$$0000000A)
    _printf_o                                0x0800023d   Thumb Code     0  _printf_o.o(.ARM.Collect$$_printf_percent$$0000000B)
    _printf_x                                0x08000243   Thumb Code     0  _printf_x.o(.ARM.Collect$$_printf_percent$$0000000C)
    _printf_lli                              0x08000249   Thumb Code     0  _printf_lli.o(.ARM.Collect$$_printf_percent$$0000000D)
    _printf_lld                              0x0800024f   Thumb Code     0  _printf_lld.o(.ARM.Collect$$_printf_percent$$0000000E)
    _printf_llu                              0x08000255   Thumb Code     0  _printf_llu.o(.ARM.Collect$$_printf_percent$$0000000F)
    _printf_llo                              0x0800025b   Thumb Code     0  _printf_llo.o(.ARM.Collect$$_printf_percent$$00000010)
    _printf_llx                              0x08000261   Thumb Code     0  _printf_llx.o(.ARM.Collect$$_printf_percent$$00000011)
    _printf_l                                0x08000267   Thumb Code     0  _printf_l.o(.ARM.Collect$$_printf_percent$$00000012)
    _printf_c                                0x08000271   Thumb Code     0  _printf_c.o(.ARM.Collect$$_printf_percent$$00000013)
    _printf_s                                0x08000277   Thumb Code     0  _printf_s.o(.ARM.Collect$$_printf_percent$$00000014)
    _printf_lc                               0x0800027d   Thumb Code     0  _printf_lc.o(.ARM.Collect$$_printf_percent$$00000015)
    _printf_ls                               0x08000283   Thumb Code     0  _printf_ls.o(.ARM.Collect$$_printf_percent$$00000016)
    _printf_percent_end                      0x08000289   Thumb Code     0  _printf_percent_end.o(.ARM.Collect$$_printf_percent$$00000017)
    __rt_lib_init                            0x0800028d   Thumb Code     0  libinit.o(.ARM.Collect$$libinit$$00000000)
    __rt_lib_init_fp_1                       0x0800028f   Thumb Code     0  libinit2.o(.ARM.Collect$$libinit$$00000001)
    __rt_lib_init_heap_1                     0x08000293   Thumb Code     0  libinit2.o(.ARM.Collect$$libinit$$0000000A)
    __rt_lib_init_lc_common                  0x08000293   Thumb Code     0  libinit2.o(.ARM.Collect$$libinit$$0000000F)
    __rt_lib_init_preinit_1                  0x08000293   Thumb Code     0  libinit2.o(.ARM.Collect$$libinit$$00000004)
    __rt_lib_init_rand_1                     0x08000293   Thumb Code     0  libinit2.o(.ARM.Collect$$libinit$$0000000E)
    __rt_lib_init_user_alloc_1               0x08000293   Thumb Code     0  libinit2.o(.ARM.Collect$$libinit$$0000000C)
    __rt_lib_init_lc_collate_1               0x08000299   Thumb Code     0  libinit2.o(.ARM.Collect$$libinit$$00000011)
    __rt_lib_init_lc_ctype_2                 0x08000299   Thumb Code     0  libinit2.o(.ARM.Collect$$libinit$$00000012)
    __rt_lib_init_lc_ctype_1                 0x080002a5   Thumb Code     0  libinit2.o(.ARM.Collect$$libinit$$00000013)
    __rt_lib_init_lc_monetary_1              0x080002a5   Thumb Code     0  libinit2.o(.ARM.Collect$$libinit$$00000015)
    __rt_lib_init_lc_numeric_2               0x080002a5   Thumb Code     0  libinit2.o(.ARM.Collect$$libinit$$00000016)
    __rt_lib_init_alloca_1                   0x080002af   Thumb Code     0  libinit2.o(.ARM.Collect$$libinit$$0000002E)
    __rt_lib_init_argv_1                     0x080002af   Thumb Code     0  libinit2.o(.ARM.Collect$$libinit$$0000002C)
    __rt_lib_init_atexit_1                   0x080002af   Thumb Code     0  libinit2.o(.ARM.Collect$$libinit$$0000001B)
    __rt_lib_init_clock_1                    0x080002af   Thumb Code     0  libinit2.o(.ARM.Collect$$libinit$$00000021)
    __rt_lib_init_cpp_1                      0x080002af   Thumb Code     0  libinit2.o(.ARM.Collect$$libinit$$00000032)
    __rt_lib_init_exceptions_1               0x080002af   Thumb Code     0  libinit2.o(.ARM.Collect$$libinit$$00000030)
    __rt_lib_init_fp_trap_1                  0x080002af   Thumb Code     0  libinit2.o(.ARM.Collect$$libinit$$0000001F)
    __rt_lib_init_getenv_1                   0x080002af   Thumb Code     0  libinit2.o(.ARM.Collect$$libinit$$00000023)
    __rt_lib_init_lc_numeric_1               0x080002af   Thumb Code     0  libinit2.o(.ARM.Collect$$libinit$$00000017)
    __rt_lib_init_lc_time_1                  0x080002af   Thumb Code     0  libinit2.o(.ARM.Collect$$libinit$$00000019)
    __rt_lib_init_return                     0x080002af   Thumb Code     0  libinit2.o(.ARM.Collect$$libinit$$00000033)
    __rt_lib_init_signal_1                   0x080002af   Thumb Code     0  libinit2.o(.ARM.Collect$$libinit$$0000001D)
    __rt_lib_init_stdio_1                    0x080002af   Thumb Code     0  libinit2.o(.ARM.Collect$$libinit$$00000025)
    __rt_lib_shutdown                        0x080002b1   Thumb Code     0  libshutdown.o(.ARM.Collect$$libshutdown$$00000000)
    __rt_lib_shutdown_cpp_1                  0x080002b3   Thumb Code     0  libshutdown2.o(.ARM.Collect$$libshutdown$$00000004)
    __rt_lib_shutdown_fini_1                 0x080002b3   Thumb Code     0  libshutdown2.o(.ARM.Collect$$libshutdown$$00000002)
    __rt_lib_shutdown_fp_trap_1              0x080002b3   Thumb Code     0  libshutdown2.o(.ARM.Collect$$libshutdown$$00000009)
    __rt_lib_shutdown_heap_1                 0x080002b3   Thumb Code     0  libshutdown2.o(.ARM.Collect$$libshutdown$$00000011)
    __rt_lib_shutdown_return                 0x080002b3   Thumb Code     0  libshutdown2.o(.ARM.Collect$$libshutdown$$00000012)
    __rt_lib_shutdown_signal_1               0x080002b3   Thumb Code     0  libshutdown2.o(.ARM.Collect$$libshutdown$$0000000C)
    __rt_lib_shutdown_stdio_1                0x080002b3   Thumb Code     0  libshutdown2.o(.ARM.Collect$$libshutdown$$00000006)
    __rt_lib_shutdown_user_alloc_1           0x080002b3   Thumb Code     0  libshutdown2.o(.ARM.Collect$$libshutdown$$0000000E)
    __rt_entry                               0x080002b5   Thumb Code     0  __rtentry.o(.ARM.Collect$$rtentry$$00000000)
    __rt_entry_presh_1                       0x080002b5   Thumb Code     0  __rtentry2.o(.ARM.Collect$$rtentry$$00000002)
    __rt_entry_sh                            0x080002b5   Thumb Code     0  __rtentry4.o(.ARM.Collect$$rtentry$$00000004)
    __rt_entry_li                            0x080002bb   Thumb Code     0  __rtentry2.o(.ARM.Collect$$rtentry$$0000000A)
    __rt_entry_postsh_1                      0x080002bb   Thumb Code     0  __rtentry2.o(.ARM.Collect$$rtentry$$00000009)
    __rt_entry_main                          0x080002bf   Thumb Code     0  __rtentry2.o(.ARM.Collect$$rtentry$$0000000D)
    __rt_entry_postli_1                      0x080002bf   Thumb Code     0  __rtentry2.o(.ARM.Collect$$rtentry$$0000000C)
    __rt_exit                                0x080002c7   Thumb Code     0  rtexit.o(.ARM.Collect$$rtexit$$00000000)
    __rt_exit_ls                             0x080002c9   Thumb Code     0  rtexit2.o(.ARM.Collect$$rtexit$$00000003)
    __rt_exit_prels_1                        0x080002c9   Thumb Code     0  rtexit2.o(.ARM.Collect$$rtexit$$00000002)
    __rt_exit_exit                           0x080002cd   Thumb Code     0  rtexit2.o(.ARM.Collect$$rtexit$$00000004)
    Reset_Handler                            0x080002d5   Thumb Code     8  startup_stm32f407xx.o(.text)
    ADC_IRQHandler                           0x080002ef   Thumb Code     0  startup_stm32f407xx.o(.text)
    CAN1_RX0_IRQHandler                      0x080002ef   Thumb Code     0  startup_stm32f407xx.o(.text)
    CAN1_RX1_IRQHandler                      0x080002ef   Thumb Code     0  startup_stm32f407xx.o(.text)
    CAN1_SCE_IRQHandler                      0x080002ef   Thumb Code     0  startup_stm32f407xx.o(.text)
    CAN1_TX_IRQHandler                       0x080002ef   Thumb Code     0  startup_stm32f407xx.o(.text)
    CAN2_RX0_IRQHandler                      0x080002ef   Thumb Code     0  startup_stm32f407xx.o(.text)
    CAN2_RX1_IRQHandler                      0x080002ef   Thumb Code     0  startup_stm32f407xx.o(.text)
    CAN2_SCE_IRQHandler                      0x080002ef   Thumb Code     0  startup_stm32f407xx.o(.text)
    CAN2_TX_IRQHandler                       0x080002ef   Thumb Code     0  startup_stm32f407xx.o(.text)
    DCMI_IRQHandler                          0x080002ef   Thumb Code     0  startup_stm32f407xx.o(.text)
    DMA1_Stream0_IRQHandler                  0x080002ef   Thumb Code     0  startup_stm32f407xx.o(.text)
    DMA1_Stream1_IRQHandler                  0x080002ef   Thumb Code     0  startup_stm32f407xx.o(.text)
    DMA1_Stream2_IRQHandler                  0x080002ef   Thumb Code     0  startup_stm32f407xx.o(.text)
    DMA1_Stream3_IRQHandler                  0x080002ef   Thumb Code     0  startup_stm32f407xx.o(.text)
    DMA1_Stream4_IRQHandler                  0x080002ef   Thumb Code     0  startup_stm32f407xx.o(.text)
    DMA1_Stream6_IRQHandler                  0x080002ef   Thumb Code     0  startup_stm32f407xx.o(.text)
    DMA1_Stream7_IRQHandler                  0x080002ef   Thumb Code     0  startup_stm32f407xx.o(.text)
    DMA2_Stream1_IRQHandler                  0x080002ef   Thumb Code     0  startup_stm32f407xx.o(.text)
    DMA2_Stream2_IRQHandler                  0x080002ef   Thumb Code     0  startup_stm32f407xx.o(.text)
    DMA2_Stream3_IRQHandler                  0x080002ef   Thumb Code     0  startup_stm32f407xx.o(.text)
    DMA2_Stream4_IRQHandler                  0x080002ef   Thumb Code     0  startup_stm32f407xx.o(.text)
    DMA2_Stream5_IRQHandler                  0x080002ef   Thumb Code     0  startup_stm32f407xx.o(.text)
    DMA2_Stream6_IRQHandler                  0x080002ef   Thumb Code     0  startup_stm32f407xx.o(.text)
    DMA2_Stream7_IRQHandler                  0x080002ef   Thumb Code     0  startup_stm32f407xx.o(.text)
    ETH_IRQHandler                           0x080002ef   Thumb Code     0  startup_stm32f407xx.o(.text)
    ETH_WKUP_IRQHandler                      0x080002ef   Thumb Code     0  startup_stm32f407xx.o(.text)
    EXTI0_IRQHandler                         0x080002ef   Thumb Code     0  startup_stm32f407xx.o(.text)
    EXTI15_10_IRQHandler                     0x080002ef   Thumb Code     0  startup_stm32f407xx.o(.text)
    EXTI1_IRQHandler                         0x080002ef   Thumb Code     0  startup_stm32f407xx.o(.text)
    EXTI2_IRQHandler                         0x080002ef   Thumb Code     0  startup_stm32f407xx.o(.text)
    EXTI3_IRQHandler                         0x080002ef   Thumb Code     0  startup_stm32f407xx.o(.text)
    EXTI4_IRQHandler                         0x080002ef   Thumb Code     0  startup_stm32f407xx.o(.text)
    EXTI9_5_IRQHandler                       0x080002ef   Thumb Code     0  startup_stm32f407xx.o(.text)
    FLASH_IRQHandler                         0x080002ef   Thumb Code     0  startup_stm32f407xx.o(.text)
    FMC_IRQHandler                           0x080002ef   Thumb Code     0  startup_stm32f407xx.o(.text)
    FPU_IRQHandler                           0x080002ef   Thumb Code     0  startup_stm32f407xx.o(.text)
    HASH_RNG_IRQHandler                      0x080002ef   Thumb Code     0  startup_stm32f407xx.o(.text)
    I2C1_ER_IRQHandler                       0x080002ef   Thumb Code     0  startup_stm32f407xx.o(.text)
    I2C1_EV_IRQHandler                       0x080002ef   Thumb Code     0  startup_stm32f407xx.o(.text)
    I2C2_ER_IRQHandler                       0x080002ef   Thumb Code     0  startup_stm32f407xx.o(.text)
    I2C2_EV_IRQHandler                       0x080002ef   Thumb Code     0  startup_stm32f407xx.o(.text)
    I2C3_ER_IRQHandler                       0x080002ef   Thumb Code     0  startup_stm32f407xx.o(.text)
    I2C3_EV_IRQHandler                       0x080002ef   Thumb Code     0  startup_stm32f407xx.o(.text)
    OTG_FS_IRQHandler                        0x080002ef   Thumb Code     0  startup_stm32f407xx.o(.text)
    OTG_FS_WKUP_IRQHandler                   0x080002ef   Thumb Code     0  startup_stm32f407xx.o(.text)
    OTG_HS_EP1_IN_IRQHandler                 0x080002ef   Thumb Code     0  startup_stm32f407xx.o(.text)
    OTG_HS_EP1_OUT_IRQHandler                0x080002ef   Thumb Code     0  startup_stm32f407xx.o(.text)
    OTG_HS_IRQHandler                        0x080002ef   Thumb Code     0  startup_stm32f407xx.o(.text)
    OTG_HS_WKUP_IRQHandler                   0x080002ef   Thumb Code     0  startup_stm32f407xx.o(.text)
    PVD_IRQHandler                           0x080002ef   Thumb Code     0  startup_stm32f407xx.o(.text)
    RCC_IRQHandler                           0x080002ef   Thumb Code     0  startup_stm32f407xx.o(.text)
    RTC_Alarm_IRQHandler                     0x080002ef   Thumb Code     0  startup_stm32f407xx.o(.text)
    RTC_WKUP_IRQHandler                      0x080002ef   Thumb Code     0  startup_stm32f407xx.o(.text)
    SDIO_IRQHandler                          0x080002ef   Thumb Code     0  startup_stm32f407xx.o(.text)
    SPI1_IRQHandler                          0x080002ef   Thumb Code     0  startup_stm32f407xx.o(.text)
    SPI2_IRQHandler                          0x080002ef   Thumb Code     0  startup_stm32f407xx.o(.text)
    SPI3_IRQHandler                          0x080002ef   Thumb Code     0  startup_stm32f407xx.o(.text)
    TAMP_STAMP_IRQHandler                    0x080002ef   Thumb Code     0  startup_stm32f407xx.o(.text)
    TIM1_BRK_TIM9_IRQHandler                 0x080002ef   Thumb Code     0  startup_stm32f407xx.o(.text)
    TIM1_CC_IRQHandler                       0x080002ef   Thumb Code     0  startup_stm32f407xx.o(.text)
    TIM1_TRG_COM_TIM11_IRQHandler            0x080002ef   Thumb Code     0  startup_stm32f407xx.o(.text)
    TIM1_UP_TIM10_IRQHandler                 0x080002ef   Thumb Code     0  startup_stm32f407xx.o(.text)
    TIM2_IRQHandler                          0x080002ef   Thumb Code     0  startup_stm32f407xx.o(.text)
    TIM3_IRQHandler                          0x080002ef   Thumb Code     0  startup_stm32f407xx.o(.text)
    TIM4_IRQHandler                          0x080002ef   Thumb Code     0  startup_stm32f407xx.o(.text)
    TIM5_IRQHandler                          0x080002ef   Thumb Code     0  startup_stm32f407xx.o(.text)
    TIM6_DAC_IRQHandler                      0x080002ef   Thumb Code     0  startup_stm32f407xx.o(.text)
    TIM7_IRQHandler                          0x080002ef   Thumb Code     0  startup_stm32f407xx.o(.text)
    TIM8_BRK_TIM12_IRQHandler                0x080002ef   Thumb Code     0  startup_stm32f407xx.o(.text)
    TIM8_CC_IRQHandler                       0x080002ef   Thumb Code     0  startup_stm32f407xx.o(.text)
    TIM8_TRG_COM_TIM14_IRQHandler            0x080002ef   Thumb Code     0  startup_stm32f407xx.o(.text)
    TIM8_UP_TIM13_IRQHandler                 0x080002ef   Thumb Code     0  startup_stm32f407xx.o(.text)
    UART4_IRQHandler                         0x080002ef   Thumb Code     0  startup_stm32f407xx.o(.text)
    UART5_IRQHandler                         0x080002ef   Thumb Code     0  startup_stm32f407xx.o(.text)
    USART6_IRQHandler                        0x080002ef   Thumb Code     0  startup_stm32f407xx.o(.text)
    WWDG_IRQHandler                          0x080002ef   Thumb Code     0  startup_stm32f407xx.o(.text)
    __user_initial_stackheap                 0x080002f1   Thumb Code     0  startup_stm32f407xx.o(.text)
    __aeabi_uldivmod                         0x08000315   Thumb Code     0  lludivv7m.o(.text)
    _ll_udiv                                 0x08000315   Thumb Code   238  lludivv7m.o(.text)
    vsnprintf                                0x08000405   Thumb Code    48  vsnprintf.o(.text)
    memcmp                                   0x08000439   Thumb Code    88  memcmp.o(.text)
    __aeabi_memcpy4                          0x08000491   Thumb Code     0  rt_memcpy_w.o(.text)
    __aeabi_memcpy8                          0x08000491   Thumb Code     0  rt_memcpy_w.o(.text)
    __rt_memcpy_w                            0x08000491   Thumb Code   100  rt_memcpy_w.o(.text)
    _memcpy_lastbytes_aligned                0x080004d9   Thumb Code     0  rt_memcpy_w.o(.text)
    __aeabi_memclr                           0x080004f5   Thumb Code     0  rt_memclr.o(.text)
    __rt_memclr                              0x080004f5   Thumb Code    68  rt_memclr.o(.text)
    _memset                                  0x080004f9   Thumb Code     0  rt_memclr.o(.text)
    __aeabi_memclr4                          0x08000539   Thumb Code     0  rt_memclr_w.o(.text)
    __aeabi_memclr8                          0x08000539   Thumb Code     0  rt_memclr_w.o(.text)
    __rt_memclr_w                            0x08000539   Thumb Code    78  rt_memclr_w.o(.text)
    _memset_w                                0x0800053d   Thumb Code     0  rt_memclr_w.o(.text)
    strcmp                                   0x08000589   Thumb Code   128  strcmpv7m.o(.text)
    __use_two_region_memory                  0x08000609   Thumb Code     2  heapauxi.o(.text)
    __rt_heap_escrow$2region                 0x0800060b   Thumb Code     2  heapauxi.o(.text)
    __rt_heap_expand$2region                 0x0800060d   Thumb Code     2  heapauxi.o(.text)
    _printf_pre_padding                      0x0800060f   Thumb Code    44  _printf_pad.o(.text)
    _printf_post_padding                     0x0800063b   Thumb Code    34  _printf_pad.o(.text)
    _printf_truncate_signed                  0x0800065d   Thumb Code    18  _printf_truncate.o(.text)
    _printf_truncate_unsigned                0x0800066f   Thumb Code    18  _printf_truncate.o(.text)
    _printf_str                              0x08000681   Thumb Code    82  _printf_str.o(.text)
    _printf_int_dec                          0x080006d5   Thumb Code   104  _printf_dec.o(.text)
    _printf_charcount                        0x0800074d   Thumb Code    40  _printf_charcount.o(.text)
    _printf_char_common                      0x0800077f   Thumb Code    32  _printf_char_common.o(.text)
    _sputc                                   0x080007a5   Thumb Code    10  _sputc.o(.text)
    _snputc                                  0x080007af   Thumb Code    16  _snputc.o(.text)
    _printf_wctomb                           0x080007c1   Thumb Code   182  _printf_wctomb.o(.text)
    _printf_longlong_dec                     0x0800087d   Thumb Code   108  _printf_longlong_dec.o(.text)
    _printf_longlong_oct                     0x080008f9   Thumb Code    66  _printf_oct_int_ll.o(.text)
    _printf_int_oct                          0x0800093b   Thumb Code    24  _printf_oct_int_ll.o(.text)
    _printf_ll_oct                           0x08000953   Thumb Code    12  _printf_oct_int_ll.o(.text)
    _printf_longlong_hex                     0x08000969   Thumb Code    86  _printf_hex_int_ll_ptr.o(.text)
    _printf_int_hex                          0x080009bf   Thumb Code    28  _printf_hex_int_ll_ptr.o(.text)
    _printf_ll_hex                           0x080009db   Thumb Code    12  _printf_hex_int_ll_ptr.o(.text)
    _printf_hex_ptr                          0x080009e7   Thumb Code    18  _printf_hex_int_ll_ptr.o(.text)
    __printf                                 0x080009fd   Thumb Code   388  __printf_flags_ss_wp.o(.text)
    _ll_udiv10                               0x08000b85   Thumb Code   138  lludiv10.o(.text)
    _printf_int_common                       0x08000c0f   Thumb Code   178  _printf_intcommon.o(.text)
    __lib_sel_fp_printf                      0x08000cc1   Thumb Code     2  _printf_fp_dec.o(.text)
    _printf_fp_dec_real                      0x08000e73   Thumb Code   620  _printf_fp_dec.o(.text)
    _printf_fp_hex_real                      0x080010e1   Thumb Code   756  _printf_fp_hex.o(.text)
    _printf_cs_common                        0x080013dd   Thumb Code    20  _printf_char.o(.text)
    _printf_char                             0x080013f1   Thumb Code    16  _printf_char.o(.text)
    _printf_string                           0x08001401   Thumb Code     8  _printf_char.o(.text)
    _printf_lcs_common                       0x08001409   Thumb Code    20  _printf_wchar.o(.text)
    _printf_wchar                            0x0800141d   Thumb Code    16  _printf_wchar.o(.text)
    _printf_wstring                          0x0800142d   Thumb Code     8  _printf_wchar.o(.text)
    _wcrtomb                                 0x08001435   Thumb Code    64  _wcrtomb.o(.text)
    __user_libspace                          0x08001475   Thumb Code     8  libspace.o(.text)
    __user_perproc_libspace                  0x08001475   Thumb Code     0  libspace.o(.text)
    __user_perthread_libspace                0x08001475   Thumb Code     0  libspace.o(.text)
    __user_setup_stackheap                   0x0800147d   Thumb Code    74  sys_stackheap_outer.o(.text)
    __rt_ctype_table                         0x080014c9   Thumb Code    16  rt_ctype_table.o(.text)
    __rt_locale                              0x080014d9   Thumb Code     8  rt_locale_intlibspace.o(.text)
    _printf_fp_infnan                        0x080014e1   Thumb Code   112  _printf_fp_infnan.o(.text)
    _btod_etento                             0x08001561   Thumb Code   224  bigflt0.o(.text)
    exit                                     0x08001645   Thumb Code    18  exit.o(.text)
    _sys_exit                                0x08001659   Thumb Code     8  sys_exit.o(.text)
    __I$use$semihosting                      0x08001665   Thumb Code     0  use_no_semi.o(.text)
    __use_no_semihosting_swi                 0x08001665   Thumb Code     2  use_no_semi.o(.text)
    __semihosting_library_function           0x08001667   Thumb Code     0  indicate_semi.o(.text)
    _btod_d2e                                0x08001667   Thumb Code    62  btod.o(CL$$btod_d2e)
    _d2e_denorm_low                          0x080016a5   Thumb Code    70  btod.o(CL$$btod_d2e_denorm_low)
    _d2e_norm_op1                            0x080016eb   Thumb Code    96  btod.o(CL$$btod_d2e_norm_op1)
    __btod_div_common                        0x0800174b   Thumb Code   696  btod.o(CL$$btod_div_common)
    _e2e                                     0x08001a83   Thumb Code   220  btod.o(CL$$btod_e2e)
    _btod_ediv                               0x08001b5f   Thumb Code    42  btod.o(CL$$btod_ediv)
    _btod_emul                               0x08001b89   Thumb Code    42  btod.o(CL$$btod_emul)
    __btod_mult_common                       0x08001bb3   Thumb Code   580  btod.o(CL$$btod_mult_common)
    AUDIO_ADC_ConvCpltCallback               0x08001fad   Thumb Code   350  audio_recorder.o(i.AUDIO_ADC_ConvCpltCallback)
    AUDIO_ADC_ConvHalfCpltCallback           0x08002191   Thumb Code   346  audio_recorder.o(i.AUDIO_ADC_ConvHalfCpltCallback)
    AUDIO_DAC_ConvCpltCallbackCh1            0x08002371   Thumb Code   196  audio_recorder.o(i.AUDIO_DAC_ConvCpltCallbackCh1)
    AUDIO_DAC_ConvHalfCpltCallbackCh1        0x08002469   Thumb Code   194  audio_recorder.o(i.AUDIO_DAC_ConvHalfCpltCallbackCh1)
    AUDIO_GetMaxRecordSize                   0x0800255d   Thumb Code    24  audio_recorder.o(i.AUDIO_GetMaxRecordSize)
    AUDIO_HasValidRecording                  0x08002575   Thumb Code    70  audio_recorder.o(i.AUDIO_HasValidRecording)
    AUDIO_Init                               0x080025bd   Thumb Code    42  audio_recorder.o(i.AUDIO_Init)
    AUDIO_Process_Command                    0x080025ed   Thumb Code   194  audio_recorder.o(i.AUDIO_Process_Command)
    AUDIO_ReadRecordInfo                     0x080027b9   Thumb Code    60  audio_recorder.o(i.AUDIO_ReadRecordInfo)
    AUDIO_Start_Playing                      0x08002835   Thumb Code   268  audio_recorder.o(i.AUDIO_Start_Playing)
    AUDIO_Start_Recording                    0x08002a15   Thumb Code   132  audio_recorder.o(i.AUDIO_Start_Recording)
    AUDIO_Stop_ADC_DAC_DMA                   0x08002b29   Thumb Code    30  audio_recorder.o(i.AUDIO_Stop_ADC_DAC_DMA)
    AUDIO_Stop_Playing                       0x08002b69   Thumb Code    82  audio_recorder.o(i.AUDIO_Stop_Playing)
    AUDIO_Stop_Recording                     0x08002bf9   Thumb Code   234  audio_recorder.o(i.AUDIO_Stop_Recording)
    AUDIO_Test_Flash                         0x08002dc9   Thumb Code   238  audio_recorder.o(i.AUDIO_Test_Flash)
    AUDIO_WriteRecordInfo                    0x08002fa1   Thumb Code    62  audio_recorder.o(i.AUDIO_WriteRecordInfo)
    BusFault_Handler                         0x08003019   Thumb Code     2  stm32f4xx_it.o(i.BusFault_Handler)
    DAC_DMAConvCpltCh1                       0x08003033   Thumb Code    16  stm32f4xx_hal_dac.o(i.DAC_DMAConvCpltCh1)
    DAC_DMAConvCpltCh2                       0x08003043   Thumb Code    16  stm32f4xx_hal_dac_ex.o(i.DAC_DMAConvCpltCh2)
    DAC_DMAErrorCh1                          0x08003053   Thumb Code    24  stm32f4xx_hal_dac.o(i.DAC_DMAErrorCh1)
    DAC_DMAErrorCh2                          0x0800306b   Thumb Code    24  stm32f4xx_hal_dac_ex.o(i.DAC_DMAErrorCh2)
    DAC_DMAHalfConvCpltCh1                   0x08003083   Thumb Code    10  stm32f4xx_hal_dac.o(i.DAC_DMAHalfConvCpltCh1)
    DAC_DMAHalfConvCpltCh2                   0x0800308d   Thumb Code    10  stm32f4xx_hal_dac_ex.o(i.DAC_DMAHalfConvCpltCh2)
    DMA1_Stream5_IRQHandler                  0x08003099   Thumb Code     6  stm32f4xx_it.o(i.DMA1_Stream5_IRQHandler)
    DMA2_Stream0_IRQHandler                  0x080030a5   Thumb Code     6  stm32f4xx_it.o(i.DMA2_Stream0_IRQHandler)
    DebugMon_Handler                         0x08003155   Thumb Code     2  stm32f4xx_it.o(i.DebugMon_Handler)
    Error_Handler                            0x08003157   Thumb Code     4  main.o(i.Error_Handler)
    FLASH_Erase_Sector                       0x0800315d   Thumb Code    74  stm32f4xx_hal_flash_ex.o(i.FLASH_Erase_Sector)
    FLASH_FlushCaches                        0x080031ad   Thumb Code    80  stm32f4xx_hal_flash_ex.o(i.FLASH_FlushCaches)
    FLASH_WaitForLastOperation               0x08003325   Thumb Code    72  stm32f4xx_hal_flash.o(i.FLASH_WaitForLastOperation)
    Get_Sector_Address                       0x08003375   Thumb Code    74  audio_recorder.o(i.Get_Sector_Address)
    Get_Sector_From_Address                  0x080033ed   Thumb Code   114  audio_recorder.o(i.Get_Sector_From_Address)
    Get_Sector_Size                          0x0800348d   Thumb Code    42  audio_recorder.o(i.Get_Sector_Size)
    HAL_ADC_ConfigChannel                    0x080034b9   Thumb Code   316  stm32f4xx_hal_adc.o(i.HAL_ADC_ConfigChannel)
    HAL_ADC_ConvCpltCallback                 0x08003605   Thumb Code     4  main.o(i.HAL_ADC_ConvCpltCallback)
    HAL_ADC_ConvHalfCpltCallback             0x08003609   Thumb Code     4  main.o(i.HAL_ADC_ConvHalfCpltCallback)
    HAL_ADC_ErrorCallback                    0x0800360d   Thumb Code     2  stm32f4xx_hal_adc.o(i.HAL_ADC_ErrorCallback)
    HAL_ADC_Init                             0x0800360f   Thumb Code    84  stm32f4xx_hal_adc.o(i.HAL_ADC_Init)
    HAL_ADC_MspInit                          0x08003665   Thumb Code   128  adc.o(i.HAL_ADC_MspInit)
    HAL_ADC_Start_DMA                        0x080036f9   Thumb Code   302  stm32f4xx_hal_adc.o(i.HAL_ADC_Start_DMA)
    HAL_ADC_Stop_DMA                         0x0800384d   Thumb Code   108  stm32f4xx_hal_adc.o(i.HAL_ADC_Stop_DMA)
    HAL_DACEx_ConvCpltCallbackCh2            0x080038b9   Thumb Code     2  stm32f4xx_hal_dac_ex.o(i.HAL_DACEx_ConvCpltCallbackCh2)
    HAL_DACEx_ConvHalfCpltCallbackCh2        0x080038bb   Thumb Code     2  stm32f4xx_hal_dac_ex.o(i.HAL_DACEx_ConvHalfCpltCallbackCh2)
    HAL_DACEx_ErrorCallbackCh2               0x080038bd   Thumb Code     2  stm32f4xx_hal_dac_ex.o(i.HAL_DACEx_ErrorCallbackCh2)
    HAL_DAC_ConfigChannel                    0x080038bf   Thumb Code    78  stm32f4xx_hal_dac.o(i.HAL_DAC_ConfigChannel)
    HAL_DAC_ConvCpltCallbackCh1              0x0800390d   Thumb Code     4  main.o(i.HAL_DAC_ConvCpltCallbackCh1)
    HAL_DAC_ConvHalfCpltCallbackCh1          0x08003911   Thumb Code     4  main.o(i.HAL_DAC_ConvHalfCpltCallbackCh1)
    HAL_DAC_ErrorCallbackCh1                 0x08003915   Thumb Code     2  stm32f4xx_hal_dac.o(i.HAL_DAC_ErrorCallbackCh1)
    HAL_DAC_Init                             0x08003917   Thumb Code    40  stm32f4xx_hal_dac.o(i.HAL_DAC_Init)
    HAL_DAC_MspInit                          0x08003941   Thumb Code   134  dac.o(i.HAL_DAC_MspInit)
    HAL_DAC_Start                            0x080039dd   Thumb Code    98  stm32f4xx_hal_dac.o(i.HAL_DAC_Start)
    HAL_DAC_Start_DMA                        0x08003a41   Thumb Code   200  stm32f4xx_hal_dac.o(i.HAL_DAC_Start_DMA)
    HAL_DAC_Stop_DMA                         0x08003b21   Thumb Code    82  stm32f4xx_hal_dac.o(i.HAL_DAC_Stop_DMA)
    HAL_DMA_Abort                            0x08003b73   Thumb Code   146  stm32f4xx_hal_dma.o(i.HAL_DMA_Abort)
    HAL_DMA_Abort_IT                         0x08003c05   Thumb Code    36  stm32f4xx_hal_dma.o(i.HAL_DMA_Abort_IT)
    HAL_DMA_IRQHandler                       0x08003c29   Thumb Code   412  stm32f4xx_hal_dma.o(i.HAL_DMA_IRQHandler)
    HAL_DMA_Init                             0x08003dc9   Thumb Code   206  stm32f4xx_hal_dma.o(i.HAL_DMA_Init)
    HAL_DMA_Start_IT                         0x08003e9d   Thumb Code   110  stm32f4xx_hal_dma.o(i.HAL_DMA_Start_IT)
    HAL_Delay                                0x08003f0d   Thumb Code    32  stm32f4xx_hal.o(i.HAL_Delay)
    HAL_FLASHEx_Erase                        0x08003f31   Thumb Code   144  stm32f4xx_hal_flash_ex.o(i.HAL_FLASHEx_Erase)
    HAL_FLASH_Lock                           0x08003fc9   Thumb Code    14  stm32f4xx_hal_flash.o(i.HAL_FLASH_Lock)
    HAL_FLASH_Program                        0x08003fdd   Thumb Code   116  stm32f4xx_hal_flash.o(i.HAL_FLASH_Program)
    HAL_FLASH_Unlock                         0x08004059   Thumb Code    32  stm32f4xx_hal_flash.o(i.HAL_FLASH_Unlock)
    HAL_GPIO_Init                            0x08004085   Thumb Code   450  stm32f4xx_hal_gpio.o(i.HAL_GPIO_Init)
    HAL_GetTick                              0x08004275   Thumb Code     6  stm32f4xx_hal.o(i.HAL_GetTick)
    HAL_IncTick                              0x08004281   Thumb Code    12  stm32f4xx_hal.o(i.HAL_IncTick)
    HAL_Init                                 0x08004291   Thumb Code    48  stm32f4xx_hal.o(i.HAL_Init)
    HAL_InitTick                             0x080042c5   Thumb Code    54  stm32f4xx_hal.o(i.HAL_InitTick)
    HAL_MspInit                              0x08004305   Thumb Code    42  stm32f4xx_hal_msp.o(i.HAL_MspInit)
    HAL_NVIC_EnableIRQ                       0x08004335   Thumb Code    26  stm32f4xx_hal_cortex.o(i.HAL_NVIC_EnableIRQ)
    HAL_NVIC_SetPriority                     0x08004351   Thumb Code    60  stm32f4xx_hal_cortex.o(i.HAL_NVIC_SetPriority)
    HAL_NVIC_SetPriorityGrouping             0x08004391   Thumb Code    26  stm32f4xx_hal_cortex.o(i.HAL_NVIC_SetPriorityGrouping)
    HAL_RCC_ClockConfig                      0x080043b5   Thumb Code   288  stm32f4xx_hal_rcc.o(i.HAL_RCC_ClockConfig)
    HAL_RCC_GetPCLK1Freq                     0x080044e9   Thumb Code    20  stm32f4xx_hal_rcc.o(i.HAL_RCC_GetPCLK1Freq)
    HAL_RCC_GetPCLK2Freq                     0x08004509   Thumb Code    20  stm32f4xx_hal_rcc.o(i.HAL_RCC_GetPCLK2Freq)
    HAL_RCC_GetSysClockFreq                  0x08004529   Thumb Code    88  stm32f4xx_hal_rcc.o(i.HAL_RCC_GetSysClockFreq)
    HAL_RCC_OscConfig                        0x08004589   Thumb Code   856  stm32f4xx_hal_rcc.o(i.HAL_RCC_OscConfig)
    HAL_SYSTICK_Config                       0x080048f5   Thumb Code    40  stm32f4xx_hal_cortex.o(i.HAL_SYSTICK_Config)
    HAL_TIMEx_MasterConfigSynchronization    0x0800491d   Thumb Code   116  stm32f4xx_hal_tim_ex.o(i.HAL_TIMEx_MasterConfigSynchronization)
    HAL_TIM_Base_Init                        0x080049ad   Thumb Code    90  stm32f4xx_hal_tim.o(i.HAL_TIM_Base_Init)
    HAL_TIM_Base_MspInit                     0x08004a09   Thumb Code    30  tim.o(i.HAL_TIM_Base_MspInit)
    HAL_TIM_Base_Start                       0x08004a2d   Thumb Code    90  stm32f4xx_hal_tim.o(i.HAL_TIM_Base_Start)
    HAL_TIM_ConfigClockSource                0x08004aa5   Thumb Code   220  stm32f4xx_hal_tim.o(i.HAL_TIM_ConfigClockSource)
    HAL_UARTEx_RxEventCallback               0x08004b81   Thumb Code     2  stm32f4xx_hal_uart.o(i.HAL_UARTEx_RxEventCallback)
    HAL_UART_ErrorCallback                   0x08004b83   Thumb Code     2  stm32f4xx_hal_uart.o(i.HAL_UART_ErrorCallback)
    HAL_UART_IRQHandler                      0x08004b85   Thumb Code   618  stm32f4xx_hal_uart.o(i.HAL_UART_IRQHandler)
    HAL_UART_Init                            0x08004df5   Thumb Code   100  stm32f4xx_hal_uart.o(i.HAL_UART_Init)
    HAL_UART_MspInit                         0x08004e59   Thumb Code   258  usart.o(i.HAL_UART_MspInit)
    HAL_UART_Receive_IT                      0x08004f75   Thumb Code    28  stm32f4xx_hal_uart.o(i.HAL_UART_Receive_IT)
    HAL_UART_RxCpltCallback                  0x08004f91   Thumb Code    76  my_usart_1.o(i.HAL_UART_RxCpltCallback)
    HAL_UART_Transmit                        0x08004fed   Thumb Code   160  stm32f4xx_hal_uart.o(i.HAL_UART_Transmit)
    HAL_UART_TxCpltCallback                  0x0800508d   Thumb Code     2  stm32f4xx_hal_uart.o(i.HAL_UART_TxCpltCallback)
    HMI_Debug_Print                          0x08005091   Thumb Code    34  my_hmi.o(i.HMI_Debug_Print)
    HMI_Send_String                          0x080050c1   Thumb Code    12  my_hmi.o(i.HMI_Send_String)
    HardFault_Handler                        0x080050e1   Thumb Code     2  stm32f4xx_it.o(i.HardFault_Handler)
    MX_ADC1_Init                             0x080050e5   Thumb Code    90  adc.o(i.MX_ADC1_Init)
    MX_DAC_Init                              0x08005149   Thumb Code    52  dac.o(i.MX_DAC_Init)
    MX_DMA_Init                              0x08005185   Thumb Code    72  dma.o(i.MX_DMA_Init)
    MX_GPIO_Init                             0x080051d1   Thumb Code    54  gpio.o(i.MX_GPIO_Init)
    MX_TIM2_Init                             0x0800520d   Thumb Code    98  tim.o(i.MX_TIM2_Init)
    MX_USART1_UART_Init                      0x08005275   Thumb Code    48  usart.o(i.MX_USART1_UART_Init)
    MX_USART2_UART_Init                      0x080052ad   Thumb Code    48  usart.o(i.MX_USART2_UART_Init)
    MX_USART3_UART_Init                      0x080052e5   Thumb Code    48  usart.o(i.MX_USART3_UART_Init)
    MemManage_Handler                        0x0800531d   Thumb Code     2  stm32f4xx_it.o(i.MemManage_Handler)
    NMI_Handler                              0x0800531f   Thumb Code     2  stm32f4xx_it.o(i.NMI_Handler)
    PendSV_Handler                           0x08005321   Thumb Code     2  stm32f4xx_it.o(i.PendSV_Handler)
    SVC_Handler                              0x08005323   Thumb Code     2  stm32f4xx_it.o(i.SVC_Handler)
    SysTick_Handler                          0x08005325   Thumb Code     4  stm32f4xx_it.o(i.SysTick_Handler)
    SystemClock_Config                       0x08005329   Thumb Code   134  main.o(i.SystemClock_Config)
    SystemInit                               0x080053b9   Thumb Code    12  system_stm32f4xx.o(i.SystemInit)
    TIM_Base_SetConfig                       0x080053c9   Thumb Code   170  stm32f4xx_hal_tim.o(i.TIM_Base_SetConfig)
    TIM_ETR_SetConfig                        0x080054a1   Thumb Code    20  stm32f4xx_hal_tim.o(i.TIM_ETR_SetConfig)
    UART_Start_Receive_IT                    0x08005739   Thumb Code    54  stm32f4xx_hal_uart.o(i.UART_Start_Receive_IT)
    USART1_IRQHandler                        0x080057e1   Thumb Code     6  stm32f4xx_it.o(i.USART1_IRQHandler)
    USART2_IRQHandler                        0x080057ed   Thumb Code     6  stm32f4xx_it.o(i.USART2_IRQHandler)
    USART3_IRQHandler                        0x080057f9   Thumb Code     6  stm32f4xx_it.o(i.USART3_IRQHandler)
    UsageFault_Handler                       0x08005805   Thumb Code     2  stm32f4xx_it.o(i.UsageFault_Handler)
    ZuoLan_FLASH_EraseSector                 0x08005807   Thumb Code    46  zuolan_inside_flash.o(i.ZuoLan_FLASH_EraseSector)
    ZuoLan_FLASH_Init                        0x08005835   Thumb Code    20  zuolan_inside_flash.o(i.ZuoLan_FLASH_Init)
    ZuoLan_FLASH_ReadBytes                   0x0800584d   Thumb Code    84  zuolan_inside_flash.o(i.ZuoLan_FLASH_ReadBytes)
    ZuoLan_FLASH_WriteBytes                  0x080058a1   Thumb Code   382  zuolan_inside_flash.o(i.ZuoLan_FLASH_WriteBytes)
    __ARM_fpclassify                         0x08005a1f   Thumb Code    48  fpclassify.o(i.__ARM_fpclassify)
    _is_digit                                0x08005a6f   Thumb Code    14  __printf_wp.o(i._is_digit)
    main                                     0x08005a7d   Thumb Code   174  main.o(i.main)
    my_printf                                0x08005bed   Thumb Code    50  my_usart_1.o(i.my_printf)
    _get_lc_numeric                          0x08005c21   Thumb Code    44  lc_numeric_c.o(locale$$code)
    _get_lc_ctype                            0x08005c4d   Thumb Code    44  lc_ctype_c.o(locale$$code)
    __fpl_dretinf                            0x08005c79   Thumb Code    12  dretinf.o(x$fpl$dretinf)
    __aeabi_f2d                              0x08005c85   Thumb Code     0  f2d.o(x$fpl$f2d)
    _f2d                                     0x08005c85   Thumb Code    86  f2d.o(x$fpl$f2d)
    __fpl_fnaninf                            0x08005cdb   Thumb Code   140  fnaninf.o(x$fpl$fnaninf)
    _fp_init                                 0x08005d67   Thumb Code    10  fpinit.o(x$fpl$fpinit)
    __fplib_config_fpu_vfp                   0x08005d6f   Thumb Code     0  fpinit.o(x$fpl$fpinit)
    __fplib_config_pureend_doubles           0x08005d6f   Thumb Code     0  fpinit.o(x$fpl$fpinit)
    _printf_fp_dec                           0x08005d71   Thumb Code     4  printf1.o(x$fpl$printf1)
    _printf_fp_hex                           0x08005d75   Thumb Code     4  printf2.o(x$fpl$printf2)
    __I$use$fp                               0x08005d78   Number         0  usenofp.o(x$fpl$usenofp)
    AHBPrescTable                            0x08005d80   Data          16  system_stm32f4xx.o(.constdata)
    APBPrescTable                            0x08005d90   Data           8  system_stm32f4xx.o(.constdata)
    Region$$Table$$Base                      0x08005e94   Number         0  anon$$obj.o(Region$$Table)
    Region$$Table$$Limit                     0x08005eb4   Number         0  anon$$obj.o(Region$$Table)
    __ctype                                  0x08005edd   Data           0  lc_ctype_c.o(locale$$data)
    uwTickFreq                               0x20000000   Data           1  stm32f4xx_hal.o(.data)
    uwTickPrio                               0x20000004   Data           4  stm32f4xx_hal.o(.data)
    uwTick                                   0x20000008   Data           4  stm32f4xx_hal.o(.data)
    SystemCoreClock                          0x2000000c   Data           4  system_stm32f4xx.o(.data)
    commandReceived2                         0x20000010   Data           1  my_usart_1.o(.data)
    rxTemp2                                  0x20000011   Data           1  my_usart_1.o(.data)
    rxIndex2                                 0x20000012   Data           2  my_usart_1.o(.data)
    dma_running                              0x20000014   Data           1  audio_recorder.o(.data)
    is_recording                             0x20000015   Data           1  audio_recorder.o(.data)
    is_playing                               0x20000016   Data           1  audio_recorder.o(.data)
    testSuccess                              0x20000017   Data           1  audio_recorder.o(.data)
    record_index                             0x20000018   Data           4  audio_recorder.o(.data)
    play_index                               0x2000001c   Data           4  audio_recorder.o(.data)
    debug_write_count                        0x20000020   Data           4  audio_recorder.o(.data)
    debug_read_count                         0x20000024   Data           4  audio_recorder.o(.data)
    total_bytes_written                      0x20000028   Data           4  audio_recorder.o(.data)
    total_bytes_read                         0x2000002c   Data           4  audio_recorder.o(.data)
    flash_address                            0x20000030   Data           4  audio_recorder.o(.data)
    code_area_end                            0x20000034   Data           4  audio_recorder.o(.data)
    flash_start_address                      0x20000038   Data           4  audio_recorder.o(.data)
    flash_end_address                        0x2000003c   Data           4  audio_recorder.o(.data)
    current_sector                           0x20000040   Data           4  audio_recorder.o(.data)
    hadc1                                    0x20000044   Data          72  adc.o(.bss)
    hdma_adc1                                0x2000008c   Data          96  adc.o(.bss)
    hdac                                     0x200000ec   Data          20  dac.o(.bss)
    hdma_dac1                                0x20000100   Data          96  dac.o(.bss)
    htim2                                    0x20000160   Data          72  tim.o(.bss)
    huart1                                   0x200001a8   Data          72  usart.o(.bss)
    huart2                                   0x200001f0   Data          72  usart.o(.bss)
    huart3                                   0x20000238   Data          72  usart.o(.bss)
    pFlash                                   0x20000280   Data          32  stm32f4xx_hal_flash.o(.bss)
    rxBuffer2                                0x200002a0   Data         128  my_usart_1.o(.bss)
    adc_dac_buffer                           0x20000320   Data        1024  audio_recorder.o(.bss)
    flash_data_buffer                        0x20000720   Data        1024  audio_recorder.o(.bss)
    current_record_info                      0x20000b20   Data          24  audio_recorder.o(.bss)
    __libspace_start                         0x20000b38   Data          96  libspace.o(.bss)
    __temporary_stack_top$libspace           0x20000b98   Data           0  libspace.o(.bss)



==============================================================================

Memory Map of the image

  Image Entry point : 0x08000189

  Load Region LR_IROM1 (Base: 0x08000000, Size: 0x00006024, Max: 0x00100000, ABSOLUTE)

    Execution Region ER_IROM1 (Exec base: 0x08000000, Load base: 0x08000000, Size: 0x00005fe0, Max: 0x00100000, ABSOLUTE)

    Exec Addr    Load Addr    Size         Type   Attr      Idx    E Section Name        Object

    0x08000000   0x08000000   0x00000188   Data   RO            3    RESET               startup_stm32f407xx.o
    0x08000188   0x08000188   0x00000008   Code   RO         4035  * !!!main             c_w.l(__main.o)
    0x08000190   0x08000190   0x00000034   Code   RO         4472    !!!scatter          c_w.l(__scatter.o)
    0x080001c4   0x080001c4   0x0000001a   Code   RO         4474    !!handler_copy      c_w.l(__scatter_copy.o)
    0x080001de   0x080001de   0x00000002   PAD
    0x080001e0   0x080001e0   0x0000001c   Code   RO         4476    !!handler_zi        c_w.l(__scatter_zi.o)
    0x080001fc   0x080001fc   0x00000000   Code   RO         4155    .ARM.Collect$$_printf_percent$$00000000  c_w.l(_printf_percent.o)
    0x080001fc   0x080001fc   0x00000006   Code   RO         4144    .ARM.Collect$$_printf_percent$$00000001  c_w.l(_printf_n.o)
    0x08000202   0x08000202   0x00000006   Code   RO         4146    .ARM.Collect$$_printf_percent$$00000002  c_w.l(_printf_p.o)
    0x08000208   0x08000208   0x00000006   Code   RO         4151    .ARM.Collect$$_printf_percent$$00000003  c_w.l(_printf_f.o)
    0x0800020e   0x0800020e   0x00000006   Code   RO         4152    .ARM.Collect$$_printf_percent$$00000004  c_w.l(_printf_e.o)
    0x08000214   0x08000214   0x00000006   Code   RO         4153    .ARM.Collect$$_printf_percent$$00000005  c_w.l(_printf_g.o)
    0x0800021a   0x0800021a   0x00000006   Code   RO         4154    .ARM.Collect$$_printf_percent$$00000006  c_w.l(_printf_a.o)
    0x08000220   0x08000220   0x0000000a   Code   RO         4159    .ARM.Collect$$_printf_percent$$00000007  c_w.l(_printf_ll.o)
    0x0800022a   0x0800022a   0x00000006   Code   RO         4148    .ARM.Collect$$_printf_percent$$00000008  c_w.l(_printf_i.o)
    0x08000230   0x08000230   0x00000006   Code   RO         4149    .ARM.Collect$$_printf_percent$$00000009  c_w.l(_printf_d.o)
    0x08000236   0x08000236   0x00000006   Code   RO         4150    .ARM.Collect$$_printf_percent$$0000000A  c_w.l(_printf_u.o)
    0x0800023c   0x0800023c   0x00000006   Code   RO         4147    .ARM.Collect$$_printf_percent$$0000000B  c_w.l(_printf_o.o)
    0x08000242   0x08000242   0x00000006   Code   RO         4145    .ARM.Collect$$_printf_percent$$0000000C  c_w.l(_printf_x.o)
    0x08000248   0x08000248   0x00000006   Code   RO         4156    .ARM.Collect$$_printf_percent$$0000000D  c_w.l(_printf_lli.o)
    0x0800024e   0x0800024e   0x00000006   Code   RO         4157    .ARM.Collect$$_printf_percent$$0000000E  c_w.l(_printf_lld.o)
    0x08000254   0x08000254   0x00000006   Code   RO         4158    .ARM.Collect$$_printf_percent$$0000000F  c_w.l(_printf_llu.o)
    0x0800025a   0x0800025a   0x00000006   Code   RO         4163    .ARM.Collect$$_printf_percent$$00000010  c_w.l(_printf_llo.o)
    0x08000260   0x08000260   0x00000006   Code   RO         4164    .ARM.Collect$$_printf_percent$$00000011  c_w.l(_printf_llx.o)
    0x08000266   0x08000266   0x0000000a   Code   RO         4160    .ARM.Collect$$_printf_percent$$00000012  c_w.l(_printf_l.o)
    0x08000270   0x08000270   0x00000006   Code   RO         4142    .ARM.Collect$$_printf_percent$$00000013  c_w.l(_printf_c.o)
    0x08000276   0x08000276   0x00000006   Code   RO         4143    .ARM.Collect$$_printf_percent$$00000014  c_w.l(_printf_s.o)
    0x0800027c   0x0800027c   0x00000006   Code   RO         4161    .ARM.Collect$$_printf_percent$$00000015  c_w.l(_printf_lc.o)
    0x08000282   0x08000282   0x00000006   Code   RO         4162    .ARM.Collect$$_printf_percent$$00000016  c_w.l(_printf_ls.o)
    0x08000288   0x08000288   0x00000004   Code   RO         4270    .ARM.Collect$$_printf_percent$$00000017  c_w.l(_printf_percent_end.o)
    0x0800028c   0x0800028c   0x00000002   Code   RO         4332    .ARM.Collect$$libinit$$00000000  c_w.l(libinit.o)
    0x0800028e   0x0800028e   0x00000004   Code   RO         4350    .ARM.Collect$$libinit$$00000001  c_w.l(libinit2.o)
    0x08000292   0x08000292   0x00000000   Code   RO         4353    .ARM.Collect$$libinit$$00000004  c_w.l(libinit2.o)
    0x08000292   0x08000292   0x00000000   Code   RO         4356    .ARM.Collect$$libinit$$0000000A  c_w.l(libinit2.o)
    0x08000292   0x08000292   0x00000000   Code   RO         4358    .ARM.Collect$$libinit$$0000000C  c_w.l(libinit2.o)
    0x08000292   0x08000292   0x00000000   Code   RO         4360    .ARM.Collect$$libinit$$0000000E  c_w.l(libinit2.o)
    0x08000292   0x08000292   0x00000006   Code   RO         4361    .ARM.Collect$$libinit$$0000000F  c_w.l(libinit2.o)
    0x08000298   0x08000298   0x00000000   Code   RO         4363    .ARM.Collect$$libinit$$00000011  c_w.l(libinit2.o)
    0x08000298   0x08000298   0x0000000c   Code   RO         4364    .ARM.Collect$$libinit$$00000012  c_w.l(libinit2.o)
    0x080002a4   0x080002a4   0x00000000   Code   RO         4365    .ARM.Collect$$libinit$$00000013  c_w.l(libinit2.o)
    0x080002a4   0x080002a4   0x00000000   Code   RO         4367    .ARM.Collect$$libinit$$00000015  c_w.l(libinit2.o)
    0x080002a4   0x080002a4   0x0000000a   Code   RO         4368    .ARM.Collect$$libinit$$00000016  c_w.l(libinit2.o)
    0x080002ae   0x080002ae   0x00000000   Code   RO         4369    .ARM.Collect$$libinit$$00000017  c_w.l(libinit2.o)
    0x080002ae   0x080002ae   0x00000000   Code   RO         4371    .ARM.Collect$$libinit$$00000019  c_w.l(libinit2.o)
    0x080002ae   0x080002ae   0x00000000   Code   RO         4373    .ARM.Collect$$libinit$$0000001B  c_w.l(libinit2.o)
    0x080002ae   0x080002ae   0x00000000   Code   RO         4375    .ARM.Collect$$libinit$$0000001D  c_w.l(libinit2.o)
    0x080002ae   0x080002ae   0x00000000   Code   RO         4377    .ARM.Collect$$libinit$$0000001F  c_w.l(libinit2.o)
    0x080002ae   0x080002ae   0x00000000   Code   RO         4379    .ARM.Collect$$libinit$$00000021  c_w.l(libinit2.o)
    0x080002ae   0x080002ae   0x00000000   Code   RO         4381    .ARM.Collect$$libinit$$00000023  c_w.l(libinit2.o)
    0x080002ae   0x080002ae   0x00000000   Code   RO         4383    .ARM.Collect$$libinit$$00000025  c_w.l(libinit2.o)
    0x080002ae   0x080002ae   0x00000000   Code   RO         4387    .ARM.Collect$$libinit$$0000002C  c_w.l(libinit2.o)
    0x080002ae   0x080002ae   0x00000000   Code   RO         4389    .ARM.Collect$$libinit$$0000002E  c_w.l(libinit2.o)
    0x080002ae   0x080002ae   0x00000000   Code   RO         4391    .ARM.Collect$$libinit$$00000030  c_w.l(libinit2.o)
    0x080002ae   0x080002ae   0x00000000   Code   RO         4393    .ARM.Collect$$libinit$$00000032  c_w.l(libinit2.o)
    0x080002ae   0x080002ae   0x00000002   Code   RO         4394    .ARM.Collect$$libinit$$00000033  c_w.l(libinit2.o)
    0x080002b0   0x080002b0   0x00000002   Code   RO         4427    .ARM.Collect$$libshutdown$$00000000  c_w.l(libshutdown.o)
    0x080002b2   0x080002b2   0x00000000   Code   RO         4453    .ARM.Collect$$libshutdown$$00000002  c_w.l(libshutdown2.o)
    0x080002b2   0x080002b2   0x00000000   Code   RO         4455    .ARM.Collect$$libshutdown$$00000004  c_w.l(libshutdown2.o)
    0x080002b2   0x080002b2   0x00000000   Code   RO         4457    .ARM.Collect$$libshutdown$$00000006  c_w.l(libshutdown2.o)
    0x080002b2   0x080002b2   0x00000000   Code   RO         4460    .ARM.Collect$$libshutdown$$00000009  c_w.l(libshutdown2.o)
    0x080002b2   0x080002b2   0x00000000   Code   RO         4463    .ARM.Collect$$libshutdown$$0000000C  c_w.l(libshutdown2.o)
    0x080002b2   0x080002b2   0x00000000   Code   RO         4465    .ARM.Collect$$libshutdown$$0000000E  c_w.l(libshutdown2.o)
    0x080002b2   0x080002b2   0x00000000   Code   RO         4468    .ARM.Collect$$libshutdown$$00000011  c_w.l(libshutdown2.o)
    0x080002b2   0x080002b2   0x00000002   Code   RO         4469    .ARM.Collect$$libshutdown$$00000012  c_w.l(libshutdown2.o)
    0x080002b4   0x080002b4   0x00000000   Code   RO         4065    .ARM.Collect$$rtentry$$00000000  c_w.l(__rtentry.o)
    0x080002b4   0x080002b4   0x00000000   Code   RO         4234    .ARM.Collect$$rtentry$$00000002  c_w.l(__rtentry2.o)
    0x080002b4   0x080002b4   0x00000006   Code   RO         4246    .ARM.Collect$$rtentry$$00000004  c_w.l(__rtentry4.o)
    0x080002ba   0x080002ba   0x00000000   Code   RO         4236    .ARM.Collect$$rtentry$$00000009  c_w.l(__rtentry2.o)
    0x080002ba   0x080002ba   0x00000004   Code   RO         4237    .ARM.Collect$$rtentry$$0000000A  c_w.l(__rtentry2.o)
    0x080002be   0x080002be   0x00000000   Code   RO         4239    .ARM.Collect$$rtentry$$0000000C  c_w.l(__rtentry2.o)
    0x080002be   0x080002be   0x00000008   Code   RO         4240    .ARM.Collect$$rtentry$$0000000D  c_w.l(__rtentry2.o)
    0x080002c6   0x080002c6   0x00000002   Code   RO         4339    .ARM.Collect$$rtexit$$00000000  c_w.l(rtexit.o)
    0x080002c8   0x080002c8   0x00000000   Code   RO         4400    .ARM.Collect$$rtexit$$00000002  c_w.l(rtexit2.o)
    0x080002c8   0x080002c8   0x00000004   Code   RO         4401    .ARM.Collect$$rtexit$$00000003  c_w.l(rtexit2.o)
    0x080002cc   0x080002cc   0x00000006   Code   RO         4402    .ARM.Collect$$rtexit$$00000004  c_w.l(rtexit2.o)
    0x080002d2   0x080002d2   0x00000002   PAD
    0x080002d4   0x080002d4   0x00000040   Code   RO            4    .text               startup_stm32f407xx.o
    0x08000314   0x08000314   0x000000ee   Code   RO         4019    .text               c_w.l(lludivv7m.o)
    0x08000402   0x08000402   0x00000002   PAD
    0x08000404   0x08000404   0x00000034   Code   RO         4021    .text               c_w.l(vsnprintf.o)
    0x08000438   0x08000438   0x00000058   Code   RO         4023    .text               c_w.l(memcmp.o)
    0x08000490   0x08000490   0x00000064   Code   RO         4025    .text               c_w.l(rt_memcpy_w.o)
    0x080004f4   0x080004f4   0x00000044   Code   RO         4027    .text               c_w.l(rt_memclr.o)
    0x08000538   0x08000538   0x0000004e   Code   RO         4029    .text               c_w.l(rt_memclr_w.o)
    0x08000586   0x08000586   0x00000002   PAD
    0x08000588   0x08000588   0x00000080   Code   RO         4031    .text               c_w.l(strcmpv7m.o)
    0x08000608   0x08000608   0x00000006   Code   RO         4033    .text               c_w.l(heapauxi.o)
    0x0800060e   0x0800060e   0x0000004e   Code   RO         4074    .text               c_w.l(_printf_pad.o)
    0x0800065c   0x0800065c   0x00000024   Code   RO         4076    .text               c_w.l(_printf_truncate.o)
    0x08000680   0x08000680   0x00000052   Code   RO         4078    .text               c_w.l(_printf_str.o)
    0x080006d2   0x080006d2   0x00000002   PAD
    0x080006d4   0x080006d4   0x00000078   Code   RO         4080    .text               c_w.l(_printf_dec.o)
    0x0800074c   0x0800074c   0x00000028   Code   RO         4082    .text               c_w.l(_printf_charcount.o)
    0x08000774   0x08000774   0x00000030   Code   RO         4084    .text               c_w.l(_printf_char_common.o)
    0x080007a4   0x080007a4   0x0000000a   Code   RO         4086    .text               c_w.l(_sputc.o)
    0x080007ae   0x080007ae   0x00000010   Code   RO         4088    .text               c_w.l(_snputc.o)
    0x080007be   0x080007be   0x00000002   PAD
    0x080007c0   0x080007c0   0x000000bc   Code   RO         4090    .text               c_w.l(_printf_wctomb.o)
    0x0800087c   0x0800087c   0x0000007c   Code   RO         4093    .text               c_w.l(_printf_longlong_dec.o)
    0x080008f8   0x080008f8   0x00000070   Code   RO         4099    .text               c_w.l(_printf_oct_int_ll.o)
    0x08000968   0x08000968   0x00000094   Code   RO         4119    .text               c_w.l(_printf_hex_int_ll_ptr.o)
    0x080009fc   0x080009fc   0x00000188   Code   RO         4139    .text               c_w.l(__printf_flags_ss_wp.o)
    0x08000b84   0x08000b84   0x0000008a   Code   RO         4255    .text               c_w.l(lludiv10.o)
    0x08000c0e   0x08000c0e   0x000000b2   Code   RO         4257    .text               c_w.l(_printf_intcommon.o)
    0x08000cc0   0x08000cc0   0x0000041e   Code   RO         4259    .text               c_w.l(_printf_fp_dec.o)
    0x080010de   0x080010de   0x00000002   PAD
    0x080010e0   0x080010e0   0x000002fc   Code   RO         4261    .text               c_w.l(_printf_fp_hex.o)
    0x080013dc   0x080013dc   0x0000002c   Code   RO         4266    .text               c_w.l(_printf_char.o)
    0x08001408   0x08001408   0x0000002c   Code   RO         4268    .text               c_w.l(_printf_wchar.o)
    0x08001434   0x08001434   0x00000040   Code   RO         4271    .text               c_w.l(_wcrtomb.o)
    0x08001474   0x08001474   0x00000008   Code   RO         4279    .text               c_w.l(libspace.o)
    0x0800147c   0x0800147c   0x0000004a   Code   RO         4282    .text               c_w.l(sys_stackheap_outer.o)
    0x080014c6   0x080014c6   0x00000002   PAD
    0x080014c8   0x080014c8   0x00000010   Code   RO         4284    .text               c_w.l(rt_ctype_table.o)
    0x080014d8   0x080014d8   0x00000008   Code   RO         4289    .text               c_w.l(rt_locale_intlibspace.o)
    0x080014e0   0x080014e0   0x00000080   Code   RO         4291    .text               c_w.l(_printf_fp_infnan.o)
    0x08001560   0x08001560   0x000000e4   Code   RO         4293    .text               c_w.l(bigflt0.o)
    0x08001644   0x08001644   0x00000012   Code   RO         4321    .text               c_w.l(exit.o)
    0x08001656   0x08001656   0x00000002   PAD
    0x08001658   0x08001658   0x0000000c   Code   RO         4397    .text               c_w.l(sys_exit.o)
    0x08001664   0x08001664   0x00000002   Code   RO         4416    .text               c_w.l(use_no_semi.o)
    0x08001666   0x08001666   0x00000000   Code   RO         4418    .text               c_w.l(indicate_semi.o)
    0x08001666   0x08001666   0x0000003e   Code   RO         4296    CL$$btod_d2e        c_w.l(btod.o)
    0x080016a4   0x080016a4   0x00000046   Code   RO         4298    CL$$btod_d2e_denorm_low  c_w.l(btod.o)
    0x080016ea   0x080016ea   0x00000060   Code   RO         4297    CL$$btod_d2e_norm_op1  c_w.l(btod.o)
    0x0800174a   0x0800174a   0x00000338   Code   RO         4306    CL$$btod_div_common  c_w.l(btod.o)
    0x08001a82   0x08001a82   0x000000dc   Code   RO         4303    CL$$btod_e2e        c_w.l(btod.o)
    0x08001b5e   0x08001b5e   0x0000002a   Code   RO         4300    CL$$btod_ediv       c_w.l(btod.o)
    0x08001b88   0x08001b88   0x0000002a   Code   RO         4299    CL$$btod_emul       c_w.l(btod.o)
    0x08001bb2   0x08001bb2   0x00000244   Code   RO         4305    CL$$btod_mult_common  c_w.l(btod.o)
    0x08001df6   0x08001df6   0x0000006e   Code   RO          664    i.ADC_DMAConvCplt   stm32f4xx_hal_adc.o
    0x08001e64   0x08001e64   0x00000016   Code   RO          665    i.ADC_DMAError      stm32f4xx_hal_adc.o
    0x08001e7a   0x08001e7a   0x0000000a   Code   RO          666    i.ADC_DMAHalfConvCplt  stm32f4xx_hal_adc.o
    0x08001e84   0x08001e84   0x00000128   Code   RO          667    i.ADC_Init          stm32f4xx_hal_adc.o
    0x08001fac   0x08001fac   0x000001e4   Code   RO         3859    i.AUDIO_ADC_ConvCpltCallback  audio_recorder.o
    0x08002190   0x08002190   0x000001e0   Code   RO         3860    i.AUDIO_ADC_ConvHalfCpltCallback  audio_recorder.o
    0x08002370   0x08002370   0x000000f8   Code   RO         3862    i.AUDIO_DAC_ConvCpltCallbackCh1  audio_recorder.o
    0x08002468   0x08002468   0x000000f4   Code   RO         3863    i.AUDIO_DAC_ConvHalfCpltCallbackCh1  audio_recorder.o
    0x0800255c   0x0800255c   0x00000018   Code   RO         3865    i.AUDIO_GetMaxRecordSize  audio_recorder.o
    0x08002574   0x08002574   0x00000046   Code   RO         3866    i.AUDIO_HasValidRecording  audio_recorder.o
    0x080025ba   0x080025ba   0x00000002   PAD
    0x080025bc   0x080025bc   0x00000030   Code   RO         3867    i.AUDIO_Init        audio_recorder.o
    0x080025ec   0x080025ec   0x000001cc   Code   RO         3868    i.AUDIO_Process_Command  audio_recorder.o
    0x080027b8   0x080027b8   0x0000007c   Code   RO         3869    i.AUDIO_ReadRecordInfo  audio_recorder.o
    0x08002834   0x08002834   0x000001e0   Code   RO         3871    i.AUDIO_Start_Playing  audio_recorder.o
    0x08002a14   0x08002a14   0x00000114   Code   RO         3872    i.AUDIO_Start_Recording  audio_recorder.o
    0x08002b28   0x08002b28   0x00000040   Code   RO         3873    i.AUDIO_Stop_ADC_DAC_DMA  audio_recorder.o
    0x08002b68   0x08002b68   0x00000090   Code   RO         3874    i.AUDIO_Stop_Playing  audio_recorder.o
    0x08002bf8   0x08002bf8   0x000001d0   Code   RO         3875    i.AUDIO_Stop_Recording  audio_recorder.o
    0x08002dc8   0x08002dc8   0x000001d8   Code   RO         3876    i.AUDIO_Test_Flash  audio_recorder.o
    0x08002fa0   0x08002fa0   0x00000078   Code   RO         3877    i.AUDIO_WriteRecordInfo  audio_recorder.o
    0x08003018   0x08003018   0x00000002   Code   RO          534    i.BusFault_Handler  stm32f4xx_it.o
    0x0800301a   0x0800301a   0x00000002   PAD
    0x0800301c   0x0800301c   0x00000016   Code   RO         3878    i.Calculate_Checksum  audio_recorder.o
    0x08003032   0x08003032   0x00000010   Code   RO         2092    i.DAC_DMAConvCpltCh1  stm32f4xx_hal_dac.o
    0x08003042   0x08003042   0x00000010   Code   RO         2236    i.DAC_DMAConvCpltCh2  stm32f4xx_hal_dac_ex.o
    0x08003052   0x08003052   0x00000018   Code   RO         2093    i.DAC_DMAErrorCh1   stm32f4xx_hal_dac.o
    0x0800306a   0x0800306a   0x00000018   Code   RO         2237    i.DAC_DMAErrorCh2   stm32f4xx_hal_dac_ex.o
    0x08003082   0x08003082   0x0000000a   Code   RO         2094    i.DAC_DMAHalfConvCpltCh1  stm32f4xx_hal_dac.o
    0x0800308c   0x0800308c   0x0000000a   Code   RO         2238    i.DAC_DMAHalfConvCpltCh2  stm32f4xx_hal_dac_ex.o
    0x08003096   0x08003096   0x00000002   PAD
    0x08003098   0x08003098   0x0000000c   Code   RO          535    i.DMA1_Stream5_IRQHandler  stm32f4xx_it.o
    0x080030a4   0x080030a4   0x0000000c   Code   RO          536    i.DMA2_Stream0_IRQHandler  stm32f4xx_it.o
    0x080030b0   0x080030b0   0x00000028   Code   RO         1401    i.DMA_CalcBaseAndBitshift  stm32f4xx_hal_dma.o
    0x080030d8   0x080030d8   0x00000054   Code   RO         1402    i.DMA_CheckFifoParam  stm32f4xx_hal_dma.o
    0x0800312c   0x0800312c   0x00000028   Code   RO         1403    i.DMA_SetConfig     stm32f4xx_hal_dma.o
    0x08003154   0x08003154   0x00000002   Code   RO          537    i.DebugMon_Handler  stm32f4xx_it.o
    0x08003156   0x08003156   0x00000004   Code   RO          208    i.Error_Handler     main.o
    0x0800315a   0x0800315a   0x00000002   PAD
    0x0800315c   0x0800315c   0x00000050   Code   RO         1216    i.FLASH_Erase_Sector  stm32f4xx_hal_flash_ex.o
    0x080031ac   0x080031ac   0x00000054   Code   RO         1217    i.FLASH_FlushCaches  stm32f4xx_hal_flash_ex.o
    0x08003200   0x08003200   0x00000028   Code   RO         1218    i.FLASH_MassErase   stm32f4xx_hal_flash_ex.o
    0x08003228   0x08003228   0x00000020   Code   RO         1098    i.FLASH_Program_Byte  stm32f4xx_hal_flash.o
    0x08003248   0x08003248   0x0000002c   Code   RO         1099    i.FLASH_Program_DoubleWord  stm32f4xx_hal_flash.o
    0x08003274   0x08003274   0x00000024   Code   RO         1100    i.FLASH_Program_HalfWord  stm32f4xx_hal_flash.o
    0x08003298   0x08003298   0x00000024   Code   RO         1101    i.FLASH_Program_Word  stm32f4xx_hal_flash.o
    0x080032bc   0x080032bc   0x00000068   Code   RO         1102    i.FLASH_SetErrorCode  stm32f4xx_hal_flash.o
    0x08003324   0x08003324   0x00000050   Code   RO         1103    i.FLASH_WaitForLastOperation  stm32f4xx_hal_flash.o
    0x08003374   0x08003374   0x00000078   Code   RO         3879    i.Get_Sector_Address  audio_recorder.o
    0x080033ec   0x080033ec   0x000000a0   Code   RO         3880    i.Get_Sector_From_Address  audio_recorder.o
    0x0800348c   0x0800348c   0x0000002a   Code   RO         3881    i.Get_Sector_Size   audio_recorder.o
    0x080034b6   0x080034b6   0x00000002   PAD
    0x080034b8   0x080034b8   0x0000014c   Code   RO          669    i.HAL_ADC_ConfigChannel  stm32f4xx_hal_adc.o
    0x08003604   0x08003604   0x00000004   Code   RO          209    i.HAL_ADC_ConvCpltCallback  main.o
    0x08003608   0x08003608   0x00000004   Code   RO          210    i.HAL_ADC_ConvHalfCpltCallback  main.o
    0x0800360c   0x0800360c   0x00000002   Code   RO          673    i.HAL_ADC_ErrorCallback  stm32f4xx_hal_adc.o
    0x0800360e   0x0800360e   0x00000054   Code   RO          678    i.HAL_ADC_Init      stm32f4xx_hal_adc.o
    0x08003662   0x08003662   0x00000002   PAD
    0x08003664   0x08003664   0x00000094   Code   RO          331    i.HAL_ADC_MspInit   adc.o
    0x080036f8   0x080036f8   0x00000154   Code   RO          685    i.HAL_ADC_Start_DMA  stm32f4xx_hal_adc.o
    0x0800384c   0x0800384c   0x0000006c   Code   RO          688    i.HAL_ADC_Stop_DMA  stm32f4xx_hal_adc.o
    0x080038b8   0x080038b8   0x00000002   Code   RO         2239    i.HAL_DACEx_ConvCpltCallbackCh2  stm32f4xx_hal_dac_ex.o
    0x080038ba   0x080038ba   0x00000002   Code   RO         2240    i.HAL_DACEx_ConvHalfCpltCallbackCh2  stm32f4xx_hal_dac_ex.o
    0x080038bc   0x080038bc   0x00000002   Code   RO         2246    i.HAL_DACEx_ErrorCallbackCh2  stm32f4xx_hal_dac_ex.o
    0x080038be   0x080038be   0x0000004e   Code   RO         2095    i.HAL_DAC_ConfigChannel  stm32f4xx_hal_dac.o
    0x0800390c   0x0800390c   0x00000004   Code   RO          211    i.HAL_DAC_ConvCpltCallbackCh1  main.o
    0x08003910   0x08003910   0x00000004   Code   RO          212    i.HAL_DAC_ConvHalfCpltCallbackCh1  main.o
    0x08003914   0x08003914   0x00000002   Code   RO         2100    i.HAL_DAC_ErrorCallbackCh1  stm32f4xx_hal_dac.o
    0x08003916   0x08003916   0x00000028   Code   RO         2105    i.HAL_DAC_Init      stm32f4xx_hal_dac.o
    0x0800393e   0x0800393e   0x00000002   PAD
    0x08003940   0x08003940   0x0000009c   Code   RO          373    i.HAL_DAC_MspInit   dac.o
    0x080039dc   0x080039dc   0x00000062   Code   RO         2109    i.HAL_DAC_Start     stm32f4xx_hal_dac.o
    0x08003a3e   0x08003a3e   0x00000002   PAD
    0x08003a40   0x08003a40   0x000000e0   Code   RO         2110    i.HAL_DAC_Start_DMA  stm32f4xx_hal_dac.o
    0x08003b20   0x08003b20   0x00000052   Code   RO         2112    i.HAL_DAC_Stop_DMA  stm32f4xx_hal_dac.o
    0x08003b72   0x08003b72   0x00000092   Code   RO         1404    i.HAL_DMA_Abort     stm32f4xx_hal_dma.o
    0x08003c04   0x08003c04   0x00000024   Code   RO         1405    i.HAL_DMA_Abort_IT  stm32f4xx_hal_dma.o
    0x08003c28   0x08003c28   0x000001a0   Code   RO         1409    i.HAL_DMA_IRQHandler  stm32f4xx_hal_dma.o
    0x08003dc8   0x08003dc8   0x000000d4   Code   RO         1410    i.HAL_DMA_Init      stm32f4xx_hal_dma.o
    0x08003e9c   0x08003e9c   0x0000006e   Code   RO         1414    i.HAL_DMA_Start_IT  stm32f4xx_hal_dma.o
    0x08003f0a   0x08003f0a   0x00000002   PAD
    0x08003f0c   0x08003f0c   0x00000024   Code   RO         1841    i.HAL_Delay         stm32f4xx_hal.o
    0x08003f30   0x08003f30   0x00000098   Code   RO         1219    i.HAL_FLASHEx_Erase  stm32f4xx_hal_flash_ex.o
    0x08003fc8   0x08003fc8   0x00000014   Code   RO         1107    i.HAL_FLASH_Lock    stm32f4xx_hal_flash.o
    0x08003fdc   0x08003fdc   0x0000007c   Code   RO         1112    i.HAL_FLASH_Program  stm32f4xx_hal_flash.o
    0x08004058   0x08004058   0x0000002c   Code   RO         1114    i.HAL_FLASH_Unlock  stm32f4xx_hal_flash.o
    0x08004084   0x08004084   0x000001f0   Code   RO         1297    i.HAL_GPIO_Init     stm32f4xx_hal_gpio.o
    0x08004274   0x08004274   0x0000000c   Code   RO         1847    i.HAL_GetTick       stm32f4xx_hal.o
    0x08004280   0x08004280   0x00000010   Code   RO         1853    i.HAL_IncTick       stm32f4xx_hal.o
    0x08004290   0x08004290   0x00000034   Code   RO         1854    i.HAL_Init          stm32f4xx_hal.o
    0x080042c4   0x080042c4   0x00000040   Code   RO         1855    i.HAL_InitTick      stm32f4xx_hal.o
    0x08004304   0x08004304   0x00000030   Code   RO          640    i.HAL_MspInit       stm32f4xx_hal_msp.o
    0x08004334   0x08004334   0x0000001a   Code   RO         1689    i.HAL_NVIC_EnableIRQ  stm32f4xx_hal_cortex.o
    0x0800434e   0x0800434e   0x00000002   PAD
    0x08004350   0x08004350   0x00000040   Code   RO         1695    i.HAL_NVIC_SetPriority  stm32f4xx_hal_cortex.o
    0x08004390   0x08004390   0x00000024   Code   RO         1696    i.HAL_NVIC_SetPriorityGrouping  stm32f4xx_hal_cortex.o
    0x080043b4   0x080043b4   0x00000134   Code   RO          943    i.HAL_RCC_ClockConfig  stm32f4xx_hal_rcc.o
    0x080044e8   0x080044e8   0x00000020   Code   RO          950    i.HAL_RCC_GetPCLK1Freq  stm32f4xx_hal_rcc.o
    0x08004508   0x08004508   0x00000020   Code   RO          951    i.HAL_RCC_GetPCLK2Freq  stm32f4xx_hal_rcc.o
    0x08004528   0x08004528   0x00000060   Code   RO          952    i.HAL_RCC_GetSysClockFreq  stm32f4xx_hal_rcc.o
    0x08004588   0x08004588   0x0000036c   Code   RO          955    i.HAL_RCC_OscConfig  stm32f4xx_hal_rcc.o
    0x080048f4   0x080048f4   0x00000028   Code   RO         1700    i.HAL_SYSTICK_Config  stm32f4xx_hal_cortex.o
    0x0800491c   0x0800491c   0x00000090   Code   RO         3057    i.HAL_TIMEx_MasterConfigSynchronization  stm32f4xx_hal_tim_ex.o
    0x080049ac   0x080049ac   0x0000005a   Code   RO         2334    i.HAL_TIM_Base_Init  stm32f4xx_hal_tim.o
    0x08004a06   0x08004a06   0x00000002   PAD
    0x08004a08   0x08004a08   0x00000024   Code   RO          439    i.HAL_TIM_Base_MspInit  tim.o
    0x08004a2c   0x08004a2c   0x00000078   Code   RO         2337    i.HAL_TIM_Base_Start  stm32f4xx_hal_tim.o
    0x08004aa4   0x08004aa4   0x000000dc   Code   RO         2343    i.HAL_TIM_ConfigClockSource  stm32f4xx_hal_tim.o
    0x08004b80   0x08004b80   0x00000002   Code   RO         3317    i.HAL_UARTEx_RxEventCallback  stm32f4xx_hal_uart.o
    0x08004b82   0x08004b82   0x00000002   Code   RO         3331    i.HAL_UART_ErrorCallback  stm32f4xx_hal_uart.o
    0x08004b84   0x08004b84   0x00000270   Code   RO         3334    i.HAL_UART_IRQHandler  stm32f4xx_hal_uart.o
    0x08004df4   0x08004df4   0x00000064   Code   RO         3335    i.HAL_UART_Init     stm32f4xx_hal_uart.o
    0x08004e58   0x08004e58   0x0000011c   Code   RO          481    i.HAL_UART_MspInit  usart.o
    0x08004f74   0x08004f74   0x0000001c   Code   RO         3340    i.HAL_UART_Receive_IT  stm32f4xx_hal_uart.o
    0x08004f90   0x08004f90   0x0000005c   Code   RO         3706    i.HAL_UART_RxCpltCallback  my_usart_1.o
    0x08004fec   0x08004fec   0x000000a0   Code   RO         3343    i.HAL_UART_Transmit  stm32f4xx_hal_uart.o
    0x0800508c   0x0800508c   0x00000002   Code   RO         3346    i.HAL_UART_TxCpltCallback  stm32f4xx_hal_uart.o
    0x0800508e   0x0800508e   0x00000002   PAD
    0x08005090   0x08005090   0x00000030   Code   RO           13    i.HMI_Debug_Print   my_hmi.o
    0x080050c0   0x080050c0   0x00000020   Code   RO           16    i.HMI_Send_String   my_hmi.o
    0x080050e0   0x080050e0   0x00000002   Code   RO          538    i.HardFault_Handler  stm32f4xx_it.o
    0x080050e2   0x080050e2   0x00000002   PAD
    0x080050e4   0x080050e4   0x00000064   Code   RO          332    i.MX_ADC1_Init      adc.o
    0x08005148   0x08005148   0x0000003c   Code   RO          374    i.MX_DAC_Init       dac.o
    0x08005184   0x08005184   0x0000004c   Code   RO          414    i.MX_DMA_Init       dma.o
    0x080051d0   0x080051d0   0x0000003c   Code   RO          306    i.MX_GPIO_Init      gpio.o
    0x0800520c   0x0800520c   0x00000068   Code   RO          440    i.MX_TIM2_Init      tim.o
    0x08005274   0x08005274   0x00000038   Code   RO          482    i.MX_USART1_UART_Init  usart.o
    0x080052ac   0x080052ac   0x00000038   Code   RO          483    i.MX_USART2_UART_Init  usart.o
    0x080052e4   0x080052e4   0x00000038   Code   RO          484    i.MX_USART3_UART_Init  usart.o
    0x0800531c   0x0800531c   0x00000002   Code   RO          539    i.MemManage_Handler  stm32f4xx_it.o
    0x0800531e   0x0800531e   0x00000002   Code   RO          540    i.NMI_Handler       stm32f4xx_it.o
    0x08005320   0x08005320   0x00000002   Code   RO          541    i.PendSV_Handler    stm32f4xx_it.o
    0x08005322   0x08005322   0x00000002   Code   RO          542    i.SVC_Handler       stm32f4xx_it.o
    0x08005324   0x08005324   0x00000004   Code   RO          543    i.SysTick_Handler   stm32f4xx_it.o
    0x08005328   0x08005328   0x00000090   Code   RO          213    i.SystemClock_Config  main.o
    0x080053b8   0x080053b8   0x00000010   Code   RO         3669    i.SystemInit        system_stm32f4xx.o
    0x080053c8   0x080053c8   0x000000d8   Code   RO         2427    i.TIM_Base_SetConfig  stm32f4xx_hal_tim.o
    0x080054a0   0x080054a0   0x00000014   Code   RO         2438    i.TIM_ETR_SetConfig  stm32f4xx_hal_tim.o
    0x080054b4   0x080054b4   0x00000010   Code   RO         2439    i.TIM_ITRx_SetConfig  stm32f4xx_hal_tim.o
    0x080054c4   0x080054c4   0x00000022   Code   RO         2445    i.TIM_TI1_ConfigInputStage  stm32f4xx_hal_tim.o
    0x080054e6   0x080054e6   0x00000024   Code   RO         2447    i.TIM_TI2_ConfigInputStage  stm32f4xx_hal_tim.o
    0x0800550a   0x0800550a   0x00000010   Code   RO         3348    i.UART_DMAAbortOnError  stm32f4xx_hal_uart.o
    0x0800551a   0x0800551a   0x0000004e   Code   RO         3358    i.UART_EndRxTransfer  stm32f4xx_hal_uart.o
    0x08005568   0x08005568   0x000000c2   Code   RO         3360    i.UART_Receive_IT   stm32f4xx_hal_uart.o
    0x0800562a   0x0800562a   0x00000002   PAD
    0x0800562c   0x0800562c   0x0000010c   Code   RO         3361    i.UART_SetConfig    stm32f4xx_hal_uart.o
    0x08005738   0x08005738   0x00000036   Code   RO         3363    i.UART_Start_Receive_IT  stm32f4xx_hal_uart.o
    0x0800576e   0x0800576e   0x00000072   Code   RO         3364    i.UART_WaitOnFlagUntilTimeout  stm32f4xx_hal_uart.o
    0x080057e0   0x080057e0   0x0000000c   Code   RO          544    i.USART1_IRQHandler  stm32f4xx_it.o
    0x080057ec   0x080057ec   0x0000000c   Code   RO          545    i.USART2_IRQHandler  stm32f4xx_it.o
    0x080057f8   0x080057f8   0x0000000c   Code   RO          546    i.USART3_IRQHandler  stm32f4xx_it.o
    0x08005804   0x08005804   0x00000002   Code   RO          547    i.UsageFault_Handler  stm32f4xx_it.o
    0x08005806   0x08005806   0x0000002e   Code   RO         3753    i.ZuoLan_FLASH_EraseSector  zuolan_inside_flash.o
    0x08005834   0x08005834   0x00000018   Code   RO         3757    i.ZuoLan_FLASH_Init  zuolan_inside_flash.o
    0x0800584c   0x0800584c   0x00000054   Code   RO         3758    i.ZuoLan_FLASH_ReadBytes  zuolan_inside_flash.o
    0x080058a0   0x080058a0   0x0000017e   Code   RO         3762    i.ZuoLan_FLASH_WriteBytes  zuolan_inside_flash.o
    0x08005a1e   0x08005a1e   0x00000030   Code   RO         4216    i.__ARM_fpclassify  m_wm.l(fpclassify.o)
    0x08005a4e   0x08005a4e   0x00000020   Code   RO         1702    i.__NVIC_SetPriority  stm32f4xx_hal_cortex.o
    0x08005a6e   0x08005a6e   0x0000000e   Code   RO         4132    i._is_digit         c_w.l(__printf_wp.o)
    0x08005a7c   0x08005a7c   0x00000170   Code   RO          214    i.main              main.o
    0x08005bec   0x08005bec   0x00000032   Code   RO         3707    i.my_printf         my_usart_1.o
    0x08005c1e   0x08005c1e   0x00000002   PAD
    0x08005c20   0x08005c20   0x0000002c   Code   RO         4319    locale$$code        c_w.l(lc_numeric_c.o)
    0x08005c4c   0x08005c4c   0x0000002c   Code   RO         4344    locale$$code        c_w.l(lc_ctype_c.o)
    0x08005c78   0x08005c78   0x0000000c   Code   RO         4179    x$fpl$dretinf       fz_wm.l(dretinf.o)
    0x08005c84   0x08005c84   0x00000056   Code   RO         4049    x$fpl$f2d           fz_wm.l(f2d.o)
    0x08005cda   0x08005cda   0x0000008c   Code   RO         4183    x$fpl$fnaninf       fz_wm.l(fnaninf.o)
    0x08005d66   0x08005d66   0x0000000a   Code   RO         4412    x$fpl$fpinit        fz_wm.l(fpinit.o)
    0x08005d70   0x08005d70   0x00000004   Code   RO         4185    x$fpl$printf1       fz_wm.l(printf1.o)
    0x08005d74   0x08005d74   0x00000004   Code   RO         4187    x$fpl$printf2       fz_wm.l(printf2.o)
    0x08005d78   0x08005d78   0x00000000   Code   RO         4195    x$fpl$usenofp       fz_wm.l(usenofp.o)
    0x08005d78   0x08005d78   0x00000008   Data   RO         1416    .constdata          stm32f4xx_hal_dma.o
    0x08005d80   0x08005d80   0x00000010   Data   RO         3670    .constdata          system_stm32f4xx.o
    0x08005d90   0x08005d90   0x00000008   Data   RO         3671    .constdata          system_stm32f4xx.o
    0x08005d98   0x08005d98   0x00000008   Data   RO         4091    .constdata          c_w.l(_printf_wctomb.o)
    0x08005da0   0x08005da0   0x00000028   Data   RO         4120    .constdata          c_w.l(_printf_hex_int_ll_ptr.o)
    0x08005dc8   0x08005dc8   0x00000011   Data   RO         4140    .constdata          c_w.l(__printf_flags_ss_wp.o)
    0x08005dd9   0x08005dd9   0x00000026   Data   RO         4262    .constdata          c_w.l(_printf_fp_hex.o)
    0x08005dff   0x08005dff   0x00000001   PAD
    0x08005e00   0x08005e00   0x00000094   Data   RO         4294    .constdata          c_w.l(bigflt0.o)
    0x08005e94   0x08005e94   0x00000020   Data   RO         4470    Region$$Table       anon$$obj.o
    0x08005eb4   0x08005eb4   0x0000001c   Data   RO         4318    locale$$data        c_w.l(lc_numeric_c.o)
    0x08005ed0   0x08005ed0   0x00000110   Data   RO         4343    locale$$data        c_w.l(lc_ctype_c.o)


    Execution Region RW_IRAM1 (Exec base: 0x20000000, Load base: 0x08005fe0, Size: 0x00001198, Max: 0x0001c000, ABSOLUTE)

    Exec Addr    Load Addr    Size         Type   Attr      Idx    E Section Name        Object

    0x20000000   0x08005fe0   0x0000000c   Data   RW         1861    .data               stm32f4xx_hal.o
    0x2000000c   0x08005fec   0x00000004   Data   RW         3672    .data               system_stm32f4xx.o
    0x20000010   0x08005ff0   0x00000004   Data   RW         3715    .data               my_usart_1.o
    0x20000014   0x08005ff4   0x00000030   Data   RW         3883    .data               audio_recorder.o
    0x20000044        -       0x000000a8   Zero   RW          333    .bss                adc.o
    0x200000ec        -       0x00000074   Zero   RW          375    .bss                dac.o
    0x20000160        -       0x00000048   Zero   RW          441    .bss                tim.o
    0x200001a8        -       0x000000d8   Zero   RW          485    .bss                usart.o
    0x20000280        -       0x00000020   Zero   RW         1115    .bss                stm32f4xx_hal_flash.o
    0x200002a0        -       0x00000080   Zero   RW         3710    .bss                my_usart_1.o
    0x20000320        -       0x00000818   Zero   RW         3882    .bss                audio_recorder.o
    0x20000b38        -       0x00000060   Zero   RW         4280    .bss                c_w.l(libspace.o)
    0x20000b98        -       0x00000200   Zero   RW            2    HEAP                startup_stm32f407xx.o
    0x20000d98        -       0x00000400   Zero   RW            1    STACK               startup_stm32f407xx.o


    Execution Region RW_IRAM2 (Exec base: 0x2001c000, Load base: 0x08006024, Size: 0x00000000, Max: 0x00004000, ABSOLUTE)

    **** No section assigned to this execution region ****


==============================================================================

Image component sizes


      Code (inc. data)   RO Data    RW Data    ZI Data      Debug   Object Name

       248         30          0          0        168       1767   adc.o
      4546       1796          0         48       2072      18914   audio_recorder.o
       216         30          0          0        116       1741   dac.o
        76          4          0          0          0        814   dma.o
        60          6          0          0          0        831   gpio.o
       532        204          0          0          0       4414   main.o
        80         34          0          0          0     718384   my_hmi.o
       142         16          0          4        128       2436   my_usart_1.o
        64         26        392          0       1536        840   startup_stm32f407xx.o
       180         28          0         12          0       9389   stm32f4xx_hal.o
      1304         66          0          0          0       7094   stm32f4xx_hal_adc.o
       198         14          0          0          0      33807   stm32f4xx_hal_cortex.o
       574         24          0          0          0       7033   stm32f4xx_hal_dac.o
        56          0          0          0          0       3921   stm32f4xx_hal_dac_ex.o
      1084         16          8          0          0       7330   stm32f4xx_hal_dma.o
       520         66          0          0         32       6566   stm32f4xx_hal_flash.o
       356         24          0          0          0       3990   stm32f4xx_hal_flash_ex.o
       496         46          0          0          0       1532   stm32f4xx_hal_gpio.o
        48          6          0          0          0        854   stm32f4xx_hal_msp.o
      1344         72          0          0          0       5228   stm32f4xx_hal_rcc.o
       752         76          0          0          0       7028   stm32f4xx_hal_tim.o
       144         28          0          0          0       1372   stm32f4xx_hal_tim_ex.o
      1642         16          0          0          0      11396   stm32f4xx_hal_uart.o
        80         30          0          0          0       6502   stm32f4xx_it.o
        16          4         24          4          0       1123   system_stm32f4xx.o
       140         12          0          0         72       1650   tim.o
       452         50          0          0        216       3144   usart.o
       536          4          0          0          0       4322   zuolan_inside_flash.o

    ----------------------------------------------------------------------
     15916       2728        456         68       4340     873422   Object Totals
         0          0         32          0          0          0   (incl. Generated)
        30          0          0          0          0          0   (incl. Padding)

    ----------------------------------------------------------------------

      Code (inc. data)   RO Data    RW Data    ZI Data      Debug   Library Member Name

         8          0          0          0          0         68   __main.o
       392          4         17          0          0         92   __printf_flags_ss_wp.o
        14          0          0          0          0         68   __printf_wp.o
         0          0          0          0          0          0   __rtentry.o
        12          0          0          0          0          0   __rtentry2.o
         6          0          0          0          0          0   __rtentry4.o
        52          8          0          0          0          0   __scatter.o
        26          0          0          0          0          0   __scatter_copy.o
        28          0          0          0          0          0   __scatter_zi.o
         6          0          0          0          0          0   _printf_a.o
         6          0          0          0          0          0   _printf_c.o
        44          0          0          0          0        108   _printf_char.o
        48          6          0          0          0         96   _printf_char_common.o
        40          0          0          0          0         68   _printf_charcount.o
         6          0          0          0          0          0   _printf_d.o
       120         16          0          0          0         92   _printf_dec.o
         6          0          0          0          0          0   _printf_e.o
         6          0          0          0          0          0   _printf_f.o
      1054          0          0          0          0        216   _printf_fp_dec.o
       764          8         38          0          0        100   _printf_fp_hex.o
       128         16          0          0          0         84   _printf_fp_infnan.o
         6          0          0          0          0          0   _printf_g.o
       148          4         40          0          0        160   _printf_hex_int_ll_ptr.o
         6          0          0          0          0          0   _printf_i.o
       178          0          0          0          0         88   _printf_intcommon.o
        10          0          0          0          0          0   _printf_l.o
         6          0          0          0          0          0   _printf_lc.o
        10          0          0          0          0          0   _printf_ll.o
         6          0          0          0          0          0   _printf_lld.o
         6          0          0          0          0          0   _printf_lli.o
         6          0          0          0          0          0   _printf_llo.o
         6          0          0          0          0          0   _printf_llu.o
         6          0          0          0          0          0   _printf_llx.o
       124         16          0          0          0         92   _printf_longlong_dec.o
         6          0          0          0          0          0   _printf_ls.o
         6          0          0          0          0          0   _printf_n.o
         6          0          0          0          0          0   _printf_o.o
       112         10          0          0          0        124   _printf_oct_int_ll.o
         6          0          0          0          0          0   _printf_p.o
        78          0          0          0          0        108   _printf_pad.o
         0          0          0          0          0          0   _printf_percent.o
         4          0          0          0          0          0   _printf_percent_end.o
         6          0          0          0          0          0   _printf_s.o
        82          0          0          0          0         80   _printf_str.o
        36          0          0          0          0         84   _printf_truncate.o
         6          0          0          0          0          0   _printf_u.o
        44          0          0          0          0        108   _printf_wchar.o
       188          6          8          0          0         92   _printf_wctomb.o
         6          0          0          0          0          0   _printf_x.o
        16          0          0          0          0         68   _snputc.o
        10          0          0          0          0         68   _sputc.o
        64          0          0          0          0         92   _wcrtomb.o
       228          4        148          0          0         96   bigflt0.o
      1936        128          0          0          0        672   btod.o
        18          0          0          0          0         80   exit.o
         6          0          0          0          0        152   heapauxi.o
         0          0          0          0          0          0   indicate_semi.o
        44         10        272          0          0         76   lc_ctype_c.o
        44         10         28          0          0         76   lc_numeric_c.o
         2          0          0          0          0          0   libinit.o
        34          0          0          0          0          0   libinit2.o
         2          0          0          0          0          0   libshutdown.o
         2          0          0          0          0          0   libshutdown2.o
         8          4          0          0         96         68   libspace.o
       138          0          0          0          0         80   lludiv10.o
       238          0          0          0          0        100   lludivv7m.o
        88          0          0          0          0         76   memcmp.o
        16          4          0          0          0         76   rt_ctype_table.o
         8          4          0          0          0         68   rt_locale_intlibspace.o
        68          0          0          0          0         68   rt_memclr.o
        78          0          0          0          0         80   rt_memclr_w.o
       100          0          0          0          0         80   rt_memcpy_w.o
         2          0          0          0          0          0   rtexit.o
        10          0          0          0          0          0   rtexit2.o
       128          0          0          0          0         68   strcmpv7m.o
        12          4          0          0          0         68   sys_exit.o
        74          0          0          0          0         80   sys_stackheap_outer.o
         2          0          0          0          0         68   use_no_semi.o
        52          4          0          0          0         80   vsnprintf.o
        12          0          0          0          0        116   dretinf.o
        86          4          0          0          0        132   f2d.o
       140          4          0          0          0        132   fnaninf.o
        10          0          0          0          0        116   fpinit.o
         4          0          0          0          0        116   printf1.o
         4          0          0          0          0        116   printf2.o
         0          0          0          0          0          0   usenofp.o
        48          0          0          0          0        124   fpclassify.o

    ----------------------------------------------------------------------
      7620        274        552          0         96       5220   Library Totals
        18          0          1          0          0          0   (incl. Padding)

    ----------------------------------------------------------------------

      Code (inc. data)   RO Data    RW Data    ZI Data      Debug   Library Name

      7298        266        551          0         96       4368   c_w.l
       256          8          0          0          0        728   fz_wm.l
        48          0          0          0          0        124   m_wm.l

    ----------------------------------------------------------------------
      7620        274        552          0         96       5220   Library Totals

    ----------------------------------------------------------------------

==============================================================================


      Code (inc. data)   RO Data    RW Data    ZI Data      Debug   

     23536       3002       1008         68       4436     861750   Grand Totals
     23536       3002       1008         68       4436     861750   ELF Image Totals
     23536       3002       1008         68          0          0   ROM Totals

==============================================================================

    Total RO  Size (Code + RO Data)                24544 (  23.97kB)
    Total RW  Size (RW Data + ZI Data)              4504 (   4.40kB)
    Total ROM Size (Code + RO Data + RW Data)      24612 (  24.04kB)

==============================================================================

