656
620
586
554
524
491
460
418
12
4
8
8
5
15
17
20
25
35
44
57
64
688
726
761
794
837
871
920
950
984
1026
1061
1103
1140
2055
2083
2114
2142
2167
2195
2221
2247
2270
2287
2316
2334
2474
2459
2449
2435
2424
2405
2392
2376
2352
2339
2317
1540
1498
1461
1420
1382
1342
1305
1263
1223
1185
1145
1106
266
260
237
195
187
166
151
132
115
101
87
73
62
170
185
207
231
250
273
298
327
349
379
400
437
464
1380
1422
1456
1497
1533
1575
1611
2349
2365
2384
2399
2413
2433
2440
2450
2465
2471
2476
2488
2490
2249
2227
2202
2173
2152
2117
2094
2059
2024
1997
1965
1934
991
950
916
874
839
806
765
735
696
659
627
590
558
37
27
24
20
14
13
12
13
15
20
23
496
527
560
590
624
660
692
731
765
799
839
872
914
1865
1898
1933
1965
2001
2028
2058
2091
2119
2146
2176
2196
2227
2510
2501
2498
2492
2487
2477
2465
2453
2441
2426
2411
1724
1686
1647
1614
1572
1530
1497
1458
1419
1379
1341
1301
405
377
352
325
298
275
253
229
206
187
52
60
80
86
96
114
126
145
163
180
203
223
246
1072
1105
1147
1186
1220
1265
1301
1343
1379
1422
1457
1498
1535
2319
2341
2358
2371
2392
2418
2421
2437
2453
2463
2475
2483
2315
2295
2275
2246
2226
2197
2171
2142
2120
1221
1180
1142
1102
1063
1025
986
947
912
872
837
800
114
103
84
73
65
52
44
36
28
24
20
16
14
353
380
408
438
467
499
530
563
596
624
659
697
728
1688
1726
1762
1796
1835
1866
1902
1935
2484
2494
2498
2502
2511
2513
2514
2516
2513
2511
2508
2503
2499
1994
1961
1928
1894
1865
1829
1793
1753
1719
1681
1644
1607
1566
619
581
552
519
488
458
429
397
371
349
321
297
272
27
25
35
43
54
62
76
89
100
116
133
150
880
912
953
992
1028
1068
1109
1149
1186
1227
2124
2148
2176
2206
2232
2256
2278
2302
2324
2345
2360
2461
2450
2436
2420
2409
2391
2371
2353
2336
2315
2296
2269
2246
1409
1369
1330
1292
1253
1213
1172
1135
1097
1060
1014
983
937
182
158
145
126
113
96
82
70
56
164
185
206
226
256
274
299
325
346
380
405
431
463
1378
1418
1456
1497
1534
1573
1608
1647
1687
1723
1759
2415
2430
2443
2453
2465
2473
2478
2489
2490
2497
2501
2500
2503
2141
2116
2085
2054
2024
1995
1963
1928
1896
944
907
875
833
794
765
726
693
656
621
588
552
525
30
22
18
19
13
12
14
19
19
25
29
37
45
595
626
661
698
731
770
807
843
882
922
955
1934
1937
1966
2004
2034
2064
2096
2122
2151
2178
2206
2230
2253
2502
2498
2491
2482
2472
2460
2450
2437
2424
2405
2394
2374
1643
1605
1568
1528
1493
1447
1415
1374
1332
1299
1256
1215
1179
319
299
271
248
224
204
183
164
148
126
114
99
84
128
146
169
183
203
225
251
274
296
325
351
1227
1272
1310
1346
1387
1427
1463
1502
2298
2323
2352
2362
2382
2394
2429
2430
2440
2454
2467
2474
2486
2317
2294
2274
2245
2220
2198
2169
2141
2112
2084
2058
2014
1990
1062
1020
982
942
905
867
835
793
762
725
689
658
617
49
43
34
22
22
18
16
15
11
16
413
446
474
502
534
570
597
633
665
699
732
773
805
1766
1802
1840
1874
1908
1939
1970
2005
2033
2064
2096
2120
2154
2516
2512
2509
2506
2500
2494
2489
2484
2472
2462
2450
2440
2421
1750
1711
1678
1641
1599
1563
1518
1482
1437
1405
483
453
425
395
365
346
317
294
270
244
225
37
45
57
65
80
89
104
118
135
156
171
191
213
998
1038
1077
1114
1160
1195
1234
1271
1313
1349
1388
1430
1469
2279
2305
2322
2343
2364
2383
2401
2414
2432
2441
2455
2468
2478
2336
2315
2291
2270
2246
2226
2195
2168
2142
1254
1215
1173
1138
1093
1058
1019
980
943
904
866
144
129
111
100
85
74
60
50
47
34
26
24
21
307
332
358
385
414
443
474
458
534
559
598
636
667
1621
1656
1694
1730
1768
1802
1833
1872
1907
1939
1967
2480
2487
2494
2496
2499
2501
2502
2497
2499
2497
2487
2486
2479
1953
1917
1882
1852
1812
1778
1743
1708
1666
1634
1600
644
611
578
545
512
482
452
422
394
363
341
314
285
13
16
23
32
40
48
60
70
86
97
777
814
851
885
919
964
998
1038
1077
1115
1153
1194
1234
2128
2156
2182
2210
2234
2260
2279
2304
2324
2344
2370
2382
2400
2434
2419
2405
2390
2370
2353
2332
2314
2289
2268
2245
1411
1367
1333
1289
1250
1208
1175
1131
1096
1058
1015
980
939
176
164
145
126
108
98
84
69
60
166
192
209
229
256
277
304
329
353
385
414
438
471
1390
1432
1467
1507
1547
1583
1623
1662
1700
1735
1770
1805
1838
2456
2471
2473
2488
2492
2499
2506
2507
2513
2512
2514
2512
2508
2084
2052
2020
1986
1959
1924
1892
1854
901
864
826
790
757
719
683
650
614
580
548
497
487
28
18
16
15
14
12
21
20
25
32
40
45
57
635
671
704
741
777
811
850
886
925
964
1002
1040
1085
2008
2039
2074
2100
2128
2156
2181
2213
2233
2504
2501
2492
2490
2481
2469
2460
2451
2431
2422
2406
1702
1673
1634
1596
1558
1514
1472
1436
1395
1358
1320
1280
1240
362
333
314
289
268
240
222
199
180
160
145
125
112
105
122
138
158
176
195
218
239
260
288
307
339
363
1237
1275
1315
1355
1393
