126
125
123
120
117
115
112
109
107
104
101
99
96
93
91
88
85
83
80
77
75
72
69
67
64
62
59
56
54
51
49
46
44
42
39
37
35
33
31
29
26
25
23
21
19
17
16
15
13
11
10
9
8
7
6
5
4
3
2
2
1
1
0
0
0
0
0
0
0
0
0
1
1
2
2
3
4
4
6
7
8
9
10
11
13
14
16
17
19
21
23
24
26
28
30
32
34
36
39
41
44
46
48
51
53
56
58
61
63
66
69
71
74
76
79
82
85
87
90
93
95
98
100
103
106
108
111
113
116
118
121
123
125
128
130
132
134
137
139
141
143
145
147
149
150
151
153
154
156
157
159
160
161
162
163
164
165
166
167
168
168
167
167
166
166
166
166
166
165
165
165
164
164
164
163
162
161
161
160
159
158
156
155
154
153
151
150
148
146
145
143
141
140
137
137
135
134
132
130
128
126
123
121
119
116
114
111
109
106
103
101
98
95
93
90
87
85
82
79
77
74
71
69
66
64
61
58
56
54
51
49
46
44
41
39
37
35
32
31
28
27
24
23
21
19
17
16
14
13
12
10
9
8
7
6
5
4
3
2
2
1
1
0
0
0
0
0
0
0
0
0
0
1
2
2
3
4
4
6
7
8
9
10
11
13
14
16
17
19
21
23
24
26
28
30
32
35
36
39
41
43
46
48
50
53
55
58
61
63
66
68
71
74
76
79
82
84
87
90
92
95
97
100
103
105
108
110
113
116
118
121
123
125
128
130
132
135
137
139
141
143
145
146
148
150
152
153
155
156
158
159
160
161
163
164
165
166
166
167
168
168
169
169
169
170
170
170
170
169
169
169
169
168
168
167
167
166
165
164
163
162
161
159
158
157
155
154
152
150
149
147
145
143
141
139
137
135
133
130
128
126
123
121
119
116
114
111
109
106
103
101
98
95
93
90
87
85
82
79
77
74
72
69
66
64
61
59
56
53
51
48
46
44
41
39
37
35
33
30
29
26
25
23
21
19
18
16
15
13
12
10
9
8
7
6
5
4
3
2
2
1
1
0
0
0
0
0
0
0
0
0
0
1
2
2
3
4
5
6
6
8
9
10
11
13
14
16
17
19
21
22
24
26
28
30
32
34
36
38
40
42
45
47
50
52
54
57
59
62
64
67
69
19
21
23
25
26
28
30
32
34
36
38
40
42
45
47
49
52
54
56
59
62
64
67
69
72
74
77
80
82
85
87
90
92
95
98
100
103
105
108
111
114
118
120
123
125
128
130
132
134
137
139
141
143
145
147
148
150
152
153
155
156
158
159
160
161
162
163
165
165
166
167
168
168
169
169
169
170
170
170
170
170
169
169
169
168
168
167
167
166
165
164
163
162
161
159
158
157
155
154
152
150
149
147
145
143
141
139
137
134
133
130
128
126
123
121
119
116
114
111
109
106
103
101
98
95
93
90
87
85
82
80
77
74
72
69
66
64
61
58
56
53
51
48
46
44
41
39
37
35
33
30
29
27
25
23
21
19
17
16
14
13
12
10
9
8
7
6
5
4
3
2
2
1
1
0
0
0
0
0
0
0
0
0
0
1
2
2
3
4
5
6
6
8
9
10
11
13
14
16
17
19
21
23
24
26
28
30
32
34
37
39
41
43
46
48
51
53
55
58
61
63
66
68
71
74
76
79
82
84
87
90
92
95
98
100
103
106
108
111
113
116
118
121
123
126
128
130
133
135
137
139
141
143
145
147
148
150
152
154
155
157
158
159
161
162
163
164
165
165
167
167
168
169
169
169
169
170
170
170
170
170
170
169
169
168
168
167
166
166
165
164
163
162
161
159
158
157
155
154
152
150
149
147
145
143
141
139
137
135
133
130
128
125
123
121
119
116
113
111
109
106
103
101
98
95
93
90
88
85
82
79
76
74
71
69
66
64
61
58
55
53
50
47
45
43
40
38
36
34
32
30
28
26
24
22
20
19
17
15
14
12
11
10
9
8
6
5
4
4
3
2
2
1
1
0
0
0
0
0
0
0
0
0
1
1
2
2
3
4
5
5
6
8
8
10
11
13
14
16
17
19
21
23
24
26
28
30
32
35
37
39
41
43
46
48
51
53
56
58
61
63
66
69
71
74
76
79
82
85
87
90
93
95
98
101
103
106
108
111
113
116
118
121
123
125
128
130
132
135
137
139
141
143
145
146
148
150
151
153
155
156
158
159
160
162
163
164
165
166
166
167
168
168
169
169
170
170
170
170
170
169
169
169
168
168
168
167
166
166
165
164
163
162
161
160
158
157
155
153
152
150
149
147
145
143
141
139
137
135
133
130
128
